09-20 11:45:05.690  2565  2928 W system_server: resources.arsc in APK '/data/theme/com.razerzone.theme.domin8-1/cmp/overlays/com.teslacoilsw.launcher.gg' is compressed.
09-20 11:45:05.700  2565  2583 W libprocessgroup: kill(-10341, 9) failed: No such process
09-20 11:45:05.700  2565  2583 I libprocessgroup: Successfully killed process cgroup uid 10052 pid 10341 in 110ms
09-20 11:45:05.700  2565  2583 W libprocessgroup: kill(-29111, 9) failed: No such process
09-20 11:45:05.700  2565  2583 I libprocessgroup: Successfully killed process cgroup uid 10052 pid 29111 in 0ms
09-20 11:45:05.702 20595 20595 D UE4     : [GameActivity] onPause: stop memory reporter runnable
09-20 11:45:05.702 20595 20595 D UE4     : [GameActivity] Unregistering sensor listeners
09-20 11:45:05.703   669  1188 I sensors-hal: batch:140, android.sensor.accelerometer/13, period=66667000, max_latency=100000000
09-20 11:45:05.705   669  1188 I sensors-hal: batch:149, android.sensor.accelerometer/13, period=66667000, max_latency=100000000 request completed
09-20 11:45:05.706   669  1188 I sensors-hal: activate:107, android.sensor.magnetic_field/27 en=0
09-20 11:45:05.707   669  1188 I sensors-hal: activate:118, android.sensor.magnetic_field/27 en=0 completed
09-20 11:45:05.708   669  1188 I sensors-hal: activate:107, android.sensor.gyroscope/31 en=0
09-20 11:45:05.711   669  1188 I sensors-hal: activate:118, android.sensor.gyroscope/31 en=0 completed
09-20 11:45:05.711 20595 20618 D UE4     : Case APP_CMD_PAUSE
09-20 11:45:05.711 20595 20595 D UE4     : [GameActivity] ==============> GameActive.onPause complete!
09-20 11:45:05.712 20595 20618 D UE4     : [2020.09.20-03.45.05:711][618]LogAndroid: Case APP_CMD_PAUSE
09-20 11:45:05.712 20595 20618 D UE4     : LogAndroidEvents::EnqueueAppEvent : 6, [width=-1, height=-1], tid = 20618, APP_EVENT_STATE_ON_PAUSE
09-20 11:45:05.712 20595 20618 D UE4     : [2020.09.20-03.45.05:712][618]LogAndroid: event thread, suspending app, acquiring HW window lock.
09-20 11:45:05.712 20595 20618 D UE4     : LogAndroidEvents::EnqueueAppEvent : 15, [width=-1, height=-1], tid = 20618, APP_EVENT_RUN_CALLBACK
09-20 11:45:05.712 20595 20618 D UE4     : [2020.09.20-03.45.05:712][618]LogAndroid: AndroidEGL::  SuspendApp_EventThread, waiting for event manager to process. tid: 20618
09-20 11:45:05.726   696   753 E SurfaceFlinger: size mismatch (2560, 1440) > (1440, 2560)
09-20 11:45:05.727 20595 20617 D UE4     : [2020.09.20-03.45.05:727][618]LogAndroidEvents: Display: LogAndroidEvents::DequeueAppEvent : 6, [width=-1, height=-1], APP_EVENT_STATE_ON_PAUSE
09-20 11:45:05.727 20595 20617 D UE4     : FAppEventManager::Tick processing, 6
09-20 11:45:05.727 20595 20617 D UE4     : [2020.09.20-03.45.05:727][618]LogAndroidEvents: Display: LogAndroidEvents::DequeueAppEvent : 15, [width=-1, height=-1], APP_EVENT_RUN_CALLBACK
09-20 11:45:05.727 20595 20617 D UE4     : FAppEventManager::Tick processing, 15
09-20 11:45:05.727 20595 20617 D UE4     : [2020.09.20-03.45.05:727][618]LogAndroidEvents: Display: Event thread callback running.
09-20 11:45:05.728 20595 20617 D UE4     : [2020.09.20-03.45.05:728][618]LogAndroid: performing app backgrounding callback. 0xb85bcc40
09-20 11:45:05.731   696   696 I ConfigStore: android::hardware::configstore::V1_0::ISurfaceFlingerConfigs::hasHDRDisplay retrieved: 1
09-20 11:45:05.731   696   696 I chatty  : uid=1000(system) /system/bin/surfaceflinger identical 1 line
09-20 11:45:05.731   696   696 I ConfigStore: android::hardware::configstore::V1_0::ISurfaceFlingerConfigs::hasHDRDisplay retrieved: 1
09-20 11:45:05.740  2565  2928 I ActivityManager: Config changes=20000480 {1.0 454mcc6mnc [zh_HK] ldltr sw480dp w480dp h781dp 480dpi lrg long hdr widecg port finger -keyb/v/h -nav/h winConfig={ mBounds=Rect(0, 0 - 1440, 2560) mAppBounds=Rect(0, 0 - 1440, 2416) mWindowingMode=fullscreen mActivityType=undefined} s.14}
09-20 11:45:05.750 20595 21200 D UE4     : *** JavaEnvDestructor: 21200
09-20 11:45:05.753  2565  2928 I ActivityManager: Override config changes=20000480 {1.0 454mcc6mnc [zh_HK] ldltr sw480dp w480dp h781dp 480dpi lrg long hdr widecg port finger -keyb/v/h -nav/h winConfig={ mBounds=Rect(0, 0 - 1440, 2560) mAppBounds=Rect(0, 0 - 1440, 2416) mWindowingMode=fullscreen mActivityType=undefined} s.14} for displayId=0
09-20 11:45:05.763  2565  2928 W InputDispatcher: Excessive delay in interceptKeyBeforeDispatching; took 79 ms
09-20 11:45:05.766  2565  2952 V AudioService.RotationHelper: publishing device rotation =0 (x90deg)
09-20 11:45:05.768   653  4743 D audio_hw_primary: adev_set_parameters: enter: rotation=0
09-20 11:45:05.768  2271  2271 E ANDR-IOP: UXEngine PHAL: Received back-to-home. Cmd: 4
09-20 11:45:05.770   653  4743 E msm8974_platform: platform_set_swap_mixer: Could not set reverse cotrol 1
09-20 11:45:05.770   653  4743 D audio_hw_extn: audio_extn_set_anc_parameters: anc_enabled:0
09-20 11:45:05.770   653  4743 D audio_hw_spkr_prot: audio_extn_fbsp_set_parameters: Speaker protection disabled
09-20 11:45:05.778  2565  2929 I InputReader: Reconfiguring input devices.  changes=0x00000004
09-20 11:45:05.778  2565  2929 I InputReader: Device reconfigured: id=3, name='synaptics_dsx', size 1440x2560, orientation 0, mode 1, display id 0
09-20 11:45:05.789 11853 11853 W GoogleInputMethodService: GoogleInputMethodService.onConfigurationChanged():1497 onConfigurationChanged() : NewConfig = {1.0 454mcc6mnc [zh_HK] ldltr sw480dp w480dp h781dp 480dpi lrg long hdr widecg port finger -keyb/v/h -nav/h winConfig={ mBounds=Rect(0, 0 - 1440, 2560) mAppBounds=Rect(0, 0 - 1440, 2416) mWindowingMode=fullscreen mActivityType=undefined} s.14}
09-20 11:45:05.789 11853 11853 W KeyboardModeManager: KeyboardModeManager.reloadOrientationAwareData():462 reloadOrientationAwareData() : orientation = 1
09-20 11:45:05.789 11853 11853 I NormalModeController: NormalModeController.getKeyboardBodyViewHolderPaddingBottom():120 currentPrimeKeyboardType:SOFT systemPaddingBottom:-1
09-20 11:45:05.801  2565  2582 I ActivityManager: Start proc 21254:com.google.android.googlequicksearchbox:search/u0a52 for service com.google.android.googlequicksearchbox/com.google.android.apps.gsa.nowoverlayservice.DrawerOverlayService
09-20 11:45:05.806 21254 21254 I chatty  : uid=10052 com.google.android.googlequicksearchbox:search expire 6 lines
09-20 11:45:05.808 11853 21265 I KeyboardGroupDefParser: KeyboardGroupDefParser.parseKeyboardGroupDef():89 parseKeyboardGroupDef() 2132148478 -> extension_emoji_search_extension_view_m2 : WaitTime = 2 ms : RunTime = 0 ms
09-20 11:45:05.808 11853 11853 W KeyboardModeManager: KeyboardModeManager.setInputView():302 setInputView() : inputView = null
09-20 11:45:05.809 11853 11853 I GoogleInputMethodService: GoogleInputMethodService.initializeKeyboardTheme():1268 Apply keyboard theme: theme_stylesheet_googleblue_materiallight_assets:theme_package_metadata_google_blue_light.binarypb_port
09-20 11:45:05.813 11853 11853 I Environment: Environment.getDeviceMode():734 Get device mode by ui mode:1 and smallestScreenWidthDp:480
09-20 11:45:05.813 11853 11853 I Environment: Environment.getDeviceMode():734 Get device mode by ui mode:1 and smallestScreenWidthDp:480
09-20 11:45:05.817  2565  2582 I ActivityManager: Start proc 21269:com.facebook.katana/u0a129 for activity
09-20 11:45:05.818  3004  3004 D StatusBar: disable<e i a s b h r c s > disable2<q i n >
09-20 11:45:05.820 11853 11853 I KeyboardViewUtil: KeyboardViewUtil.getKeyboardHeightRatio():168 systemKeyboardHeightRatio:1.000000; userKeyboardHeightRatio:1.000000.
09-20 11:45:05.824 11853 11853 I GoogleInputMethodService: GoogleInputMethodService.onStartInput():1829 
09-20 11:45:05.824 11853 11853 W SessionManager: SessionManager.beginSession():53 Try to begin an already begun session [INPUT_SESSION], end it first
09-20 11:45:05.827 11853 11853 I Environment: Environment.getDeviceMode():734 Get device mode by ui mode:1 and smallestScreenWidthDp:480
09-20 11:45:05.827 11853 11853 I Environment: Environment.getDeviceMode():734 Get device mode by ui mode:1 and smallestScreenWidthDp:480
09-20 11:45:05.827 21269 21269 I chatty  : uid=10129(com.facebook.katana) expire 29 lines
09-20 11:45:05.830 11853 11853 I GoogleInputMethodService: GoogleInputMethodService.lambda$setDecorViewApplyWindowInsetsListener$9():990 update screenHeightWithoutNaviBar to: 2416
09-20 11:45:05.830  2565  2582 I ActivityManager: Start proc 21280:com.google.android.gm/u0a86 for activity
09-20 11:45:05.831 11853 11853 I GoogleInputMethodService: GoogleInputMethodService.lambda$setDecorViewApplyWindowInsetsListener$9():997 update max height when insets changes
09-20 11:45:05.840 21280 21280 E ogle.android.g: Not starting debugger since process cannot load the jdwp agent.
09-20 11:45:05.844  2565  2582 I ActivityManager: Start proc 21294:hk.edu.hkbu.ito.hkbumobile/u0a140 for activity
09-20 11:45:05.849 21294 21294 E .ito.hkbumobil: Not starting debugger since process cannot load the jdwp agent.
09-20 11:45:05.858  2565  3164 I ActivityManager: Killing 19548:com.google.android.apps.docs/u0a85 (adj 906): empty #20
09-20 11:45:05.859  2565  2583 W libprocessgroup: kill(-19548, 9) failed: No such process
09-20 11:45:05.859  2271  2271 E ANDR-IOP: IOP HAL: Received pkg_name = com.google.android.apps.docs pid = 0
09-20 11:45:05.868  4030  4046 W ziparchive: Unable to open '/data/app/com.EpicGames.AndroidQuickStart-a8KUv-IQJo7WcgKkx_rZKQ==/base.apk': No such file or directory
09-20 11:45:05.868  4030  4046 E droid.launcher: Failed to open APK '/data/app/com.EpicGames.AndroidQuickStart-a8KUv-IQJo7WcgKkx_rZKQ==/base.apk' I/O error
09-20 11:45:05.868  4030  4046 E ResourcesManager: failed to add asset path /data/app/com.EpicGames.AndroidQuickStart-a8KUv-IQJo7WcgKkx_rZKQ==/base.apk
09-20 11:45:05.868  4030  4046 W PackageManager: Failure retrieving resources for com.EpicGames.AndroidQuickStart
09-20 11:45:05.876 11853 11853 I GoogleInputMethodService: GoogleInputMethodService.onFinishInput():3160 
09-20 11:45:05.878 11853 11853 I GoogleInputMethodService: GoogleInputMethodService.onStartInput():1829 
09-20 11:45:05.885 21280 21280 I ogle.android.g: The ClassLoaderContext is a special shared library.
09-20 11:45:05.890 21294 21294 I .ito.hkbumobil: The ClassLoaderContext is a special shared library.
09-20 11:45:05.898  2565  2583 W libprocessgroup: kill(-19548, 9) failed: No such process
09-20 11:45:05.903  3004  3004 D StatusBar: disable<e i a s b h r c s > disable2<q i n >
09-20 11:45:05.914 21269 21269 E LoadedApk: Unable to instantiate appComponentFactory
09-20 11:45:05.914 21269 21269 E LoadedApk: java.lang.ClassNotFoundException: Didn't find class "androidx.core.app.CoreComponentFactory" on path: DexPathList[[zip file "/system/framework/org.apache.http.legacy.boot.jar", zip file "/mnt/expand/acdc1e63-dec3-4348-ae43-3be927cd3002/app/com.facebook.katana-Fr3MH6DU7lgHcOhbJd3law==/base.apk", zip file "/mnt/expand/acdc1e63-dec3-4348-ae43-3be927cd3002/app/com.facebook.katana-Fr3MH6DU7lgHcOhbJd3law==/split_arservicesoptional.apk", zip file "/mnt/expand/acdc1e63-dec3-4348-ae43-3be927cd3002/app/com.facebook.katana-Fr3MH6DU7lgHcOhbJd3law==/split_av1decoder.apk", zip file "/mnt/expand/acdc1e63-dec3-4348-ae43-3be927cd3002/app/com.facebook.katana-Fr3MH6DU7lgHcOhbJd3law==/split_caffe2.apk", zip file "/mnt/expand/acdc1e63-dec3-4348-ae43-3be927cd3002/app/com.facebook.katana-Fr3MH6DU7lgHcOhbJd3law==/split_caffe2deeptext.apk", zip file "/mnt/expand/acdc1e63-dec3-4348-ae43-3be927cd3002/app/com.facebook.katana-Fr3MH6DU7lgHcOhbJd3law==/split_caffe2pytorchsharedmodule.apk", zip file "/mnt/expand/acdc1e63-dec3-4348-ae43-3be927cd3002/app/com.facebook.katana-Fr3MH6DU7lgHcOhbJd3law==/split_cgnativeplayer.apk", zip file "/mnt/expand/acdc1e63-dec3-4348-ae43-3be927cd3002/app/com.facebook.katana-Fr3MH6DU7lgHcOhbJd3law==/split_codegenerator.apk", zip file "/mnt/expand/acdc1e63-dec3-4348-ae43-3be927cd3002/app/com.facebook.katana-Fr3MH6DU7lgHcOhbJd3law==/split_rtc.apk", zip file "/mnt/expand/acdc1e63-dec3-4348-ae43-3be927cd3002/app/com.facebook.katana-Fr3MH6DU7lgHcOhbJd3law==/split_slam.apk"],nativeLibraryDirectories=[/mnt/expand/acdc1e63-dec3-4348-ae43-3be927cd3002/app/com.facebook.katana-Fr3MH6DU7lgHcOhbJd3law==/lib/arm64, /mnt/expand/acdc1e63-dec3-4348-ae43-3be927cd3002/app/com.facebook.katana-Fr3MH6DU7lgHcOhbJd3law==/base.apk!/lib/arm64-v8a, /mnt/expand/acdc1e63-dec3-4348-ae43-3be927cd3002/app/com.facebook.katana-Fr3MH6DU7lgHcOhbJd3law==/split_arservicesoptional.apk!/lib/arm64-v8a, /mnt/expand/acdc1e63-dec3-4348-ae43-3be927cd3002/app/com.facebook.katana-Fr3MH6DU7lgHcOhbJd3law==/split_av1decoder.apk!/lib/arm64-v8a, /mnt/expand/acdc1e63-dec3-4348-ae43-3be927cd3002/app/com.facebook.katana-Fr3MH6DU7lgHcOhbJd3law==/split_caffe2.apk!/lib/arm64-v8a, /mnt/expand/acdc1e63-dec3-4348-ae43-3be927cd3002/app/com.facebook.katana-Fr3MH6DU7lgHcOhbJd3law==/split_caffe2deeptext.apk!/lib/arm64-v8a, /mnt/expand/acdc1e63-dec3-4348-ae43-3be927cd3002/app/com.facebook.katana-Fr3MH6DU7lgHcOhbJd3law==/split_caffe2pytorchsharedmodule.apk!/lib/arm64-v8a, /mnt/expand/acdc1e63-dec3-4348-ae43-3be927cd3002/app/com.facebook.katana-Fr3MH6DU7lgHcOhbJd3law==/split_cgnativeplayer.apk!/lib/arm64-v8a, /mnt/expand/acdc1e63-dec3-4348-ae43-3be927cd3002/app/com.facebook.katana-Fr3MH6DU7lgHcOhbJd3law==/split_codegenerator.apk!/lib/arm64-v8a, /mnt/expand/acdc1e63-dec3-4348-ae43-3be927cd3002/app/com.facebook.katana-Fr3MH6DU7lgHcOhbJd3law==/split_rtc.apk!/lib/arm64-v8a, /mnt/expand/acdc1e63-dec3-4348-ae43-3be927cd3002/app/com.facebook.katana-Fr3MH6DU7lgHcOhbJd3law==/split_slam.apk!/lib/arm64-v8a, /system/lib64]]
09-20 11:45:05.914 21269 21269 E LoadedApk: 	at dalvik.system.BaseDexClassLoader.findClass(BaseDexClassLoader.java:134)
09-20 11:45:05.914 21269 21269 E LoadedApk: 	at java.lang.ClassLoader.loadClass(ClassLoader.java:379)
09-20 11:45:05.914 21269 21269 E LoadedApk: 	at java.lang.ClassLoader.loadClass(ClassLoader.java:312)
09-20 11:45:05.914 21269 21269 E LoadedApk: 	at android.app.LoadedApk.createAppFactory(LoadedApk.java:226)
09-20 11:45:05.914 21269 21269 E LoadedApk: 	at android.app.LoadedApk.createOrUpdateClassLoaderLocked(LoadedApk.java:731)
09-20 11:45:05.914 21269 21269 E LoadedApk: 	at android.app.LoadedApk.getClassLoader(LoadedApk.java:810)
09-20 11:45:05.914 21269 21269 E LoadedApk: 	at android.app.LoadedApk.getResources(LoadedApk.java:1032)
09-20 11:45:05.914 21269 21269 E LoadedApk: 	at android.app.ContextImpl.createAppContext(ContextImpl.java:2345)
09-20 11:45:05.914 21269 21269 E LoadedApk: 	at android.app.ActivityThread.handleBindApplication(ActivityThread.java:5797)
09-20 11:45:05.914 21269 21269 E LoadedApk: 	at android.app.ActivityThread.access$1100(ActivityThread.java:200)
09-20 11:45:05.914 21269 21269 E LoadedApk: 	at android.app.ActivityThread$H.handleMessage(ActivityThread.java:1656)
09-20 11:45:05.914 21269 21269 E LoadedApk: 	at android.os.Handler.dispatchMessage(Handler.java:106)
09-20 11:45:05.914 21269 21269 E LoadedApk: 	at android.os.Looper.loop(Looper.java:193)
09-20 11:45:05.914 21269 21269 E LoadedApk: 	at android.app.ActivityThread.main(ActivityThread.java:6735)
09-20 11:45:05.914 21269 21269 E LoadedApk: 	at java.lang.reflect.Method.invoke(Native Method)
09-20 11:45:05.914 21269 21269 E LoadedApk: 	at com.android.internal.os.RuntimeInit$MethodAndArgsCaller.
09-20 11:45:05.922   696   754 W SurfaceFlinger: Attempting to destroy on removed layer: 71738ef AssistPreviewPanel#0
09-20 11:45:05.924   696   754 W SurfaceFlinger: Attempting to destroy on removed layer: 9855fe8 DockedStackDivider#0
09-20 11:45:05.938  2565  2583 W libprocessgroup: kill(-19548, 9) failed: No such process
09-20 11:45:05.945 21294 21294 I Perf    : Connecting to perf service.
09-20 11:45:05.961  2271  2271 E ANDR-IOP: IOP HAL: Received pkg_name = com.google.android.apps.docs pid = 0
09-20 11:45:05.961  2154  2154 I Zygote  : Process 19548 exited due to signal (9)
09-20 11:45:05.978  2565  2583 W libprocessgroup: kill(-19548, 9) failed: No such process
09-20 11:45:05.978  2565  2583 I libprocessgroup: Successfully killed process cgroup uid 10085 pid 19548 in 119ms
09-20 11:45:05.978 21280 21280 W ogle.android.g: JIT profile information will not be recorded: profile file does not exits.
09-20 11:45:05.978 21280 21280 I chatty  : uid=10086(com.google.android.gm) identical 1 line
09-20 11:45:05.978 21280 21280 W ogle.android.g: JIT profile information will not be recorded: profile file does not exits.
09-20 11:45:05.992 21280 21280 I Perf    : Connecting to perf service.
09-20 11:45:05.998  3004  3004 I ImageWallpaper: Destroying backgrounds for all display modes
09-20 11:45:05.998  3004  3004 I ImageWallpaper: Creating scaled bitmap of size 1080x1920
09-20 11:45:06.031  3004  3004 I ImageWallpaper: Setting background size to 1440x2560 (logical size: 1440x2560)
09-20 11:45:06.031  3004  3004 I ImageWallpaper: Setting background size to 1440x2560 (logical size: 1440x2560)
09-20 11:45:06.032  3004  3004 I ImageWallpaper: Redrawing in rect: RectF(0.0, 0.0, 1440.0, 2560.0) with surface size: 1440x2560
09-20 11:45:06.037  2565  2690 I WindowManager: Screen frozen for +322ms due to Window{2e44e1a u0 com.android.systemui.ImageWallpaper}
09-20 11:45:06.039   696  1379 D SurfaceFlinger: duplicate layer name: changing BlackSurface to BlackSurface#1
09-20 11:45:06.039   696  1379 D SurfaceFlinger: duplicate layer name: changing BlackSurface to BlackSurface#2
09-20 11:45:06.039   696  1379 D SurfaceFlinger: duplicate layer name: changing BlackSurface to BlackSurface#3
09-20 11:45:06.050 21294 21326 I DynamiteModule: Considering local module com.google.android.gms.measurement.dynamite:15 and remote module com.google.android.gms.measurement.dynamite:0
09-20 11:45:06.050 21294 21326 I DynamiteModule: Selected local version of com.google.android.gms.measurement.dynamite
09-20 11:45:06.055 21280 21280 D ActivityThread: Loading provider com.google.android.gmail.provider;com.google.android.gm.email.provider;com.google.android.gm.tasks.provider;com.google.android.gm.email.notifier: com.android.email.provider.EmailProvider
09-20 11:45:06.068 21294 21326 W .ito.hkbumobil: Unsupported class loader
09-20 11:45:06.069   696   696 I ConfigStore: android::hardware::configstore::V1_0::ISurfaceFlingerConfigs::hasHDRDisplay retrieved: 1
09-20 11:45:06.069   696   696 I ConfigStore: android::hardware::configstore::V1_0::ISurfaceFlingerConfigs::hasHDRDisplay retrieved: 1
09-20 11:45:06.074 21294 21326 W .ito.hkbumobil: Skipping duplicate class check due to unsupported classloader
09-20 11:45:06.075 21280 21280 D ActivityThread: Loading provider com.google.android.gm.sapi: com.google.android.gm.sapi.SapiUiProvider
09-20 11:45:06.079   696   696 I ConfigStore: android::hardware::configstore::V1_0::ISurfaceFlingerConfigs::hasHDRDisplay retrieved: 1
09-20 11:45:06.126   696   696 I chatty  : uid=1000(system) /system/bin/surfaceflinger identical 114 lines
09-20 11:45:06.126   696   696 I ConfigStore: android::hardware::configstore::V1_0::ISurfaceFlingerConfigs::hasHDRDisplay retrieved: 1
09-20 11:45:06.136 21280 21346 W ogle.android.g: Accessing hidden field Ljava/util/Collections$SynchronizedCollection;->mutex:Ljava/lang/Object; (dark greylist, reflection)
09-20 11:45:06.137 21280 21346 W ogle.android.g: Accessing hidden method Ljava/util/Collections$SynchronizedSet;-><init>(Ljava/util/Set;Ljava/lang/Object;)V (dark greylist, reflection)
09-20 11:45:06.137 21280 21346 W ogle.android.g: Accessing hidden method Ljava/util/Collections$SynchronizedCollection;-><init>(Ljava/util/Collection;Ljava/lang/Object;)V (dark greylist, reflection)
09-20 11:45:06.137   696   696 I ConfigStore: android::hardware::configstore::V1_0::ISurfaceFlingerConfigs::hasHDRDisplay retrieved: 1
09-20 11:45:06.138   696   696 I ConfigStore: android::hardware::configstore::V1_0::ISurfaceFlingerConfigs::hasHDRDisplay retrieved: 1
09-20 11:45:06.145 21269 21269 W SoLoader: context.getApplicationContext returned null, holding reference to original context.
09-20 11:45:06.148   696   696 I ConfigStore: android::hardware::configstore::V1_0::ISurfaceFlingerConfigs::hasHDRDisplay retrieved: 1
09-20 11:45:06.149   696   696 I ConfigStore: android::hardware::configstore::V1_0::ISurfaceFlingerConfigs::hasHDRDisplay retrieved: 1
09-20 11:45:06.154 21294 21350 D NetworkSecurityConfig: Using Network Security Config from resource network_security_config debugBuild: false
09-20 11:45:06.155 21294 21350 I DpmTcmClient: RegisterTcmMonitor from: $Proxy0
09-20 11:45:06.159   696   696 I ConfigStore: android::hardware::configstore::V1_0::ISurfaceFlingerConfigs::hasHDRDisplay retrieved: 1
09-20 11:45:06.237   696   696 I ConfigStore: android::hardware::configstore::V1_0::ISurfaceFlingerConfigs::hasHDRDisplay retrieved: 1
09-20 11:45:06.245 21269 21269 W dalvik-internals: sigaction64 succeeded
09-20 11:45:06.248   696   696 I ConfigStore: android::hardware::configstore::V1_0::ISurfaceFlingerConfigs::hasHDRDisplay retrieved: 1
09-20 11:45:06.248   696   696 I ConfigStore: android::hardware::configstore::V1_0::ISurfaceFlingerConfigs::hasHDRDisplay retrieved: 1
09-20 11:45:06.251 21269 21269 I facebook.katan: Waiting for a blocking GC Debugger
09-20 11:45:06.259   696   696 I ConfigStore: android::hardware::configstore::V1_0::ISurfaceFlingerConfigs::hasHDRDisplay retrieved: 1
09-20 11:45:06.281   696   696 I ConfigStore: android::hardware::configstore::V1_0::ISurfaceFlingerConfigs::hasHDRDisplay retrieved: 1
09-20 11:45:06.288 20595 21198 D UE4     : *** JavaEnvDestructor: 21198
09-20 11:45:06.289 20595 21199 D UE4     : *** JavaEnvDestructor: 21199
09-20 11:45:06.289 20595 21197 D UE4     : *** JavaEnvDestructor: 21197
09-20 11:45:06.292   696   696 I ConfigStore: android::hardware::configstore::V1_0::ISurfaceFlingerConfigs::hasHDRDisplay retrieved: 1
09-20 11:45:06.315   696   696 I ConfigStore: android::hardware::configstore::V1_0::ISurfaceFlingerConfigs::hasHDRDisplay retrieved: 1
09-20 11:45:06.315 21294 21294 I FirebaseCrashlytics: Initializing Crashlytics 17.1.1
09-20 11:45:06.325   696   696 I ConfigStore: android::hardware::configstore::V1_0::ISurfaceFlingerConfigs::hasHDRDisplay retrieved: 1
09-20 11:45:06.337   696   696 I ConfigStore: android::hardware::configstore::V1_0::ISurfaceFlingerConfigs::hasHDRDisplay retrieved: 1
09-20 11:45:06.338 21294 21294 I FirebaseInitProvider: FirebaseApp initialization successful
09-20 11:45:06.343 21294 21294 D ReactNativeFirebaseApp: received application context.
09-20 11:45:06.347   696   696 I ConfigStore: android::hardware::configstore::V1_0::ISurfaceFlingerConfigs::hasHDRDisplay retrieved: 1
09-20 11:45:06.348   696   696 I ConfigStore: android::hardware::configstore::V1_0::ISurfaceFlingerConfigs::hasHDRDisplay retrieved: 1
09-20 11:45:06.348 21280 21379 W ogle.android.g: Unsupported class loader
09-20 11:45:06.351 21294 21294 I RNFBCrashlyticsInit: initialization successful
09-20 11:45:06.358   696   696 I ConfigStore: android::hardware::configstore::V1_0::ISurfaceFlingerConfigs::hasHDRDisplay retrieved: 1
09-20 11:45:06.359   696   696 I ConfigStore: android::hardware::configstore::V1_0::ISurfaceFlingerConfigs::hasHDRDisplay retrieved: 1
09-20 11:45:06.364 10711 21392 I Authzen : [DeviceStateSyncManager] The server is in sync with current state. Nothing to do
09-20 11:45:06.369   696   696 I ConfigStore: android::hardware::configstore::V1_0::ISurfaceFlingerConfigs::hasHDRDisplay retrieved: 1
09-20 11:45:06.370   696   696 I ConfigStore: android::hardware::configstore::V1_0::ISurfaceFlingerConfigs::hasHDRDisplay retrieved: 1
09-20 11:45:06.370 21294 21377 D libcrashlytics: Initializing libcrashlytics version 2.0.5
09-20 11:45:06.370   696   696 I ConfigStore: android::hardware::configstore::V1_0::ISurfaceFlingerConfigs::hasHDRDisplay retrieved: 1
09-20 11:45:06.370 21294 21377 D libcrashlytics: Initializing native crash handling successful.
09-20 11:45:06.370 21294 21377 I FirebaseCrashlytics: Crashlytics NDK initialization successful
09-20 11:45:06.375 21294 21294 D SoLoader: init start
09-20 11:45:06.375 21294 21294 D SoLoader: adding system library source: /vendor/lib
09-20 11:45:06.375 21294 21294 D SoLoader: adding system library source: /system/lib
09-20 11:45:06.376 21294 21294 D SoLoader: adding application source: com.facebook.soloader.DirectorySoSource[root = /data/app/hk.edu.hkbu.ito.hkbumobile-MsM4D1oeWwsCzJH2z8Hi4w==/lib/arm64 flags = 0]
09-20 11:45:06.376 21294 21294 D SoLoader: adding backup source from : com.facebook.soloader.ApkSoSource[root = /data/data/hk.edu.hkbu.ito.hkbumobile/lib-main flags = 1]
09-20 11:45:06.376 21294 21294 D SoLoader: Preparing SO source: com.facebook.soloader.DirectorySoSource[root = /system/lib flags = 2]
09-20 11:45:06.376 21294 21294 D SoLoader: Preparing SO source: com.facebook.soloader.DirectorySoSource[root = /vendor/lib flags = 2]
09-20 11:45:06.376 21294 21294 D SoLoader: Preparing SO source: com.facebook.soloader.DirectorySoSource[root = /data/app/hk.edu.hkbu.ito.hkbumobile-MsM4D1oeWwsCzJH2z8Hi4w==/lib/arm64 flags = 0]
09-20 11:45:06.376 21294 21294 D SoLoader: Preparing SO source: com.facebook.soloader.ApkSoSource[root = /data/data/hk.edu.hkbu.ito.hkbumobile/lib-main flags = 1]
09-20 11:45:06.377 21294 21294 V fb-UnpackingSoSource: locked dso store /data/user/0/hk.edu.hkbu.ito.hkbumobile/lib-main
09-20 11:45:06.378 21294 21294 I fb-UnpackingSoSource: dso store is up-to-date: /data/user/0/hk.edu.hkbu.ito.hkbumobile/lib-main
09-20 11:45:06.378 21294 21294 V fb-UnpackingSoSource: releasing dso store lock for /data/user/0/hk.edu.hkbu.ito.hkbumobile/lib-main
09-20 11:45:06.378 21294 21294 D SoLoader: init finish: 4 SO sources prepared
09-20 11:45:06.378 21294 21294 D SoLoader: init exiting
09-20 11:45:06.381   696   696 I ConfigStore: android::hardware::configstore::V1_0::ISurfaceFlingerConfigs::hasHDRDisplay retrieved: 1
09-20 11:45:06.381   696   696 I ConfigStore: android::hardware::configstore::V1_0::ISurfaceFlingerConfigs::hasHDRDisplay retrieved: 1
09-20 11:45:06.392 21294 21294 D AppCenterCrashes: Creating crashes module with crashListener ALWAYS_SEND
09-20 11:45:06.393   696   696 I ConfigStore: android::hardware::configstore::V1_0::ISurfaceFlingerConfigs::hasHDRDisplay retrieved: 1
09-20 11:45:06.393   696   696 I ConfigStore: android::hardware::configstore::V1_0::ISurfaceFlingerConfigs::hasHDRDisplay retrieved: 1
09-20 11:45:06.396 21280 21354 I org.webrtc.Logging: CrashStartupListener: Checking conference crashes for 4 account(s).
09-20 11:45:06.403   696   696 I ConfigStore: android::hardware::configstore::V1_0::ISurfaceFlingerConfigs::hasHDRDisplay retrieved: 1
09-20 11:45:06.404   696   696 I ConfigStore: android::hardware::configstore::V1_0::ISurfaceFlingerConfigs::hasHDRDisplay retrieved: 1
09-20 11:45:06.408 21280 21379 W ogle.android.g: Skipping duplicate class check due to unsupported classloader
09-20 11:45:06.410 21294 21294 D ReactNative: [CodePush] Loading JS bundle from "assets://index.android.bundle"
09-20 11:45:06.411 21294 21294 D SoLoader: init exiting
09-20 11:45:06.411 21294 21294 D SoLoader: About to load: libjscexecutor.so
09-20 11:45:06.411 21294 21294 D SoLoader: libjscexecutor.so not found on /data/data/hk.edu.hkbu.ito.hkbumobile/lib-main
09-20 11:45:06.413 21294 21294 D SoLoader: libjscexecutor.so found on /data/app/hk.edu.hkbu.ito.hkbumobile-MsM4D1oeWwsCzJH2z8Hi4w==/lib/arm64
09-20 11:45:06.413 21294 21294 D SoLoader: Not resolving dependencies for libjscexecutor.so
09-20 11:45:06.424 21269 21286 W System  : A resource failed to call close. 
09-20 11:45:06.424 21269 21286 I chatty  : uid=10129(com.facebook.katana) FinalizerDaemon identical 1 line
09-20 11:45:06.424 21269 21286 W System  : A resource failed to call close. 
09-20 11:45:06.424 21269 21269 I facebook.katan: WaitForGcToComplete blocked Debugger on AddRemoveAppImageSpace for 173.009ms
09-20 11:45:06.426 21269 21269 W dalvik-internals: ignoring failure to find _ZN3art12FaultManager35EnsureArtActionInFrontOfSignalChainEv: could not hook _ZN3art12FaultManager35EnsureArtActionInFrontOfSignalChainEv
09-20 11:45:06.426 21269 21269 V dalvik-internals: hooked signal using trap ()
09-20 11:45:06.426 21269 21269 V dalvik-internals: hooked sigaction using trap ()
09-20 11:45:06.427 21269 21269 D CACHE_HINTS: Entering madvise file
09-20 11:45:06.428 21269 21269 D CACHE_HINTS: MADVISE_RAND file 0x7505903000 544767 /mnt/expand/acdc1e63-dec3-4348-ae43-3be927cd3002/app/com.facebook.katana-Fr3MH6DU7lgHcOhbJd3law==/base.apk
09-20 11:45:06.429 21269 21269 D CACHE_HINTS: MADVISE_RAND file 0x751d134000 368639 /mnt/expand/acdc1e63-dec3-4348-ae43-3be927cd3002/app/com.facebook.katana-Fr3MH6DU7lgHcOhbJd3law==/base.apk
09-20 11:45:06.444 21269 21269 I LoadedApk: No resource references to update in package com.facebook.katana.av1decoder
09-20 11:45:06.444 21269 21269 I LoadedApk: No resource references to update in package com.facebook.katana.caffe2deeptext
09-20 11:45:06.446 21269 21269 I LoadedApk: No resource references to update in package com.facebook.katana.arservicesoptional
09-20 11:45:06.450 21280 21280 W GAV2    : Thread[main,5,main]: Need to call initialize() and be in fallback mode to start dispatch.
09-20 11:45:06.451 21269 21269 I LoadedApk: No resource references to update in package com.facebook.katana.codegenerator
09-20 11:45:06.452 21269 21269 I LoadedApk: No resource references to update in package com.facebook.katana.rtc
09-20 11:45:06.452 21269 21269 I LoadedApk: No resource references to update in package com.facebook.katana.cgnativeplayer
09-20 11:45:06.453 21269 21269 I LoadedApk: No resource references to update in package com.facebook.katana.slam
09-20 11:45:06.453 21269 21269 I LoadedApk: No resource references to update in package com.facebook.katana.caffe2pytorchsharedmodule
09-20 11:45:06.453 21269 21269 I LoadedApk: No resource references to update in package com.facebook.katana.caffe2
09-20 11:45:06.471 21269 21352 W lacrima : FbErrorReportingConfig.earlyNativeInit
09-20 11:45:06.478 20595 21201 D UE4     : *** JavaEnvDestructor: 21201
09-20 11:45:06.479 21280 21379 W DynamiteModule: Local module descriptor class for com.google.android.gms.crash not found.
09-20 11:45:06.484 21294 21294 D JavaScriptCore.Version: 245459.0.0
09-20 11:45:06.484 21294 21294 D SoLoader: Loaded: libjscexecutor.so
09-20 11:45:06.485 21294 21294 D ReactNative: ReactInstanceManager.ctor()
09-20 11:45:06.485 21294 21294 D SoLoader: init exiting
09-20 11:45:06.489 21280 21404 D StrictMode: StrictMode policy violation: android.os.strictmode.DiskReadViolation
09-20 11:45:06.489 21280 21404 D StrictMode: 	at android.os.StrictMode$AndroidBlockGuardPolicy.onReadFromDisk(StrictMode.java:1504)
09-20 11:45:06.489 21280 21404 D StrictMode: 	at java.io.UnixFileSystem.checkAccess(UnixFileSystem.java:251)
09-20 11:45:06.489 21280 21404 D StrictMode: 	at java.io.File.exists(File.java:815)
09-20 11:45:06.489 21280 21404 D StrictMode: 	at android.app.ContextImpl.ensurePrivateDirExists(ContextImpl.java:605)
09-20 11:45:06.489 21280 21404 D StrictMode: 	at android.app.ContextImpl.ensurePrivateDirExists(ContextImpl.java:596)
09-20 11:45:06.489 21280 21404 D StrictMode: 	at android.app.ContextImpl.getPreferencesDir(ContextImpl.java:552)
09-20 11:45:06.489 21280 21404 D StrictMode: 	at android.app.ContextImpl.getSharedPreferencesPath(ContextImpl.java:747)
09-20 11:45:06.489 21280 21404 D StrictMode: 	at android.app.ContextImpl.getSharedPreferences(ContextImpl.java:400)
09-20 11:45:06.489 21280 21404 D StrictMode: 	at android.content.ContextWrapper.getSharedPreferences(ContextWrapper.java:174)
09-20 11:45:06.489 21280 21404 D StrictMode: 	at exq.<init>(PG:2)
09-20 11:45:06.489 21280 21404 D StrictMode: 	at ews.<init>(Unknown Source:12)
09-20 11:45:06.489 21280 21404 D StrictMode: 	at qah.<init>(Unknown Source:8)
09-20 11:45:06.489 21280 21404 D StrictMode: 	at qah.a(PG:2)
09-20 11:45:06.489 21280 21404 D StrictMode: 	at pzx.apply(Unknown Source:10)
09-20 11:45:06.489 21280 21404 D StrictMode: 	at j$.util.concurrent.ConcurrentHashMap.computeIfAbsent(ConcurrentHashMap.java:1650)
09-20 11:45:06.489 21280 21404 D StrictMode: 	at j$.util.Map$$Dispatch.computeIfAbsent(Unknown Source:6)
09-20 11:45:06.489 21280 21404 D StrictMode: 	at pzy.a(PG:1)
09-20 11:45:06.489 21280 21404 D StrictMode: 	at pzy.b(PG:2)
09-20 11:45:06.489 21280 21404 D StrictMode: 	at aasi.a(PG:22)
09-20 11:45:06.489 21280 21404 D StrictMode: 	at aasi.a(PG:1)
09-20 11:45:06.489 21280 21404 D StrictMode: 	at aayx.a(Unknown Source:2)
09-20 11:45:06.489 21280 21404 D StrictMode: 	at utu.a(Unknown Source:24)
09-20 11:45:06.489 21280 21404 D StrictMode: 	at bbkl.a(PG:2)
09-20 11:45:06.489 21280 21404 D StrictMode: 	at bfls.a(Unknown Source:2)
09-20 11:45:06.489 21280 21404 D StrictMode: 	at bflt.run(PG:9)
09-20 11:45:06.489 21280 21404 D StrictMode: 	at bamv.run(PG:1)
09-20 11:45:06.489 21280 21404 D StrictMode: 	at java.util.concurrent.ThreadPoolExecutor.runWorker(ThreadPoolExecutor.java:1167)
09-20 11:45:06.489 21280 21404 D StrictMode: 	at java.util.concurrent.ThreadPoolExecutor$Worker.run(ThreadPoolExecutor.java:641)
09-20 11:45:06.489 21280 21404 D StrictMode: 	at bali.run(Unknown Source:24)
09-20 11:45:06.489 21280 21404 D StrictMode: 	at java.lang.Thread.run(Thread.java:764)
09-20 11:45:06.493 21280 21404 D StrictMode: StrictMode policy violation: android.os.strictmode.DiskReadViolation
09-20 11:45:06.493 21280 21404 D StrictMode: 	at android.os.StrictMode$AndroidBlockGuardPolicy.onReadFromDisk(StrictMode.java:1504)
09-20 11:45:06.493 21280 21404 D StrictMode: 	at android.app.SharedPreferencesImpl.awaitLoadedLocked(SharedPreferencesImpl.java:256)
09-20 11:45:06.493 21280 21404 D StrictMode: 	at android.app.SharedPreferencesImpl.edit(SharedPreferencesImpl.java:349)
09-20 11:45:06.493 21280 21404 D StrictMode: 	at exq.<init>(PG:2)
09-20 11:45:06.493 21280 21404 D StrictMode: 	at ews.<init>(Unknown Source:12)
09-20 11:45:06.493 21280 21404 D StrictMode: 	at qah.<init>(Unknown Source:8)
09-20 11:45:06.493 21280 21404 D StrictMode: 	at qah.a(PG:2)
09-20 11:45:06.493 21280 21404 D StrictMode: 	at pzx.apply(Unknown Source:10)
09-20 11:45:06.493 21280 21404 D StrictMode: 	at j$.util.concurrent.ConcurrentHashMap.computeIfAbsent(ConcurrentHashMap.java:1650)
09-20 11:45:06.493 21280 21404 D StrictMode: 	at j$.util.Map$$Dispatch.computeIfAbsent(Unknown Source:6)
09-20 11:45:06.493 21280 21404 D StrictMode: 	at pzy.a(PG:1)
09-20 11:45:06.493 21280 21404 D StrictMode: 	at pzy.b(PG:2)
09-20 11:45:06.493 21280 21404 D StrictMode: 	at aasi.a(PG:22)
09-20 11:45:06.493 21280 21404 D StrictMode: 	at aasi.a(PG:1)
09-20 11:45:06.493 21280 21404 D StrictMode: 	at aayx.a(Unknown Source:2)
09-20 11:45:06.493 21280 21404 D StrictMode: 	at utu.a(Unknown Source:24)
09-20 11:45:06.493 21280 21404 D StrictMode: 	at bbkl.a(PG:2)
09-20 11:45:06.493 21280 21404 D StrictMode: 	at bfls.a(Unknown Source:2)
09-20 11:45:06.493 21280 21404 D StrictMode: 	at bflt.run(PG:9)
09-20 11:45:06.493 21280 21404 D StrictMode: 	at bamv.run(PG:1)
09-20 11:45:06.493 21280 21404 D StrictMode: 	at java.util.concurrent.ThreadPoolExecutor.runWorker(ThreadPoolExecutor.java:1167)
09-20 11:45:06.493 21280 21404 D StrictMode: 	at java.util.concurrent.ThreadPoolExecutor$Worker.run(ThreadPoolExecutor.java:641)
09-20 11:45:06.493 21280 21404 D StrictMode: 	at bali.run(Unknown Source:24)
09-20 11:45:06.493 21280 21404 D StrictMode: 	at java.lang.Thread.run(Thread.java:764)
09-20 11:45:06.493  2271  2271 E ANDR-IOP: IOP HAL: Received pkg_name = hk.edu.hkbu.ito.hkbumobile pid = 0
09-20 11:45:06.495 21294 21294 I FIAM.Headless: Starting InAppMessaging runtime with Installation ID dSt7vLlIG1k
09-20 11:45:06.496 21269 21406 I dalvik-internals: installed sigmux crash handler for crash log
09-20 11:45:06.500 21269 21406 W Ditto   : Ditto initialized, state = DittoState{build id=245251849;in QE=false;enable ditto=false;patch name=;override=none;crash mitigation detected=false}; identifier = null
09-20 11:45:06.515 21280 21379 I DynamiteLoaderV2Impl: [71] Dynamitemodulesc
09-20 11:45:06.516 21280 21379 W ogle.android.g: Unsupported class loader
09-20 11:45:06.519 21280 21383 D StrictMode: StrictMode policy violation: android.os.strictmode.DiskReadViolation
09-20 11:45:06.519 21280 21383 D StrictMode: 	at android.os.StrictMode$AndroidBlockGuardPolicy.onReadFromDisk(StrictMode.java:1504)
09-20 11:45:06.519 21280 21383 D StrictMode: 	at java.io.UnixFileSystem.checkAccess(UnixFileSystem.java:251)
09-20 11:45:06.519 21280 21383 D StrictMode: 	at java.io.File.exists(File.java:815)
09-20 11:45:06.519 21280 21383 D StrictMode: 	at android.app.ContextImpl.ensurePrivateDirExists(ContextImpl.java:605)
09-20 11:45:06.519 21280 21383 D StrictMode: 	at android.app.ContextImpl.ensurePrivateDirExists(ContextImpl.java:596)
09-20 11:45:06.519 21280 21383 D StrictMode: 	at android.app.ContextImpl.getPreferencesDir(ContextImpl.java:552)
09-20 11:45:06.519 21280 21383 D StrictMode: 	at android.app.ContextImpl.getSharedPreferencesPath(ContextImpl.java:747)
09-20 11:45:06.519 21280 21383 D StrictMode: 	at android.app.ContextImpl.getSharedPreferences(ContextImpl.java:400)
09-20 11:45:06.519 21280 21383 D StrictMode: 	at android.content.ContextWrapper.getSharedPreferences(ContextWrapper.java:174)
09-20 11:45:06.519 21280 21383 D StrictMode: 	at exq.<init>(PG:2)
09-20 11:45:06.519 21280 21383 D StrictMode: 	at ews.<init>(Unknown Source:12)
09-20 11:45:06.519 21280 21383 D StrictMode: 	at qah.<init>(Unknown Source:8)
09-20 11:45:06.519 21280 21383 D StrictMode: 	at qah.a(PG:2)
09-20 11:45:06.519 21280 21383 D StrictMode: 	at pzx.apply(Unknown Source:10)
09-20 11:45:06.519 21280 21383 D StrictMode: 	at j$.util.concurrent.ConcurrentHashMap.computeIfAbsent(ConcurrentHashMap.java:1650)
09-20 11:45:06.519 21280 21383 D StrictMode: 	at j$.util.Map$$Dispatch.computeIfAbsent(Unknown Source:6)
09-20 11:45:06.519 21280 21383 D StrictMode: 	at pzy.a(PG:1)
09-20 11:45:06.519 21280 21383 D StrictMode: 	at pzy.b(PG:2)
09-20 11:45:06.519 21280 21383 D StrictMode: 	at aasi.a(PG:22)
09-20 11:45:06.519 21280 21383 D StrictMode: 	at aasi.a(PG:1)
09-20 11:45:06.519 21280 21383 D StrictMode: 	at aayx.a(Unknown Source:2)
09-20 11:45:06.519 21280 21383 D StrictMode: 	at utu.a(Unknown Source:24)
09-20 11:45:06.519 21280 21383 D StrictMode: 	at bbkl.a(PG:2)
09-20 11:45:06.519 21280 21383 D StrictMode: 	at bfls.a(Unknown Source:2)
09-20 11:45:06.519 21280 21383 D StrictMode: 	at bflt.run(PG:9)
09-20 11:45:06.519 21280 21383 D StrictMode: 	at bamv.run(PG:1)
09-20 11:45:06.519 21280 21383 D StrictMode: 	at java.util.concurrent.ThreadPoolExecutor.runWorker(ThreadPoolExecutor.java:1167)
09-20 11:45:06.519 21280 21383 D StrictMode: 	at java.util.concurrent.ThreadPoolExecutor$Worker.run(ThreadPoolExecutor.java:641)
09-20 11:45:06.519 21280 21383 D StrictMode: 	at bali.run(Unknown Source:24)
09-20 11:45:06.519 21280 21383 D StrictMode: 	at java.lang.Thread.run(Thread.java:764)
09-20 11:45:06.520 21280 21383 D StrictMode: StrictMode policy violation: android.os.strictmode.DiskReadViolation
09-20 11:45:06.520 21280 21383 D StrictMode: 	at android.os.StrictMode$AndroidBlockGuardPolicy.onReadFromDisk(StrictMode.java:1504)
09-20 11:45:06.520 21280 21383 D StrictMode: 	at android.app.SharedPreferencesImpl.awaitLoadedLocked(SharedPreferencesImpl.java:256)
09-20 11:45:06.520 21280 21383 D StrictMode: 	at android.app.SharedPreferencesImpl.edit(SharedPreferencesImpl.java:349)
09-20 11:45:06.520 21280 21383 D StrictMode: 	at exq.<init>(PG:2)
09-20 11:45:06.520 21280 21383 D StrictMode: 	at ews.<init>(Unknown Source:12)
09-20 11:45:06.520 21280 21383 D StrictMode: 	at qah.<init>(Unknown Source:8)
09-20 11:45:06.520 21280 21383 D StrictMode: 	at qah.a(PG:2)
09-20 11:45:06.520 21280 21383 D StrictMode: 	at pzx.apply(Unknown Source:10)
09-20 11:45:06.520 21280 21383 D StrictMode: 	at j$.util.concurrent.ConcurrentHashMap.computeIfAbsent(ConcurrentHashMap.java:1650)
09-20 11:45:06.520 21280 21383 D StrictMode: 	at j$.util.Map$$Dispatch.computeIfAbsent(Unknown Source:6)
09-20 11:45:06.520 21280 21383 D StrictMode: 	at pzy.a(PG:1)
09-20 11:45:06.520 21280 21383 D StrictMode: 	at pzy.b(PG:2)
09-20 11:45:06.520 21280 21383 D StrictMode: 	at aasi.a(PG:22)
09-20 11:45:06.520 21280 21383 D StrictMode: 	at aasi.a(PG:1)
09-20 11:45:06.520 21280 21383 D StrictMode: 	at aayx.a(Unknown Source:2)
09-20 11:45:06.520 21280 21383 D StrictMode: 	at utu.a(Unknown Source:24)
09-20 11:45:06.520 21280 21383 D StrictMode: 	at bbkl.a(PG:2)
09-20 11:45:06.520 21280 21383 D StrictMode: 	at bfls.a(Unknown Source:2)
09-20 11:45:06.520 21280 21383 D StrictMode: 	at bflt.run(PG:9)
09-20 11:45:06.520 21280 21383 D StrictMode: 	at bamv.run(PG:1)
09-20 11:45:06.520 21280 21383 D StrictMode: 	at java.util.concurrent.ThreadPoolExecutor.runWorker(ThreadPoolExecutor.java:1167)
09-20 11:45:06.520 21280 21383 D StrictMode: 	at java.util.concurrent.ThreadPoolExecutor$Worker.run(ThreadPoolExecutor.java:641)
09-20 11:45:06.520 21280 21383 D StrictMode: 	at bali.run(Unknown Source:24)
09-20 11:45:06.520 21280 21383 D StrictMode: 	at java.lang.Thread.run(Thread.java:764)
09-20 11:45:06.521 21269 21406 W DexLibLoader: disabling background optimization
09-20 11:45:06.536 20595 21202 D UE4     : *** JavaEnvDestructor: 21202
09-20 11:45:06.544 21269 21420 W FileBasedMultiProcessTracker: <default>: Initializing FileBasedMultiProcessTracking using /mnt/expand/acdc1e63-dec3-4348-ae43-3be927cd3002/user/0/com.facebook.katana/app_multiprocess_tracking
09-20 11:45:06.544 21269 21420 W FileBasedMultiProcessTracker: <default>: Creating file to track 21269
09-20 11:45:06.545 21280 21403 D StrictMode: StrictMode policy violation: android.os.strictmode.DiskReadViolation
09-20 11:45:06.545 21280 21403 D StrictMode: 	at android.os.StrictMode$AndroidBlockGuardPolicy.onReadFromDisk(StrictMode.java:1504)
09-20 11:45:06.545 21280 21403 D StrictMode: 	at java.io.UnixFileSystem.checkAccess(UnixFileSystem.java:251)
09-20 11:45:06.545 21280 21403 D StrictMode: 	at java.io.File.exists(File.java:815)
09-20 11:45:06.545 21280 21403 D StrictMode: 	at android.app.ContextImpl.ensurePrivateDirExists(ContextImpl.java:605)
09-20 11:45:06.545 21280 21403 D StrictMode: 	at android.app.ContextImpl.ensurePrivateDirExists(ContextImpl.java:596)
09-20 11:45:06.545 21280 21403 D StrictMode: 	at android.app.ContextImpl.getPreferencesDir(ContextImpl.java:552)
09-20 11:45:06.545 21280 21403 D StrictMode: 	at android.app.ContextImpl.getSharedPreferencesPath(ContextImpl.java:747)
09-20 11:45:06.545 21280 21403 D StrictMode: 	at android.app.ContextImpl.getSharedPreferences(ContextImpl.java:400)
09-20 11:45:06.545 21280 21403 D StrictMode: 	at android.content.ContextWrapper.getSharedPreferences(ContextWrapper.java:174)
09-20 11:45:06.545 21280 21403 D StrictMode: 	at exq.<init>(PG:2)
09-20 11:45:06.545 21280 21403 D StrictMode: 	at ews.<init>(Unknown Source:12)
09-20 11:45:06.545 21280 21403 D StrictMode: 	at qah.<init>(Unknown Source:8)
09-20 11:45:06.545 21280 21403 D StrictMode: 	at qah.a(PG:2)
09-20 11:45:06.545 21280 21403 D StrictMode: 	at pzx.apply(Unknown Source:10)
09-20 11:45:06.545 21280 21403 D StrictMode: 	at j$.util.concurrent.ConcurrentHashMap.computeIfAbsent(ConcurrentHashMap.java:1650)
09-20 11:45:06.545 21280 21403 D StrictMode: 	at j$.util.Map$$Dispatch.computeIfAbsent(Unknown Source:6)
09-20 11:45:06.545 21280 21403 D StrictMode: 	at pzy.a(PG:1)
09-20 11:45:06.545 21280 21403 D StrictMode: 	at pzy.b(PG:2)
09-20 11:45:06.545 21280 21403 D StrictMode: 	at aasi.a(PG:22)
09-20 11:45:06.545 21280 21403 D StrictMode: 	at aasi.a(PG:1)
09-20 11:45:06.545 21280 21403 D StrictMode: 	at aayx.a(Unknown Source:2)
09-20 11:45:06.545 21280 21403 D StrictMode: 	at utu.a(Unknown Source:24)
09-20 11:45:06.545 21280 21403 D StrictMode: 	at bbkl.a(PG:2)
09-20 11:45:06.545 21280 21403 D StrictMode: 	at bfls.a(Unknown Source:2)
09-20 11:45:06.545 21280 21403 D StrictMode: 	at bflt.run(PG:9)
09-20 11:45:06.545 21280 21403 D StrictMode: 	at bamv.run(PG:1)
09-20 11:45:06.545 21280 21403 D StrictMode: 	at java.util.concurrent.ThreadPoolExecutor.runWorker(ThreadPoolExecutor.java:1167)
09-20 11:45:06.545 21280 21403 D StrictMode: 	at java.util.concurrent.ThreadPoolExecutor$Worker.run(ThreadPoolExecutor.java:641)
09-20 11:45:06.545 21280 21403 D StrictMode: 	at bali.run(Unknown Source:24)
09-20 11:45:06.545 21280 21403 D StrictMode: 	at java.lang.Thread.run(Thread.java:764)
09-20 11:45:06.551 21280 21403 D StrictMode: StrictMode policy violation: android.os.strictmode.DiskReadViolation
09-20 11:45:06.551 21280 21403 D StrictMode: 	at android.os.StrictMode$AndroidBlockGuardPolicy.onReadFromDisk(StrictMode.java:1504)
09-20 11:45:06.551 21280 21403 D StrictMode: 	at android.app.SharedPreferencesImpl.awaitLoadedLocked(SharedPreferencesImpl.java:256)
09-20 11:45:06.551 21280 21403 D StrictMode: 	at android.app.SharedPreferencesImpl.edit(SharedPreferencesImpl.java:349)
09-20 11:45:06.551 21280 21403 D StrictMode: 	at exq.<init>(PG:2)
09-20 11:45:06.551 21280 21403 D StrictMode: 	at ews.<init>(Unknown Source:12)
09-20 11:45:06.551 21280 21403 D StrictMode: 	at qah.<init>(Unknown Source:8)
09-20 11:45:06.551 21280 21403 D StrictMode: 	at qah.a(PG:2)
09-20 11:45:06.551 21280 21403 D StrictMode: 	at pzx.apply(Unknown Source:10)
09-20 11:45:06.551 21280 21403 D StrictMode: 	at j$.util.concurrent.ConcurrentHashMap.computeIfAbsent(ConcurrentHashMap.java:1650)
09-20 11:45:06.551 21280 21403 D StrictMode: 	at j$.util.Map$$Dispatch.computeIfAbsent(Unknown Source:6)
09-20 11:45:06.551 21280 21403 D StrictMode: 	at pzy.a(PG:1)
09-20 11:45:06.551 21280 21403 D StrictMode: 	at pzy.b(PG:2)
09-20 11:45:06.551 21280 21403 D StrictMode: 	at aasi.a(PG:22)
09-20 11:45:06.551 21280 21403 D StrictMode: 	at aasi.a(PG:1)
09-20 11:45:06.551 21280 21403 D StrictMode: 	at aayx.a(Unknown Source:2)
09-20 11:45:06.551 21280 21403 D StrictMode: 	at utu.a(Unknown Source:24)
09-20 11:45:06.551 21280 21403 D StrictMode: 	at bbkl.a(PG:2)
09-20 11:45:06.551 21280 21403 D StrictMode: 	at bfls.a(Unknown Source:2)
09-20 11:45:06.551 21280 21403 D StrictMode: 	at bflt.run(PG:9)
09-20 11:45:06.551 21280 21403 D StrictMode: 	at bamv.run(PG:1)
09-20 11:45:06.551 21280 21403 D StrictMode: 	at java.util.concurrent.ThreadPoolExecutor.runWorker(ThreadPoolExecutor.java:1167)
09-20 11:45:06.551 21280 21403 D StrictMode: 	at java.util.concurrent.ThreadPoolExecutor$Worker.run(ThreadPoolExecutor.java:641)
09-20 11:45:06.551 21280 21403 D StrictMode: 	at bali.run(Unknown Source:24)
09-20 11:45:06.551 21280 21403 D StrictMode: 	at java.lang.Thread.run(Thread.java:764)
09-20 11:45:06.581 21280 21379 I FirebaseCrashApiImpl: FirebaseCrashApiImpl created by ClassLoader az[DexPathList[[zip file "/data/user_de/0/com.google.android.gms/app_chimera/m/0000012b/DynamiteModulesC.apk"],nativeLibraryDirectories=[/data/user_de/0/com.google.android.gms/app_chimera/m/0000012b/DynamiteModulesC.apk!/lib/arm64-v8a, /system/lib64]]]
09-20 11:45:06.587  4744  4797 W FileBasedMultiProcessTracker: videoplayer: Observed new PID: 21269
09-20 11:45:06.598 20595 21211 D UE4     : [2020.09.20-03.45.06:598][618]LogTcpMessaging: Lost node '1693C1F14D7C2AB1E14BA5977161A8A3' on connection '127.0.0.1:49629'...
09-20 11:45:06.598 20595 21211 D UE4     : *** JavaEnvDestructor: 21211
09-20 11:45:06.607 21269 21420 W FileBasedMultiProcessTracker: <default>: FileBasedMultiProcessTracker ready!
09-20 11:45:06.608  4744  4797 W FileBasedMultiProcessTracker: videoplayer: Observed removed PID: 14789
09-20 11:45:06.608 21280 21409 D StrictMode: StrictMode policy violation: android.os.strictmode.DiskReadViolation
09-20 11:45:06.608 21280 21409 D StrictMode: 	at android.os.StrictMode$AndroidBlockGuardPolicy.onReadFromDisk(StrictMode.java:1504)
09-20 11:45:06.608 21280 21409 D StrictMode: 	at java.io.UnixFileSystem.checkAccess(UnixFileSystem.java:251)
09-20 11:45:06.608 21280 21409 D StrictMode: 	at java.io.File.exists(File.java:815)
09-20 11:45:06.608 21280 21409 D StrictMode: 	at android.app.ContextImpl.ensurePrivateDirExists(ContextImpl.java:605)
09-20 11:45:06.608 21280 21409 D StrictMode: 	at android.app.ContextImpl.ensurePrivateDirExists(ContextImpl.java:596)
09-20 11:45:06.608 21280 21409 D StrictMode: 	at android.app.ContextImpl.getPreferencesDir(ContextImpl.java:552)
09-20 11:45:06.608 21280 21409 D StrictMode: 	at android.app.ContextImpl.getSharedPreferencesPath(ContextImpl.java:747)
09-20 11:45:06.608 21280 21409 D StrictMode: 	at android.app.ContextImpl.getSharedPreferences(ContextImpl.java:400)
09-20 11:45:06.608 21280 21409 D StrictMode: 	at android.content.ContextWrapper.getSharedPreferences(ContextWrapper.java:174)
09-20 11:45:06.608 21280 21409 D StrictMode: 	at exq.<init>(PG:2)
09-20 11:45:06.608 21280 21409 D StrictMode: 	at ews.<init>(Unknown Source:12)
09-20 11:45:06.608 21280 21409 D StrictMode: 	at qah.<init>(Unknown Source:8)
09-20 11:45:06.608 21280 21409 D StrictMode: 	at qah.a(PG:2)
09-20 11:45:06.608 21280 21409 D StrictMode: 	at pzx.apply(Unknown Source:10)
09-20 11:45:06.608 21280 21409 D StrictMode: 	at j$.util.concurrent.ConcurrentHashMap.computeIfAbsent(ConcurrentHashMap.java:1650)
09-20 11:45:06.608 21280 21409 D StrictMode: 	at j$.util.Map$$Dispatch.computeIfAbsent(Unknown Source:6)
09-20 11:45:06.608 21280 21409 D StrictMode: 	at pzy.a(PG:1)
09-20 11:45:06.608 21280 21409 D StrictMode: 	at pzy.b(PG:2)
09-20 11:45:06.608 21280 21409 D StrictMode: 	at aasi.a(PG:22)
09-20 11:45:06.608 21280 21409 D StrictMode: 	at aasi.a(PG:1)
09-20 11:45:06.608 21280 21409 D StrictMode: 	at aayx.a(Unknown Source:2)
09-20 11:45:06.608 21280 21409 D StrictMode: 	at utu.a(Unknown Source:24)
09-20 11:45:06.608 21280 21409 D StrictMode: 	at bbkl.a(PG:2)
09-20 11:45:06.608 21280 21409 D StrictMode: 	at bfls.a(Unknown Source:2)
09-20 11:45:06.608 21280 21409 D StrictMode: 	at bflt.run(PG:9)
09-20 11:45:06.608 21280 21409 D StrictMode: 	at bamv.run(PG:1)
