09-20 11:45:06.608 21280 21409 D StrictMode: 	at java.util.concurrent.ThreadPoolExecutor.runWorker(ThreadPoolExecutor.java:1167)
09-20 11:45:06.608 21280 21409 D StrictMode: 	at java.util.concurrent.ThreadPoolExecutor$Worker.run(ThreadPoolExecutor.java:641)
09-20 11:45:06.608 21280 21409 D StrictMode: 	at bali.run(Unknown Source:24)
09-20 11:45:06.608 21280 21409 D StrictMode: 	at java.lang.Thread.run(Thread.java:764)
09-20 11:45:06.610 21280 21409 D StrictMode: StrictMode policy violation: android.os.strictmode.DiskReadViolation
09-20 11:45:06.610 21280 21409 D StrictMode: 	at android.os.StrictMode$AndroidBlockGuardPolicy.onReadFromDisk(StrictMode.java:1504)
09-20 11:45:06.610 21280 21409 D StrictMode: 	at android.app.SharedPreferencesImpl.awaitLoadedLocked(SharedPreferencesImpl.java:256)
09-20 11:45:06.610 21280 21409 D StrictMode: 	at android.app.SharedPreferencesImpl.edit(SharedPreferencesImpl.java:349)
09-20 11:45:06.610 21280 21409 D StrictMode: 	at exq.<init>(PG:2)
09-20 11:45:06.610 21280 21409 D StrictMode: 	at ews.<init>(Unknown Source:12)
09-20 11:45:06.610 21280 21409 D StrictMode: 	at qah.<init>(Unknown Source:8)
09-20 11:45:06.610 21280 21409 D StrictMode: 	at qah.a(PG:2)
09-20 11:45:06.610 21280 21409 D StrictMode: 	at pzx.apply(Unknown Source:10)
09-20 11:45:06.610 21280 21409 D StrictMode: 	at j$.util.concurrent.ConcurrentHashMap.computeIfAbsent(ConcurrentHashMap.java:1650)
09-20 11:45:06.610 21280 21409 D StrictMode: 	at j$.util.Map$$Dispatch.computeIfAbsent(Unknown Source:6)
09-20 11:45:06.610 21280 21409 D StrictMode: 	at pzy.a(PG:1)
09-20 11:45:06.610 21280 21409 D StrictMode: 	at pzy.b(PG:2)
09-20 11:45:06.610 21280 21409 D StrictMode: 	at aasi.a(PG:22)
09-20 11:45:06.610 21280 21409 D StrictMode: 	at aasi.a(PG:1)
09-20 11:45:06.610 21280 21409 D StrictMode: 	at aayx.a(Unknown Source:2)
09-20 11:45:06.610 21280 21409 D StrictMode: 	at utu.a(Unknown Source:24)
09-20 11:45:06.610 21280 21409 D StrictMode: 	at bbkl.a(PG:2)
09-20 11:45:06.610 21280 21409 D StrictMode: 	at bfls.a(Unknown Source:2)
09-20 11:45:06.610 21280 21409 D StrictMode: 	at bflt.run(PG:9)
09-20 11:45:06.610 21280 21409 D StrictMode: 	at bamv.run(PG:1)
09-20 11:45:06.610 21280 21409 D StrictMode: 	at java.util.concurrent.ThreadPoolExecutor.runWorker(ThreadPoolExecutor.java:1167)
09-20 11:45:06.610 21280 21409 D StrictMode: 	at java.util.concurrent.ThreadPoolExecutor$Worker.run(ThreadPoolExecutor.java:641)
09-20 11:45:06.610 21280 21409 D StrictMode: 	at bali.run(Unknown Source:24)
09-20 11:45:06.610 21280 21409 D StrictMode: 	at java.lang.Thread.run(Thread.java:764)
09-20 11:45:06.612 21280 21380 I DynamiteModule: Considering local module com.google.android.gms.flags:3 and remote module com.google.android.gms.flags:3
09-20 11:45:06.612 21280 21380 I DynamiteModule: Selected local version of com.google.android.gms.flags
09-20 11:45:06.615 21269 21406 I facebook.katan: Waiting for a blocking GC Debugger
09-20 11:45:06.623 21280 21380 W DynamiteModule: Local module descriptor class for com.google.android.gms.crash not found.
09-20 11:45:06.638 21269 21432 W FileBasedMultiProcessTracker: <default>: Observed removed PID: 14789
09-20 11:45:06.648 21269 21352 V appstatelogger2: Registered App State Logger stream with Breakpad
09-20 11:45:06.648 21269 21352 E appstatelogger2: Can't run on P or newer
09-20 11:45:06.656 21280 21280 I ogle.android.g: Rejecting re-init on previously-failed class java.lang.Class<azu>: java.lang.NoClassDefFoundError: Failed resolution of: Landroid/webkit/WebViewRenderProcessClient;
09-20 11:45:06.656 21280 21280 I ogle.android.g:   at java.lang.String hdn.a(android.content.Context) (PG:1)
09-20 11:45:06.656 21280 21280 I ogle.android.g:   at bhhj evk.a(bhhj) (PG:7)
09-20 11:45:06.656 21280 21280 I ogle.android.g:   at void evk.b(java.lang.String, acxy, bhhj, java.lang.String) (PG:42)
09-20 11:45:06.656 21280 21280 I ogle.android.g:   at void evk.b(java.lang.String, acxy, bhhj) (PG:37)
09-20 11:45:06.656 21280 21280 I ogle.android.g:   at void evk.d(java.lang.String) (PG:5)
09-20 11:45:06.656 21280 21280 I ogle.android.g:   at void per.onCreate() (PG:202)
09-20 11:45:06.656 21280 21280 I ogle.android.g:   at void pfz.onCreate() (PG:-1)
09-20 11:45:06.656 21280 21280 I ogle.android.g:   at void android.app.Instrumentation.callApplicationOnCreate(android.app.Application) (Instrumentation.java:1155)
09-20 11:45:06.656 21280 21280 I ogle.android.g:   at void android.app.ActivityThread.handleBindApplication(android.app.ActivityThread$AppBindData) (ActivityThread.java:5928)
09-20 11:45:06.656 21280 21280 I ogle.android.g:   at void android.app.ActivityThread.access$1100(android.app.ActivityThread, android.app.ActivityThread$AppBindData) (ActivityThread.java:200)
09-20 11:45:06.656 21280 21280 I ogle.android.g:   at void android.app.ActivityThread$H.handleMessage(android.os.Message) (ActivityThread.java:1656)
09-20 11:45:06.656 21280 21280 I ogle.android.g:   at void android.os.Handler.dispatchMessage(android.os.Message) (Handler.java:106)
09-20 11:45:06.656 21280 21280 I ogle.android.g:   at void android.os.Looper.loop() (Looper.java:193)
09-20 11:45:06.656 21280 21280 I ogle.android.g:   at void android.app.ActivityThread.main(java.lang.String[]) (ActivityThread.java:6735)
09-20 11:45:06.656 21280 21280 I ogle.android.g:   at java.lang.Object java.lang.reflect.Method.invoke(java.lang.Object, java.lang.Object[]) (Method.java:-2)
09-20 11:45:06.656 21280 21280 I ogle.android.g:   at void com.android.internal.os.RuntimeInit$MethodAndArgsCaller.run() (RuntimeInit.java:493)
09-20 11:45:06.656 21280 21280 I ogle.android.g:   at void com.android.internal.os.ZygoteInit.main(java.lang.String[]) (ZygoteInit.java:858)
09-20 11:45:06.656 21280 21280 I ogle.android.g: Caused by: java.lang.ClassNotFoundException: Didn't find class "android.webkit.WebViewRenderProcessClient" on path: DexPathList[[zip file "/system/framework/org.apache.http.legacy.boot.jar", zip file "/data/app/com.google.android.gm-7jBhKUCnqx71d5QzTqn1QA==/base.apk", zip file "/data/app/com.google.android.gm-7jBhKUCnqx71d5QzTqn1QA==/split_config.arm64_v8a.apk", zip file "/data/app/com.google.android.gm-7jBhKUCnqx71d5QzTqn1QA==/split_config.xxhdpi.apk", zip file "/data/app/com.google.android.gm-7jBhKUCnqx71d5QzTqn1QA==/split_config.zh.apk"],nativeLibraryDirectories=[/data/app/com.google.android.gm-7jBhKUCnqx71d5QzTqn1QA==/lib/arm64, /data/app/com.google.android.gm-7jBhKUCnqx71d5QzTqn1QA==/base.apk!/lib/arm64-v8a, /data/app/com.google.android.gm-7jBhKUCnqx71d5QzTqn1QA==/split_config.arm64_v8a.apk!/lib/arm64-v8a, /data/app/com.google.android.gm-7jBhKUCnqx71d5QzTqn1QA==/split_config.xxhdpi.apk!/lib/arm64-v8a, /data/app/com.google.android.gm-7jBhKUCnqx71d5QzTqn1QA==/split_config.zh.apk!/lib/arm64-v8a, /system/li
09-20 11:45:06.656 21280 21280 I ogle.android.g:   at java.lang.Class dalvik.system.BaseDexClassLoader.findClass(java.lang.String) (BaseDexClassLoader.java:134)
09-20 11:45:06.656 21280 21280 I ogle.android.g:   at java.lang.Class java.lang.ClassLoader.loadClass(java.lang.String, boolean) (ClassLoader.java:379)
09-20 11:45:06.656 21280 21280 I ogle.android.g:   at java.lang.Class java.lang.ClassLoader.loadClass(java.lang.String) (ClassLoader.java:312)
09-20 11:45:06.656 21280 21280 I ogle.android.g:   at java.lang.String hdn.a(android.content.Context) (PG:1)
09-20 11:45:06.656 21280 21280 I ogle.android.g:   at bhhj evk.a(bhhj) (PG:7)
09-20 11:45:06.656 21280 21280 I ogle.android.g:   at void evk.b(java.lang.String, acxy, bhhj, java.lang.String) (PG:42)
09-20 11:45:06.656 21280 21280 I ogle.android.g:   at void evk.b(java.lang.String, acxy, bhhj) (PG:37)
09-20 11:45:06.656 21280 21280 I ogle.android.g:   at void evk.d(java.lang.String) (PG:5)
09-20 11:45:06.656 21280 21280 I ogle.android.g:   at void per.onCreate() (PG:202)
09-20 11:45:06.656 21280 21280 I ogle.android.g:   at void pfz.onCreate() (PG:-1)
09-20 11:45:06.656 21280 21280 I ogle.android.g:   at void android.app.Instrumentation.callApplicationOnCreate(android.app.Application) (Instrumentation.java:1155)
09-20 11:45:06.656 21280 21280 I ogle.android.g:   at void android.app.ActivityThread.handleBindApplication(android.app.ActivityThread$AppBindData) (ActivityThread.java:5928)
09-20 11:45:06.657 21280 21280 I ogle.android.g:   at void android.app.ActivityThread.access$1100(android.app.ActivityThread, android.app.ActivityThread$AppBindData) (ActivityThread.java:200)
09-20 11:45:06.657 21280 21280 I ogle.android.g:   at void android.app.ActivityThread$H.handleMessage(android.os.Message) (ActivityThread.java:1656)
09-20 11:45:06.657 21280 21280 I ogle.android.g:   at void android.os.Handler.dispatchMessage(android.os.Message) (Handler.java:106)
09-20 11:45:06.657 21280 21280 I ogle.android.g:   at void android.os.Looper.loop() (Looper.java:193)
09-20 11:45:06.657 21280 21280 I ogle.android.g:   at void android.app.ActivityThread.main(java.lang.String[]) (ActivityThread.java:6735)
09-20 11:45:06.657 21280 21280 I ogle.android.g:   at java.lang.Object java.lang.reflect.Method.invoke(java.lang.Object, java.lang.Object[]) (Method.java:-2)
09-20 11:45:06.657 21280 21280 I ogle.android.g:   at void com.android.internal.os.RuntimeInit$MethodAndArgsCaller.run() (RuntimeInit.java:493)
09-20 11:45:06.657 21280 21280 I ogle.android.g:   at void com.android.internal.os.ZygoteInit.main(java.lang.String[]) (ZygoteInit.java:858)
09-20 11:45:06.657 21280 21280 I ogle.android.g: 
09-20 11:45:06.657 21280 21280 I ogle.android.g: Rejecting re-init on previously-failed class java.lang.Class<azu>: java.lang.NoClassDefFoundError: Failed resolution of: Landroid/webkit/WebViewRenderProcessClient;
09-20 11:45:06.657 21280 21280 I ogle.android.g:   at java.lang.String hdn.a(android.content.Context) (PG:1)
09-20 11:45:06.657 21280 21280 I ogle.android.g:   at bhhj evk.a(bhhj) (PG:7)
09-20 11:45:06.657 21280 21280 I ogle.android.g:   at void evk.b(java.lang.String, acxy, bhhj, java.lang.String) (PG:42)
09-20 11:45:06.657 21280 21280 I ogle.android.g:   at void evk.b(java.lang.String, acxy, bhhj) (PG:37)
09-20 11:45:06.657 21280 21280 I ogle.android.g:   at void evk.d(java.lang.String) (PG:5)
09-20 11:45:06.657 21280 21280 I ogle.android.g:   at void per.onCreate() (PG:202)
09-20 11:45:06.657 21280 21280 I ogle.android.g:   at void pfz.onCreate() (PG:-1)
09-20 11:45:06.657 21280 21280 I ogle.android.g:   at void android.app.Instrumentation.callApplicationOnCreate(android.app.Application) (Instrumentation.java:1155)
09-20 11:45:06.657 21280 21280 I ogle.android.g:   at void android.app.ActivityThread.handleBindApplication(android.app.ActivityThread$AppBindData) (ActivityThread.java:5928)
09-20 11:45:06.657 21280 21280 I ogle.android.g:   at void android.app.ActivityThread.access$1100(android.app.ActivityThread, android.app.ActivityThread$AppBindData) (ActivityThread.java:200)
09-20 11:45:06.657 21280 21280 I ogle.android.g:   at void android.app.ActivityThread$H.handleMessage(android.os.Message) (ActivityThread.java:1656)
09-20 11:45:06.657 21280 21280 I ogle.android.g:   at void android.os.Handler.dispatchMessage(android.os.Message) (Handler.java:106)
09-20 11:45:06.657 21280 21280 I ogle.android.g:   at void android.os.Looper.loop() (Looper.java:193)
09-20 11:45:06.657 21280 21280 I ogle.android.g:   at void android.app.ActivityThread.main(java.lang.String[]) (ActivityThread.java:6735)
09-20 11:45:06.657 21280 21280 I ogle.android.g:   at java.lang.Object java.lang.reflect.Method.invoke(java.lang.Object, java.lang.Object[]) (Method.java:-2)
09-20 11:45:06.657 21280 21280 I ogle.android.g:   at void com.android.internal.os.RuntimeInit$MethodAndArgsCaller.run() (RuntimeInit.java:493)
09-20 11:45:06.657 21280 21280 I ogle.android.g:   at void com.android.internal.os.ZygoteInit.main(java.lang.String[]) (ZygoteInit.java:858)
09-20 11:45:06.657 21280 21280 I ogle.android.g: Caused by: java.lang.ClassNotFoundException: Didn't find class "android.webkit.WebViewRenderProcessClient" on path: DexPathList[[zip file "/system/framework/org.apache.http.legacy.boot.jar", zip file "/data/app/com.google.android.gm-7jBhKUCnqx71d5QzTqn1QA==/base.apk", zip file "/data/app/com.google.android.gm-7jBhKUCnqx71d5QzTqn1QA==/split_config.arm64_v8a.apk", zip file "/data/app/com.google.android.gm-7jBhKUCnqx71d5QzTqn1QA==/split_config.xxhdpi.apk", zip file "/data/app/com.google.android.gm-7jBhKUCnqx71d5QzTqn1QA==/split_config.zh.apk"],nativeLibraryDirectories=[/data/app/com.google.android.gm-7jBhKUCnqx71d5QzTqn1QA==/lib/arm64, /data/app/com.google.android.gm-7jBhKUCnqx71d5QzTqn1QA==/base.apk!/lib/arm64-v8a, /data/app/com.google.android.gm-7jBhKUCnqx71d5QzTqn1QA==/split_config.arm64_v8a.apk!/lib/arm64-v8a, /data/app/com.google.android.gm-7jBhKUCnqx71d5QzTqn1QA==/split_config.xxhdpi.apk!/lib/arm64-v8a, /data/app/com.google.android.gm-7jBhKUCnqx71d5QzTqn1QA==/split_config.zh.apk!/lib/arm64-v8a, /system/li
09-20 11:45:06.657 21280 21280 I ogle.android.g:   at java.lang.Class dalvik.system.BaseDexClassLoader.findClass(java.lang.String) (BaseDexClassLoader.java:134)
09-20 11:45:06.657 21280 21280 I ogle.android.g:   at java.lang.Class java.lang.ClassLoader.loadClass(java.lang.String, boolean) (ClassLoader.java:379)
09-20 11:45:06.657 21280 21280 I ogle.android.g:   at java.lang.Class java.lang.ClassLoader.loadClass(java.lang.String) (ClassLoader.java:312)
09-20 11:45:06.657 21280 21280 I ogle.android.g:   at java.lang.String hdn.a(android.content.Context) (PG:1)
09-20 11:45:06.657 21280 21280 I ogle.android.g:   at bhhj evk.a(bhhj) (PG:7)
09-20 11:45:06.657 21280 21280 I ogle.android.g:   at void evk.b(java.lang.String, acxy, bhhj, java.lang.String) (PG:42)
09-20 11:45:06.657 21280 21280 I ogle.android.g:   at void evk.b(java.lang.String, acxy, bhhj) (PG:37)
09-20 11:45:06.657 21280 21280 I ogle.android.g:   at void evk.d(java.lang.String) (PG:5)
09-20 11:45:06.657 21280 21280 I ogle.android.g:   at void per.onCreate() (PG:202)
09-20 11:45:06.657 21280 21280 I ogle.android.g:   at void pfz.onCreate() (PG:-1)
09-20 11:45:06.657 21280 21280 I ogle.android.g:   at void android.app.Instrumentation.callApplicationOnCreate(android.app.Application) (Instrumentation.java:1155)
09-20 11:45:06.657 21280 21280 I ogle.android.g:   at void android.app.ActivityThread.handleBindApplication(android.app.ActivityThread$AppBindData) (ActivityThread.java:5928)
09-20 11:45:06.657 21280 21280 I ogle.android.g:   at void android.app.ActivityThread.access$1100(android.app.ActivityThread, android.app.ActivityThread$AppBindData) (ActivityThread.java:200)
09-20 11:45:06.657 21280 21280 I ogle.android.g:   at void android.app.ActivityThread$H.handleMessage(android.os.Message) (ActivityThread.java:1656)
09-20 11:45:06.657 21280 21280 I ogle.android.g:   at void android.os.Handler.dispatchMessage(android.os.Message) (Handler.java:106)
09-20 11:45:06.657 21280 21280 I ogle.android.g:   at void android.os.Looper.loop() (Looper.java:193)
09-20 11:45:06.657 21280 21280 I ogle.android.g:   at void android.app.ActivityThread.main(java.lang.String[]) (ActivityThread.java:6735)
09-20 11:45:06.657 21280 21280 I ogle.android.g:   at java.lang.Object java.lang.reflect.Method.invoke(java.lang.Object, java.lang.Object[]) (Method.java:-2)
09-20 11:45:06.657 21280 21280 I ogle.android.g:   at void com.android.internal.os.RuntimeInit$MethodAndArgsCaller.run() (RuntimeInit.java:493)
09-20 11:45:06.657 21280 21280 I ogle.android.g:   at void com.android.internal.os.ZygoteInit.main(java.lang.String[]) (ZygoteInit.java:858)
09-20 11:45:06.657 21280 21280 I ogle.android.g: 
09-20 11:45:06.659 21280 21380 I FirebaseCrashApiImpl: FirebaseCrash reporting API initialized
09-20 11:45:06.659 21280 21380 W FirebaseCrashAnalytics: Unable to log event, missing Google Analytics for Firebase library
09-20 11:45:06.672 21269 21419 D PgoUtils: Trying to int PGO tools for art (Apply String init map fix: 0)
09-20 11:45:06.674 21269 21419 D SUSPEND_RESUME: Flag: base add: /suspendResumeVerifyV3_900_VV4 flag: PGO use: /suspendResumeVerifyV3_900_VV4_PGO
09-20 11:45:06.688 21269 21419 D MuseumVerifier: Attempting verification for SuspendResume with flag file: /mnt/expand/acdc1e63-dec3-4348-ae43-3be927cd3002/user/0/com.facebook.katana/app_pgoutils/suspendResumeVerifyV3_900_VV4_PGO
09-20 11:45:06.688 21269 21419 D MuseumVerifier: Parsed error [prior result: success] for SuspendResume : No Error
09-20 11:45:06.688 21269 21419 D MuseumVerifier: Skipping verification of SuspendResume: Already succeeded previously
09-20 11:45:06.688 21269 21419 D SUSPEND_RESUME: isSuspendResumeSupported: 1
09-20 11:45:06.688 21269 21419 D ART_PGO : verify ArtPGO Called [force verify: 0 target sdk ver: 29 flag name: /ArtPGOV02_900_VV4]
09-20 11:45:06.689 21269 21419 D MuseumVerifier: Attempting verification for Art PGO with flag file: /mnt/expand/acdc1e63-dec3-4348-ae43-3be927cd3002/user/0/com.facebook.katana/app_pgoutils/ArtPGOV02_900_VV4
09-20 11:45:06.689 21269 21419 D MuseumVerifier: Parsed error [prior result: success] for Art PGO : No Error
09-20 11:45:06.689 21269 21419 D MuseumVerifier: Skipping verification of Art PGO: Already succeeded previously
09-20 11:45:06.689 21269 21419 D PgoUtils: Art Pgo supported on platform: 1 suspend and resume supported: 1
09-20 11:45:06.689 21269 21419 D PgoUtils: PGO Utils was successfully inited [pgoutils: 1]
09-20 11:45:06.694 21269 21418 V AospBugFixOpts: set AOSP bug fix jboolean EnableAospBugFixes: bugFixOpt -> enable = 0. Given 0
09-20 11:45:06.703 21269 21419 D JitUtils: Trying to int jit tools for art
09-20 11:45:06.703 21269 21419 D ART_JIT : verifyArtJitCalls with jit Enabled [force verify: 0] malloc arena pool: 0 Jit sampling weights: 0 mmap race fix: 1 Test Method initialize (Landroid/content/Context;ZLjava/util/List;IZZZZZZ)Z[flag name: /ArtJitEnabledMMapFix_S2V13_AV900_VV4] test methods: [ ( n: testCompileMethod, s: (I)Z )( n: loadInnerNewApiClass, s: (Ljava/lang/String;[Ldalvik/system/DexFile;I)Ljava/lang/Class; ) ]
09-20 11:45:06.709 21269 21419 D MuseumVerifier: Attempting verification for Art Jit with flag file: /mnt/expand/acdc1e63-dec3-4348-ae43-3be927cd3002/user/0/com.facebook.katana/app_jitutils/ArtJitEnabledMMapFix_S2V13_AV900_VV4
09-20 11:45:06.709 21269 21419 D MuseumVerifier: Parsed error [prior result: success] for Art Jit : No Error
09-20 11:45:06.709 21269 21419 D MuseumVerifier: Skipping verification of Art Jit: Already succeeded previously
09-20 11:45:06.709 21269 21419 D JitUtils: Art Jit supported on platform[verify malloc arena pool 0 mmap race fix: 1 UI Tid[0]: 0]: 1 suspend and resume supported: 1
09-20 11:45:06.709 21269 21419 D JitUtils: Jit Utils was successfully inited [jitutils: 1] [Can enable malloc pool: 0] Current jit state: Enabled
09-20 11:45:06.710 21269 21419 D FbJitOpts: Set jboolean UseJit: jitOpts->use_jit_ = 1
09-20 11:45:06.710 21269 21419 D FbJitOpts: Set jit fixup jboolean MprotectFix: jitOpts->applyMprotectFix = 1
09-20 11:45:06.710 21269 21419 D FbJitOpts: Set jit fixup jboolean MprotectJitCreationOverride: jitOpts->applyMprotectJitCreationOverride = 1
09-20 11:45:06.710 21269 21419 D FbJitOpts: Set jit fixup jboolean CustomJitPriorities: jitOpts->applyCustomJitPriorities = 1
09-20 11:45:06.710 21269 21419 D FbJitOpts: Set jit fixup jboolean MmapRaceFix: jitOpts->applyMmapRaceFix = 1
09-20 11:45:06.710 21269 21419 D JitUtils: Enable Jit [modify: 1 start stopped: 0] enableMallocArenaPool: 0
09-20 11:45:06.710 21269 21419 D ART_JIT : Current Jit Options before trying to enable: Jit options: Use Jit: Enabled code_cache_initial_capacity_: 65536 code_cache_max_capacity_: 67108864 compile_threshold_: 10000 warmup_threshold_: 5000 osr_threshold_: 20000 priority_thread_weight_: 5 invoke_transition_weight_: 10 dump_info_on_shutdown_: Nosave_profiling_info_: Enabledsaveperiod: 40000
09-20 11:45:06.710 21269 21419 D ART_JIT : Jit current state UseJit: Enabled Jit is not null. We can try to modify: Yes
09-20 11:45:06.710 21269 21419 D ART_JIT : BEFORE Cur Jit OPT val: 0 Old jit val: 1
09-20 11:45:06.710 21269 21419 D ART_JIT : AFTER Cur Jit OPT val: 1 Old jit val: 1
09-20 11:45:06.710 21269 21419 D ART_JIT : Modify jit with options: Jit options: Use Jit: Enabled code_cache_initial_capacity_: 65536 code_cache_max_capacity_: 67108864 compile_threshold_: 10000 warmup_threshold_: 5000 osr_threshold_: 20000 priority_thread_weight_: 5 invoke_transition_weight_: 10 dump_info_on_shutdown_: Nosave_profiling_info_: Enabledsaveperiod: 40000
09-20 11:45:06.710 21269 21419 D ART_JIT : Suspending All threads
09-20 11:45:06.719  2271  2271 E ANDR-IOP: IOP HAL: Received pkg_name = com.google.android.gm pid = 0
09-20 11:45:06.738 10711 11476 I PeopleChimeraService: onService. callbacks = aajy@b5fa5f9, request = com.google.android.gms.common.internal.GetServiceRequest@3e1b93e
09-20 11:45:06.770 21294 21341 I FA      : App measurement initialized, version: 31000
09-20 11:45:06.770 21294 21341 I FA      : To enable debug logging run: adb shell setprop log.tag.FA VERBOSE
09-20 11:45:06.771 21294 21341 I FA      : To enable faster debug mode event logging run:
09-20 11:45:06.771 21294 21341 I FA      :   adb shell setprop debug.firebase.analytics.app hk.edu.hkbu.ito.hkbumobile
09-20 11:45:06.774 21269 21419 W facebook.katan: Suspending all threads took: 64.156ms
09-20 11:45:06.775 21269 21419 D ART_JIT : Commit code hook succeed. Is Direct jmp: 0 errmsg: 
09-20 11:45:06.778 21269 21419 D ART_JIT : Jit AddSampling hook succeeded
09-20 11:45:06.778 21269 21419 D ART_JIT : Fix up jit bugs was successful
09-20 11:45:06.778 21269 21419 D ART_JIT : Resuming All threads
09-20 11:45:06.778 21269 21419 D JitUtils: Jit was enabled: 1
09-20 11:45:06.778 21269 21419 D JitUtils: Art Jit enabled done: 1
09-20 11:45:06.778 21269 21352 D appstatelogger2: Tracking self-SIGKILLs for all of FADv2 rather than just FADv1
09-20 11:45:06.801 21269 21406 I facebook.katan: WaitForGcToComplete blocked Debugger on Debugger for 185.262ms
09-20 11:45:06.802 21269 21406 W dalvik-internals: could not hook _ZN3art15DexFileVerifier6VerifyEPKNS_7DexFileEPKhjPKcbPNSt3__112basic_stringIcNS8_11char_traitsIcEENS8_9allocato
09-20 11:45:06.802 21269 21406 E dalvik-internals: attempting to hook OatFileManager::HasCollisions
09-20 11:45:06.803 21269 21406 V dalvik-internals: Hooking function _ZNK3art14OatFileManager13HasCollisionsEPKNS_7OatFileEPKNS_18ClassLoaderContextEPNSt3__112basic_stringIcNS7_11char_traitsIcEENS7_9allocatorIcEEEE
09-20 11:45:06.803 21269 21406 V dalvik-internals: hooked _ZNK3art14OatFileManager13HasCollisionsEPKNS_7OatFileEPKNS_18ClassLoaderContextEPNSt3__112basic_stringIcNS7_11char_traitsIcEENS7_9allocatorIcEEEE using jump ()
09-20 11:45:06.803 21269 21406 E dalvik-internals: attempting to hook OatFileAssistant::IsUpToDate
09-20 11:45:06.803 21269 21406 V dalvik-internals: Hooking function _ZN3art16OatFileAssistant10IsUpToDateEv
09-20 11:45:06.803 21269 21406 V dalvik-internals: hooked _ZN3art16OatFileAssistant10IsUpToDateEv using jump ()
09-20 11:45:06.803 21269 21406 E dalvik-internals: attempting to hook OatFileAssistant::IsUpToDate
09-20 11:45:06.805 21269 21406 E dalvik-internals: could not hook _ZN3art16OatFileAssistant17OatFileIsUpToDateEv
09-20 11:45:06.805 21269 21406 E dalvik-internals: attempting to hook OatFileAssistant::IsUpToDate
09-20 11:45:06.806 21269 21406 E dalvik-internals: could not hook _ZN3art16OatFileAssistant18OdexFileIsUpToDateEv
09-20 11:45:06.806 21269 21406 E dalvik-internals: attempting to hook OatFileAssistant::IsUpToDate
09-20 11:45:06.807 21269 21406 E dalvik-internals: could not hook _ZN3art16OatFileAssistant22GivenOatFileIsUpToDateERKNS_7OatFileE
09-20 11:45:06.827 21269 21352 W lacrima : Abort hooks installed successfully
09-20 11:45:06.832 21280 21407 W aanp    : Toggling Chat components off.
09-20 11:45:06.832 21269 21352 W lacrima : Start AnrDetector... com.facebook.acra.anr.multisignal.MultiSignalANRDetector
09-20 11:45:06.832 21269 21352 W MultiSignalANRDetectorLacrima: Starting
09-20 11:45:06.832 21269 21352 W ProcessAnrErrorMonitor: startMonitoring with delay: 4000
09-20 11:45:06.833 21269 21352 W lacrima : Start AnrAppDeathDetector... X.0Ky
09-20 11:45:06.833 21280 21407 W aanp    : Toggling Meet components on.
09-20 11:45:06.834 21269 21352 W lacrima : No anr report file found
09-20 11:45:06.837 21269 21445 W SigquitDetectorLacrima: nativeInit
09-20 11:45:06.838 21269 21445 D SigquitDetector: Signal catcher tid: 21279
09-20 11:45:06.838 21269 21445 D SigquitDetector: Initialized [Lacrima]
09-20 11:45:06.842 21269 21406 W MultiDexClassLoader: unable to use native MDCL: falling back to Java impl
09-20 11:45:06.842 21269 21406 W MultiDexClassLoader: java.lang.RuntimeException: Invalid API Level
09-20 11:45:06.842 21269 21406 W MultiDexClassLoader: 	at com.facebook.common.dextricks.MultiDexClassLoaderArtNative.init(Native Method)
09-20 11:45:06.842 21269 21406 W MultiDexClassLoader: 	at com.facebook.common.dextricks.MultiDexClassLoaderArtNative.<init>(:60)
09-20 11:45:06.842 21269 21406 W MultiDexClassLoader: 	at com.facebook.common.dextricks.MultiDexClassLoader.createMultiDexClassLoader(:71)
09-20 11:45:06.842 21269 21406 W MultiDexClassLoader: 	at com.facebook.common.dextricks.MultiDexClassLoader.install(:97)
09-20 11:45:06.842 21269 21406 W MultiDexClassLoader: 	at com.facebook.common.dextricks.DexStore.loadDexFiles(:186)
09-20 11:45:06.842 21269 21406 W MultiDexClassLoader: 	at com.facebook.common.dextricks.DexStore.loadAllImpl(:867)
09-20 11:45:06.842 21269 21406 W MultiDexClassLoader: 	at com.facebook.common.dextricks.DexStore.loadAll(:1)
09-20 11:45:06.842 21269 21406 W MultiDexClassLoader: 	at com.facebook.common.dextricks.DexLibLoader.loadAllImpl(:178)
09-20 11:45:06.842 21269 21406 W MultiDexClassLoader: 	at com.facebook.common.dextricks.DexLibLoader.loadAll(:10987)
09-20 11:45:06.842 21269 21406 W MultiDexClassLoader: 	at com.facebook.common.dextricks.DexLibLoader.loadAll(:10983)
09-20 11:45:06.842 21269 21406 W MultiDexClassLoader: 	at X.0CE.A00(:9)
09-20 11:45:06.842 21269 21406 W MultiDexClassLoader: 	at X.0Bv.A05(:11)
09-20 11:45:06.842 21269 21406 W MultiDexClassLoader: 	at X.0Dd.AbR(:42)
09-20 11:45:06.842 21269 21406 W MultiDexClassLoader: 	at com.facebook.katana.app.FacebookApplication.A09(:4)
09-20 11:45:06.842 21269 21406 W MultiDexClassLoader: 	at X.003.A05(:5)
09-20 11:45:06.842 21269 21406 W MultiDexClassLoader: 	at X.04B.run(:13)
09-20 11:45:06.843 21269 21406 W dalvik-internals: could not hook _ZN3art15DexFileVerifier6VerifyEPKNS_7DexFileEPKhjPKcbPNSt3__112basic_stringIcNS8_11char_traitsIcEENS8_9allocato
09-20 11:45:06.870 21269 21406 W DexLibLoader: Comparing new 1600179606261 to old 1600179606261
09-20 11:45:06.874 21269 21448 D PgoUtils: Adding Code Paths
09-20 11:45:06.874 21269 21448 D PgoUtils: Adding Code Path got 2 items
09-20 11:45:06.892 21269 21269 W com.facebook.katana: type=1400 audit(0.0:23968): avc: denied { execmod } for comm=4173796E635461736B202332 path="/mnt/expand/acdc1e63-dec3-4348-ae43-3be927cd3002/app/com.facebook.katana-Fr3MH6DU7lgHcOhbJd3law==/oat/arm64/base.odex" dev="dm-3" ino=458765 scontext=u:r:untrusted_app:s0:c129,c256,c512,c768 tcontext=u:object_r:dalvikcache_data_file:s0 tclass=file permissive=0
09-20 11:45:06.979 21269 21455 D CACHE_HINTS: Entering madvise file
09-20 11:45:06.980 21269 21455 D CACHE_HINTS: MADVISE_RAND file 0x7501f20000 4841471 /mnt/expand/acdc1e63-dec3-4348-ae43-3be927cd3002/user/0/com.facebook.katana/app_restricks/layouts.bin
09-20 11:45:07.035 21269 21269 E dalvik-internals: skipping IsUpToDate check for incoming dex file
09-20 11:45:07.084 21269 21269 W facebook.katan: !bang JNI is deprecated. Switch to @FastNative for void com.facebook.yoga.YogaSetup.jni_enableFacebookInstrumentation()
09-20 11:45:07.084 21269 21269 W facebook.katan: !bang JNI is deprecated. Switch to @FastNative for void com.facebook.yoga.YogaSetup.jni_resetCounters()
09-20 11:45:07.085 21269 21278 I facebook.katan: Method exceeds compiler instruction limit: 24040 in java.lang.Object X.36p.A00(int, X.0oK)
09-20 11:45:07.108 21269 21286 W System  : A resource failed to call close. 
09-20 11:45:07.122 21269 21456 W Profilo/TraceControl: START PROFILO_TRACEID: FUKU+96RQhE
09-20 11:45:07.127 21269 21458 W fb4a.AppStateLoggerCore: Application needs to be registered before setting app state manager bridge
09-20 11:45:07.127 21269 21455 W fb4a.FrscLanguagePackLoader: Loading FRSC strings for locale (zh_HK)
09-20 11:45:07.142  2271  2271 E ANDR-IOP: IOP HAL: Received pkg_name = com.facebook.katana pid = 0
09-20 11:45:07.147 21269 21484 W fb4a.FrscLanguagePackLoader: FRSC English strings buffer size - (limit : 576778, capacity : 576778)
09-20 11:45:07.150 21269 21456 W Profilo/BlackBoxApi: TRACE START: success = true; markerID: 30539777
09-20 11:45:07.152 21269 21444 D         : Function _ZN3art13SignalCatcher6OutputERKNSt3__112basic_stringIcNS1_11char_traitsIcEENS1_9allocatorIcEEEE hooked with result=0
09-20 11:45:07.152 21269 21444 D SigquitDetector: Hooked methods [Lacrima]
09-20 11:45:07.177 21269 21482 V tigonliger: tigonliger/JNI_OnLoad called
09-20 11:45:07.232 21269 21269 W CombinedTP3: type=1400 audit(0.0:23969): avc: denied { read } for name="stats" dev="proc" ino=4026533116 scontext=u:r:untrusted_app:s0:c129,c256,c512,c768 tcontext=u:object_r:proc_qtaguid_stat:s0 tclass=file permissive=0
09-20 11:45:07.242 21269 21269 W CombinedTP3: type=1400 audit(0.0:23970): avc: denied { read } for name="stats" dev="proc" ino=4026533116 scontext=u:r:untrusted_app:s0:c129,c256,c512,c768 tcontext=u:object_r:proc_qtaguid_stat:s0 tclass=file permissive=0
09-20 11:45:07.242 21269 21269 W CombinedTP3: type=1400 audit(0.0:23971): avc: denied { read } for name="stats" dev="proc" ino=4026533116 scontext=u:r:untrusted_app:s0:c129,c256,c512,c768 tcontext=u:object_r:proc_qtaguid_stat:s0 tclass=file permissive=0
09-20 11:45:07.242 21269 21269 W CombinedTP3: type=1400 audit(0.0:23972): avc: denied { read } for name="stats" dev="proc" ino=4026533116 scontext=u:r:untrusted_app:s0:c129,c256,c512,c768 tcontext=u:object_r:proc_qtaguid_stat:s0 tclass=file permissive=0
09-20 11:45:07.244 21269 21482 V tigonliger: tigonapi/JNI_OnLoad called
09-20 11:45:07.249 21269 21454 E fb4a.FbTrafficStats: Unable to parse data usage from system file
09-20 11:45:07.249 21269 21454 E fb4a.FbTrafficStats: X.32J: java.io.FileNotFoundException: /proc/net/xt_qtaguid/stats (Permission denied)
09-20 11:45:07.249 21269 21454 E fb4a.FbTrafficStats: 	at X.2E6.A00(:40)
09-20 11:45:07.249 21269 21454 E fb4a.FbTrafficStats: 	at X.1Nq.A02(:30)
09-20 11:45:07.249 21269 21454 E fb4a.FbTrafficStats: 	at X.1Nr.run(:10)
09-20 11:45:07.249 21269 21454 E fb4a.FbTrafficStats: 	at X.3z8.run(:5)
09-20 11:45:07.249 21269 21454 E fb4a.FbTrafficStats: 	at X.0vw.run(:2)
09-20 11:45:07.249 21269 21454 E fb4a.FbTrafficStats: 	at java.util.concurrent.ThreadPoolExecutor.runWorker(ThreadPoolExecutor.java:1167)
09-20 11:45:07.249 21269 21454 E fb4a.FbTrafficStats: 	at java.util.concurrent.ThreadPoolExecutor$Worker.run(ThreadPoolExecutor.java:641)
09-20 11:45:07.249 21269 21454 E fb4a.FbTrafficStats: 	at X.0v4.run(:3)
09-20 11:45:07.249 21269 21454 E fb4a.FbTrafficStats: 	at X.0rY.run(:12)
09-20 11:45:07.249 21269 21454 E fb4a.FbTrafficStats: 	at java.lang.Thread.run(Thread.java:764)
09-20 11:45:07.249 21269 21454 E fb4a.FbTrafficStats: Caused by: java.io.FileNotFoundException: /proc/net/xt_qtaguid/stats (Permission denied)
09-20 11:45:07.249 21269 21454 E fb4a.FbTrafficStats: 	at java.io.FileInputStream.open0(Native Method)
09-20 11:45:07.249 21269 21454 E fb4a.FbTrafficStats: 	at java.io.FileInputStream.open(FileInputStream.java:231)
09-20 11:45:07.249 21269 21454 E fb4a.FbTrafficStats: 	at java.io.FileInputStream.<init>(FileInputStream.java:165)
09-20 11:45:07.249 21269 21454 E fb4a.FbTrafficStats: 	at X.2E6.A00(:17)
09-20 11:45:07.249 21269 21454 E fb4a.FbTrafficStats: 	... 9 more
09-20 11:45:07.250 21269 21454 E fb4a.FbTrafficStats: Unable to parse data usage from system file
09-20 11:45:07.250 21269 21454 E fb4a.FbTrafficStats: X.32J: java.io.FileNotFoundException: /proc/net/xt_qtaguid/stats (Permission denied)
09-20 11:45:07.250 21269 21454 E fb4a.FbTrafficStats: 	at X.2E6.A00(:40)
09-20 11:45:07.250 21269 21454 E fb4a.FbTrafficStats: 	at X.1Nq.A02(:52)
09-20 11:45:07.250 21269 21454 E fb4a.FbTrafficStats: 	at X.1Nr.run(:10)
09-20 11:45:07.250 21269 21454 E fb4a.FbTrafficStats: 	at X.3z8.run(:5)
09-20 11:45:07.250 21269 21454 E fb4a.FbTrafficStats: 	at X.0vw.run(:2)
09-20 11:45:07.250 21269 21454 E fb4a.FbTrafficStats: 	at java.util.concurrent.ThreadPoolExecutor.runWorker(ThreadPoolExecutor.java:1167)
09-20 11:45:07.250 21269 21454 E fb4a.FbTrafficStats: 	at java.util.concurrent.ThreadPoolExecutor$Worker.run(ThreadPoolExecutor.java:641)
09-20 11:45:07.250 21269 21454 E fb4a.FbTrafficStats: 	at X.0v4.run(:3)
09-20 11:45:07.250 21269 21454 E fb4a.FbTrafficStats: 	at X.0rY.run(:12)
09-20 11:45:07.250 21269 21454 E fb4a.FbTrafficStats: 	at java.lang.Thread.run(Thread.java:764)
09-20 11:45:07.250 21269 21454 E fb4a.FbTrafficStats: Caused by: java.io.FileNotFoundException: /proc/net/xt_qtaguid/stats (Permission denied)
09-20 11:45:07.250 21269 21454 E fb4a.FbTrafficStats: 	at java.io.FileInputStream.open0(Native Method)
09-20 11:45:07.250 21269 21454 E fb4a.FbTrafficStats: 	at java.io.FileInputStream.open(FileInputStream.java:231)
09-20 11:45:07.250 21269 21454 E fb4a.FbTrafficStats: 	at java.io.FileInputStream.<init>(FileInputStream.java:165)
09-20 11:45:07.250 21269 21454 E fb4a.FbTrafficStats: 	at X.2E6.A00(:17)
09-20 11:45:07.250 21269 21454 E fb4a.FbTrafficStats: 	... 9 more
09-20 11:45:07.325 21269 21460 D relenginterceptor: RELENG rewrite skipped, config is disabled.
09-20 11:45:07.325 21269 21460 D defcontigonrelayernative: DefconTigonDelayer starting
09-20 11:45:07.325 21269 21460 D defcontigonrelayernative: DefconTigonDelayer skipped, config is disabled.
09-20 11:45:07.362 21269 21453 I mobileconfig: Using OTA mobileconfig resource
09-20 11:45:07.372 21269 21286 W System  : A resource failed to call close. 
09-20 11:45:07.380 21269 21482 E fb4a.StartupInfraPreloader: Unknown component: feedunittreeserializer
09-20 11:45:07.411 21269 21483 I CameraManagerGlobal: Connecting to camera service
09-20 11:45:07.413 21269 21482 E fb4a.StartupInfraPreloader: Unknown component: 	
09-20 11:45:07.432 21269 21269 W CombinedTP13: type=1400 audit(0.0:23973): avc: denied { read } for name="u:object_r:vendor_camera_prop:s0" dev="tmpfs" ino=23668 scontext=u:r:untrusted_app:s0:c129,c256,c512,c768 tcontext=u:object_r:vendor_camera_prop:s0 tclass=file permissive=0
09-20 11:45:07.432 21269 21269 W CombinedTP13: type=1400 audit(0.0:23974): avc: denied { read } for name="u:object_r:vendor_camera_prop:s0" dev="tmpfs" ino=23668 scontext=u:r:untrusted_app:s0:c129,c256,c512,c768 tcontext=u:object_r:vendor_camera_prop:s0 tclass=file permissive=0
09-20 11:45:07.432 21269 21269 W CombinedTP13: type=1400 audit(0.0:23975): avc: denied { read } for name="u:object_r:vendor_camera_prop:s0" dev="tmpfs" ino=23668 scontext=u:r:untrusted_app:s0:c129,c256,c512,c768 tcontext=u:object_r:vendor_camera_prop:s0 tclass=file permissive=0
09-20 11:45:07.432 21269 21269 W CombinedTP13: type=1400 audit(0.0:23976): avc: denied { read } for name="u:object_r:vendor_camera_prop:s0" dev="tmpfs" ino=23668 scontext=u:r:untrusted_app:s0:c129,c256,c512,c768 tcontext=u:object_r:vendor_camera_prop:s0 tclass=file permissive=0
09-20 11:45:07.443 21269 21483 E libc    : Access denied finding property "vendor.camera.aux.packagelist"
09-20 11:45:07.443 21269 21483 E libc    : Access denied finding property "vendor.camera.aux.packagelist"
09-20 11:45:07.443 21269 21483 E libc    : Access denied finding property "vendor.camera.aux.packagelist"
09-20 11:45:07.443 21269 21483 W CameraManagerGlobal: [soar.cts] ignore the status update of camera: 2
09-20 11:45:07.443 21269 21483 E libc    : Access denied finding property "vendor.camera.aux.packagelist"
09-20 11:45:07.443 21269 21483 W CameraManagerGlobal: [soar.cts] ignore the status update of camera: 3
09-20 11:45:07.443 21269 21483 E libc    : Access denied finding property "vendor.camera.aux.packagelist"
09-20 11:45:07.443 21269 21292 E libc    : Access denied finding property "vendor.camera.aux.packagelist"
09-20 11:45:07.444 21269 21292 E libc    : Access denied finding property "vendor.camera.aux.packagelist"
09-20 11:45:07.444 21269 21292 W CameraManagerGlobal: ignore the torch status update of camera: 3
09-20 11:45:07.462  3004  3134 E NetworkController.WifiSignalController: showVowifiIcon=false
09-20 11:45:07.464 20415 20468 I CarrierServices: [9285] cpo.onConnectivityChange: FiST: Wifi connectivity status true
09-20 11:45:07.471   674  3343 I WifiHAL : event received NL80211_CMD_VENDOR, vendor_id = 0x1374, subcmd = 0xd
09-20 11:45:07.473 20415 20515 I CarrierServices: [9312] cxn.c: (PEv2-SM): DisabledState: event Connectivity event [null]
09-20 11:45:07.475 20415 20468 I CarrierServices: [9285] cqh.d: Connected state: [1], networkType: [WIFI]
09-20 11:45:07.479 20415 20525 I CarrierServices: [9318] dda.d: RCS Configuration storage in Bugle is disabled by p/h flag, using ProvisioningEngineStateCacheUtil.getProvisioningConfigurationForGivenSim()
09-20 11:45:07.558 20595 21212 D UE4     : [2020.09.20-03.45.07:558][618]LogTcpMessaging: Lost node 'CCFD19D44BB2869A35352DB760229726' on connection '127.0.0.1:42119'...
09-20 11:45:07.558 20595 21212 D UE4     : *** JavaEnvDestructor: 21212
09-20 11:45:07.585 21269 21500 I Adreno  : QUALCOMM build                   : 84ea314, I37527e3d62
09-20 11:45:07.585 21269 21500 I Adreno  : Build Date                       : 01/12/19
09-20 11:45:07.585 21269 21500 I Adreno  : OpenGL ES Shader Compiler Version: EV031.25.03.02
09-20 11:45:07.585 21269 21500 I Adreno  : Local Branch                     : 
09-20 11:45:07.585 21269 21500 I Adreno  : Remote Branch                    : 
09-20 11:45:07.585 21269 21500 I Adreno  : Remote Branch                    : 
09-20 11:45:07.585 21269 21500 I Adreno  : Reconstruct Branch               : 
09-20 11:45:07.585 21269 21500 I Adreno  : Build Config                     : S P 6.0.7 AArch64
09-20 11:45:07.590 21269 21500 I Adreno  : PFP: 0x016ee176, ME: 0x00000000
09-20 11:45:07.595 21269 21500 I ConfigStore: android::hardware::configstore::V1_0::ISurfaceFlingerConfigs::hasWideColorDisplay retrieved: 1
09-20 11:45:07.595 21269 21500 I ConfigStore: android::hardware::configstore::V1_0::ISurfaceFlingerConfigs::hasHDRDisplay retrieved: 1
09-20 11:45:07.660 21269 21453 I mobileconfig: schema hash match: OTA: 82f110cb2eb2aa644941de101453f1ef, ondisk: 82f110cb2eb2aa644941de101453f1ef
09-20 11:45:07.660 21269 21453 I mobileconfig: Read one query hash from OTA, it is = 3d337e4e989cb9cdeb9de54c4fb954e942016d80f1a767657cc135c2d8ad7215
09-20 11:45:07.661 21269 21453 I mobileconfig: Initialized MobileConfig - directory: /mnt/expand/acdc1e63-dec3-4348-ae43-3be927cd3002/user/0/com.facebook.katana/files, appVersion: 287.1.0.51.119, paramHash: 82f110cb2eb2aa644941de101453f1ef:8e40b2ac57fa927c52219999c6b4dc04, readOnly: false bufferPathPostfix: 
09-20 11:45:07.661 21269 21453 I mobileconfig: Read RN schema map size: 1994
09-20 11:45:07.681 20595 20617 D UE4     : [2020.09.20-03.45.07:681][618]LogCore: Display: AppLifetime: Application will deactivate
09-20 11:45:07.682 20595 20617 D UE4     : [GameActivity] Unregistering volume receiver
09-20 11:45:07.682 20595 20617 D UE4     : [GameActivity] Unregistering battery receiver
09-20 11:45:07.683 20595 20617 D UE4     : [GameActivity] Unregistering headset receiver
09-20 11:45:07.684 20595 20617 D UE4     : [2020.09.20-03.45.07:684][618]LogCore: Display: AppLifetime: Application will enter background
09-20 11:45:07.684 20595 20617 D UE4     : [2020.09.20-03.45.07:684][618]LogTemp: Android pause audio
09-20 11:45:07.685 20595 20617 D UE4     : [2020.09.20-03.45.07:685][618]LogAudioMixerAndroid: Display: Suspending android audio renderer
09-20 11:45:07.685 20595 20617 D         : PlayerBase::pause() from IPlayer
09-20 11:45:07.686 20595 20618 D UE4     : [2020.09.20-03.45.07:686][618]LogAndroid: Blocking renderer on invalid window.
09-20 11:45:07.686 20595 20618 D UE4     : [2020.09.20-03.45.07:686][618]LogAndroid: Waiting for renderer to encounter blocking command.
09-20 11:45:07.686 20595 21189 D UE4     : [2020.09.20-03.45.07:686][618]LogAndroid: Blocking renderer
09-20 11:45:07.687 20595 20618 D UE4     : LogAndroidEvents::EnqueueAppEvent : 13, [width=-1, height=-1], tid = 20618, APP_EVENT_STATE_APP_SUSPENDED
09-20 11:45:07.687 20595 20618 D UE4     : [2020.09.20-03.45.07:687][618]LogAndroid: Case APP_CMD_LOST_FOCUS
09-20 11:45:07.687 20595 20618 D UE4     : LogAndroidEvents::EnqueueAppEvent : 10, [width=-1, height=-1], tid = 20618, APP_EVENT_STATE_WINDOW_LOST_FOCUS
09-20 11:45:07.687 20595 20618 D UE4     : Case APP_CMD_TERM_WINDOW, tid = 20618
09-20 11:45:07.687 20595 20618 D UE4     : [2020.09.20-03.45.07:687][618]LogAndroid: Case APP_CMD_TERM_WINDOW
09-20 11:45:07.687 20595 20618 D UE4     : LogAndroidEvents::EnqueueAppEvent : 3, [width=-1, height=-1], tid = 20618, APP_EVENT_STATE_WINDOW_DESTROYED
09-20 11:45:07.690 20595 20618 D UE4     : [2020.09.20-03.45.07:690][618]LogAndroid: Case APP_CMD_STOP
09-20 11:45:07.690 20595 20595 D UE4     : [GameActivity] ==============> GameActive.onStop complete!
09-20 11:45:07.690 20595 20618 D UE4     : LogAndroidEvents::EnqueueAppEvent : 8, [width=-1, height=-1], tid = 20618, APP_EVENT_STATE_ON_STOP
09-20 11:45:07.691 20595 20618 D UE4     : [2020.09.20-03.45.07:691][618]LogAndroid: Case APP_CMD_SAVE_STATE
09-20 11:45:07.691 20595 20618 D UE4     : LogAndroidEvents::EnqueueAppEvent : 12, [width=-1, height=-1], tid = 20618, APP_EVENT_STATE_SAVE_STATE
09-20 11:45:07.693 20595 20595 I Choreographer: Skipped 169 frames!  The application may be doing too much work on its main thread.
09-20 11:45:07.699 20595 20617 D UE4     : [2020.09.20-03.45.07:698][619]LogAndroidEvents: Display: LogAndroidEvents::DequeueAppEvent : 13, [width=-1, height=-1], APP_EVENT_STATE_APP_SUSPENDED
09-20 11:45:07.699 20595 20617 D UE4     : FAppEventManager::Tick processing, 13
09-20 11:45:07.699 20595 20617 D UE4     : Execution will be paused...
09-20 11:45:07.699 20595 20617 D UE4     : [2020.09.20-03.45.07:699][619]LogAndroidEvents: Display: LogAndroidEvents::DequeueAppEvent : 10, [width=-1, height=-1], APP_EVENT_STATE_WINDOW_LOST_FOCUS
09-20 11:45:07.699 20595 20617 D UE4     : FAppEventManager::Tick processing, 10
09-20 11:45:07.699 20595 20617 D UE4     : [2020.09.20-03.45.07:699][619]LogAndroidEvents: Display: LogAndroidEvents::DequeueAppEvent : 3, [width=-1, height=-1], APP_EVENT_STATE_WINDOW_DESTROYED
09-20 11:45:07.699 20595 20617 D UE4     : FAppEventManager::Tick processing, 3
09-20 11:45:07.699 20595 20617 D UE4     : APP_EVENT_STATE_WINDOW_DESTROYED, 0, 0, 0
09-20 11:45:07.699 20595 20617 D UE4     : [2020.09.20-03.45.07:699][619]LogAndroidEvents: Display: LogAndroidEvents::DequeueAppEvent : 8, [width=-1, height=-1], APP_EVENT_STATE_ON_STOP
09-20 11:45:07.699 20595 20617 D UE4     : FAppEventManager::Tick processing, 8
09-20 11:45:07.699 20595 20617 D UE4     : [2020.09.20-03.45.07:699][619]LogAndroidEvents: Display: LogAndroidEvents::DequeueAppEvent : 12, [width=-1, height=-1], APP_EVENT_STATE_SAVE_STATE
09-20 11:45:07.699 20595 20617 D UE4     : FAppEventManager::Tick processing, 12
09-20 11:45:07.699 20595 20617 D UE4     : FAppEventManager::Tick EventHandlerEvent Wait 
09-20 11:45:07.699 20595 20617 D UE4     : FAppEventManager::Tick EventHandlerEvent DONE Wait 
09-20 11:45:07.701 21269 21453 I mobileconfig: No OTA resource found
09-20 11:45:07.701 21269 21453 I mobileconfig: Using asset manager to stream (sessionless: YES) params_map.txt
09-20 11:45:07.703 20595 20595 D UE4     : [GameActivity] ==============> GameActive.onTrimMemory(TRIM_MEMORY_UI_HIDDEN) called!
09-20 11:45:07.706 20595 20595 V UE4     : [GameApp] App in background
09-20 11:45:07.724  2565  8657 W ActivityManager: Background start not allowed: service Intent { act=Orca.START cmp=com.facebook.katana/com.facebook.mqttlite.MqttService } to com.facebook.katana/com.facebook.mqttlite.MqttService from pid=21269 uid=10129 pkg=com.facebook.katana startFg?=false
09-20 11:45:07.748 21269 21453 I mobileconfig: Params map streaming - readbytes: 705894/705894
09-20 11:45:07.748 21269 21453 I mobileconfig: Successfully parsed (sessionless: YES) params_map.txt
09-20 11:45:07.750 21269 21453 I mobileconfig: Read one query hash from asset, it is = 370cc1a338badd903b7a7a70116f6a7294ada0940f54e6a832bc77a47373d5c0
09-20 11:45:07.752 21269 21453 I mobileconfig: Initialized MobileConfig - directory: /mnt/expand/acdc1e63-dec3-4348-ae43-3be927cd3002/user/0/com.facebook.katana/files, appVersion: 287.1.0.51.119, paramHash: 82f110cb2eb2aa644941de101453f1ef:97f57c6d81f3c51f8e9162b82c0ed84a, readOnly: false bufferPathPostfix: 
09-20 11:45:07.796 21269 21453 D relenginterceptor: RELENG rewrite skipped, config is disabled.
09-20 11:45:07.796 21269 21453 D defcontigonrelayernative: DefconTigonDelayer starting
09-20 11:45:07.796 21269 21453 D defcontigonrelayernative: DefconTigonDelayer skipped, config is disabled.
09-20 11:45:07.838 20595 20617 D UE4     : FAppEventManager::Tick EventHandlerEvent Wait 
09-20 11:45:07.847 21269 21478 W fb4a.AppStateLoggerCore: AppStateLogger is not ready yet (getAppStateErrorLogger)
09-20 11:45:07.850 21269 21479 W fb4a.AppStateLoggerCore: No application has been registered with AppStateLogger
09-20 11:45:08.104 21269 21499 E fb4a.FbTrafficStats: Unable to parse data usage from system file
09-20 11:45:08.104 21269 21499 E fb4a.FbTrafficStats: X.32J: java.io.FileNotFoundException: /proc/net/xt_qtaguid/stats (Permission denied)
09-20 11:45:08.104 21269 21499 E fb4a.FbTrafficStats: 	at X.2E6.A00(:40)
09-20 11:45:08.104 21269 21499 E fb4a.FbTrafficStats: 	at X.1Nq.A02(:30)
09-20 11:45:08.104 21269 21499 E fb4a.FbTrafficStats: 	at X.1Nq.A03(:15)
09-20 11:45:08.104 21269 21499 E fb4a.FbTrafficStats: 	at X.4oG.AlO(:426)
09-20 11:45:08.104 21269 21499 E fb4a.FbTrafficStats: 	at com.facebook.analytics.ClientPeriodicEventReporterManager.A02(:0)
09-20 11:45:08.104 21269 21499 E fb4a.FbTrafficStats: 	at X.0tY.A00(:61)
09-20 11:45:08.104 21269 21499 E fb4a.FbTrafficStats: 	at X.0tY.CJM(:243)
09-20 11:45:08.104 21269 21499 E fb4a.FbTrafficStats: 	at X.0S7.A00(:10)
09-20 11:45:08.104 21269 21499 E fb4a.FbTrafficStats: 	at X.0A7.A01(:19)
09-20 11:45:08.104 21269 21499 E fb4a.FbTrafficStats: 	at X.0S7.A00(:6)
09-20 11:45:08.104 21269 21499 E fb4a.FbTrafficStats: 	at X.0J5.A04(:11)
09-20 11:45:08.104 21269 21499 E fb4a.FbTrafficStats: 	at X.0J5.A07(:16)
09-20 11:45:08.104 21269 21499 E fb4a.FbTrafficStats: 	at X.0J5.A05(:73)
09-20 11:45:08.104 21269 21499 E fb4a.FbTrafficStats: 	at X.0J5.handleMessage(:294)
09-20 11:45:08.104 21269 21499 E fb4a.FbTrafficStats: 	at android.os.Handler.dispatchMessage(Handler.java:106)
09-20 11:45:08.104 21269 21499 E fb4a.FbTrafficStats: 	at android.os.Looper.loop(Looper.java:193)
09-20 11:45:08.104 21269 21499 E fb4a.FbTrafficStats: 	at android.os.HandlerThread.run(HandlerThread.java:65)
09-20 11:45:08.104 21269 21499 E fb4a.FbTrafficStats: 	at X.0sA.run(:0)
09-20 11:45:08.104 21269 21499 E fb4a.FbTrafficStats: Caused by: java.io.FileNotFoundException: /proc/net/xt_qtaguid/stats (Permission denied)
09-20 11:45:08.104 21269 21499 E fb4a.FbTrafficStats: 	at java.io.FileInputStream.open0(Native Method)
09-20 11:45:08.104 21269 21499 E fb4a.FbTrafficStats: 	at java.io.FileInputStream.open(FileInputStream.java:231)
09-20 11:45:08.104 21269 21499 E fb4a.FbTrafficStats: 	at java.io.FileInputStream.<init>(FileInputStream.java:165)
09-20 11:45:08.104 21269 21499 E fb4a.FbTrafficStats: 	at X.2E6.A00(:17)
09-20 11:45:08.104 21269 21499 E fb4a.FbTrafficStats: 	... 17 more
09-20 11:45:08.105 21269 21499 E fb4a.FbTrafficStats: Unable to parse data usage from system file
09-20 11:45:08.105 21269 21499 E fb4a.FbTrafficStats: X.32J: java.io.FileNotFoundException: /proc/net/xt_qtaguid/stats (Permission denied)
09-20 11:45:08.105 21269 21499 E fb4a.FbTrafficStats: 	at X.2E6.A00(:40)
09-20 11:45:08.105 21269 21499 E fb4a.FbTrafficStats: 	at X.1Nq.A02(:52)
09-20 11:45:08.105 21269 21499 E fb4a.FbTrafficStats: 	at X.1Nq.A03(:15)
09-20 11:45:08.105 21269 21499 E fb4a.FbTrafficStats: 	at X.4oG.AlO(:426)
09-20 11:45:08.105 21269 21499 E fb4a.FbTrafficStats: 	at com.facebook.analytics.ClientPeriodicEventReporterManager.A02(:0)
09-20 11:45:08.105 21269 21499 E fb4a.FbTrafficStats: 	at X.0tY.A00(:61)
09-20 11:45:08.105 21269 21499 E fb4a.FbTrafficStats: 	at X.0tY.CJM(:243)
09-20 11:45:08.105 21269 21499 E fb4a.FbTrafficStats: 	at X.0S7.A00(:10)
09-20 11:45:08.105 21269 21499 E fb4a.FbTrafficStats: 	at X.0A7.A01(:19)
09-20 11:45:08.105 21269 21499 E fb4a.FbTrafficStats: 	at X.0S7.A00(:6)
09-20 11:45:08.105 21269 21499 E fb4a.FbTrafficStats: 	at X.0J5.A04(:11)
09-20 11:45:08.105 21269 21499 E fb4a.FbTrafficStats: 	at X.0J5.A07(:16)
09-20 11:45:08.105 21269 21499 E fb4a.FbTrafficStats: 	at X.0J5.A05(:73)
09-20 11:45:08.105 21269 21499 E fb4a.FbTrafficStats: 	at X.0J5.handleMessage(:294)
09-20 11:45:08.105 21269 21499 E fb4a.FbTrafficStats: 	at android.os.Handler.dispatchMessage(Handler.java:106)
09-20 11:45:08.105 21269 21499 E fb4a.FbTrafficStats: 	at android.os.Looper.loop(Looper.java:193)
09-20 11:45:08.105 21269 21499 E fb4a.FbTrafficStats: 	at android.os.HandlerThread.run(HandlerThread.java:65)
09-20 11:45:08.105 21269 21499 E fb4a.FbTrafficStats: 	at X.0sA.run(:0)
09-20 11:45:08.105 21269 21499 E fb4a.FbTrafficStats: Caused by: java.io.FileNotFoundException: /proc/net/xt_qtaguid/stats (Permission denied)
09-20 11:45:08.105 21269 21499 E fb4a.FbTrafficStats: 	at java.io.FileInputStream.open0(Native Method)
09-20 11:45:08.105 21269 21499 E fb4a.FbTrafficStats: 	at java.io.FileInputStream.open(FileInputStream.java:231)
