09-20 11:44:50.283   653 24762 E msm8974_platform: platform_check_backends_match: Invalid snd_device = 
09-20 11:44:50.283   653 24762 D audio_hw_primary: check_usecases_codec_backend:becf: (64) check_usecases curr device: speaker, usecase device: backends match 0
09-20 11:44:50.283   653 24762 D audio_hw_primary: check_usecases_codec_backend:becf: check_usecases num.of Usecases to switch 0
09-20 11:44:50.283   653 24762 D msm8974_platform: platform_split_snd_device: snd_device(2) num devices(0) new_snd_devices(2)
09-20 11:44:50.283   653 24762 D hardware_info: hw_info_append_hw_type : device_name = speaker
09-20 11:44:50.283   653 24762 D msm8974_platform: platform_split_snd_device: snd_device(2) num devices(0) new_snd_devices(0)
09-20 11:44:50.283   653 24762 D audio_hw_primary: enable_snd_device: snd_device(2: speaker)
09-20 11:44:50.283   653 24762 I soundtrigger: audio_extn_sound_trigger_update_device_status: device 0x2 of type 0 for Event 1, with Raise=0
09-20 11:44:50.283   653 24762 D audio_route: Apply path: speaker
09-20 11:44:50.283   653 24762 D soundtrigger: audio_extn_sound_trigger_update_stream_status: uc_info->id 12 of type 0 for Event 3, with Raise=0
09-20 11:44:50.283   653 24762 D audio_hw_utils: audio_extn_utils_send_app_type_cfg: usecase->out_snd_device speaker
09-20 11:44:50.283   653 24762 D msm8974_platform: platform_split_snd_device: snd_device(2) num devices(0) new_snd_devices(0)
09-20 11:44:50.283   653 24762 I audio_hw_utils: ULL doesnt need sending app type cfg, returning
09-20 11:44:50.283   653 24762 D msm8974_platform: platform_split_snd_device: snd_device(2) num devices(1) new_snd_devices(0)
09-20 11:44:50.283   653 24762 D ACDB-LOADER: ACDB -> send_audio_cal, acdb_id = 15, path = 0, app id = 0x11137, sample rate = 48000
09-20 11:44:50.283   653 24762 D ACDB-LOADER: ACDB -> send_asm_topology
09-20 11:44:50.283   653 24762 D ACDB-LOADER: ACDB -> ACDB_CMD_GET_AUDPROC_STREAM_TOPOLOGY_ID
09-20 11:44:50.283   653 24762 D ACDB-LOADER: ACDB -> send_adm_topology
09-20 11:44:50.283   653 24762 D ACDB-LOADER: ACDB -> ACDB_CMD_GET_AUDPROC_COMMON_TOPOLOGY_ID
09-20 11:44:50.283   653 24762 D ACDB-LOADER: ACDB -> send_audtable
09-20 11:44:50.283   653 24762 D ACDB-LOADER: ACDB -> ACDB_CMD_GET_AUDPROC_COMMON_TABLE_SIZE
09-20 11:44:50.283   653 24762 D ACDB-LOADER: ACDB -> ACDB_CMD_GET_AUDPROC_COMMON_TABLE
09-20 11:44:50.283   653 24762 D ACDB-LOADER: ACDB -> AUDIO_SET_AUDPROC_CAL
09-20 11:44:50.283   653 24762 D ACDB-LOADER: ACDB -> send_audvoltable
09-20 11:44:50.283   653 24762 D ACDB-LOADER: ACDB -> ACDB_CMD_GET_AUDPROC_VOL_STEP_TABLE_SIZE
09-20 11:44:50.283   653 24762 D ACDB-LOADER: ACDB -> ACDB_CMD_GET_AUDPROC_GAIN_DEP_STEP_TABLE, vol index 5
09-20 11:44:50.283   653 24762 D         : Failed to fetch the lookup information of the device 0000000F 
09-20 11:44:50.283   653 24762 E ACDB-LOADER: Error: ACDB AudProc vol returned = -19
09-20 11:44:50.283   653 24762 D ACDB-LOADER: ACDB -> AUDIO_SET_VOL_CAL cal type = 12
09-20 11:44:50.283   653 24762 D ACDB-LOADER: ACDB -> ACDB_CMD_GET_AUDPROC_STREAM_TABLE_SIZE
09-20 11:44:50.283   653 24762 D ACDB-LOADER: ACDB -> send_audstrmtable
09-20 11:44:50.283   653 24762 D ACDB-LOADER: ACDB -> ACDB_CMD_GET_AUDPROC_STREAM_TABLE_V2
09-20 11:44:50.283   653 24762 D ACDB-LOADER: ACDB -> audstrm_cal->cal_type.cal_data.cal_size = 16
09-20 11:44:50.283   653 24762 D ACDB-LOADER: ACDB -> send_afe_topology
09-20 11:44:50.283   653 24762 D ACDB-LOADER: ACDB -> ACDB_CMD_GET_AFE_TOPOLOGY_ID
09-20 11:44:50.283   653 24762 D ACDB-LOADER: ACDB -> GET_AFE_TOPOLOGY_ID for adcd_id 15, Topology Id 112fc
09-20 11:44:50.283   653 24762 D ACDB-LOADER: ACDB -> send_afe_cal
09-20 11:44:50.283   653 24762 D ACDB-LOADER: ACDB -> ACDB_CMD_GET_AFE_COMMON_TABLE_SIZE
09-20 11:44:50.283   653 24762 D         : Failed to fetch the lookup information of the device 0000000F 
09-20 11:44:50.283   653 24762 E ACDB-LOADER: Error: ACDB_CMD_GET_AFE_COMMON_TABLE_SIZE Returned = -19
09-20 11:44:50.283   653 24762 D ACDB-LOADER: ACDB -> ACDB_CMD_GET_AFE_COMMON_TABLE
09-20 11:44:50.283   653 24762 D         : Failed to fetch the lookup information of the device 0000000F 
09-20 11:44:50.283   653 24762 E ACDB-LOADER: Error: ACDB AFE returned = -19
09-20 11:44:50.283   653 24762 D ACDB-LOADER: ACDB -> AUDIO_SET_AFE_CAL
09-20 11:44:50.283   653 24762 D ACDB-LOADER: ACDB -> send_hw_delay : acdb_id = 15 path = 0
09-20 11:44:50.283   653 24762 D ACDB-LOADER: ACDB -> ACDB_AVSYNC_INFO: ACDB_CMD_GET_DEVICE_PROPERTY
09-20 11:44:50.283   653 24762 D audio_hw_primary: enable_audio_route: apply mixer and update path: audio-ull-playback speaker
09-20 11:44:50.283   653 24762 D audio_route: Apply path: audio-ull-playback speaker
09-20 11:44:50.283 20595 20617 D UE4     : [2020.09.20-03.44.50:283][  0]LogNetVersion: Set ProjectVersion to 1.0.0.0. Version Checksum will be recalculated on next use.
09-20 11:44:50.284 20595 20617 D UE4     : [2020.09.20-03.44.50:284][  0]LogInit: Texture streaming: Enabled
09-20 11:44:50.284   653 24762 D audio_hw_primary: select_devices: done
09-20 11:44:50.298   653 24762 D msm8974_platform: platform_set_channel_map mixer_ctl_name:Playback Channel Map17
09-20 11:44:50.298   653 24762 D msm8974_platform: platform_set_channel_map: set mapping(1 2 0 0 0 0 0 0) for channel:2
09-20 11:44:50.300   653 24762 D audio_hw_primary: start_output_stream: exit
09-20 11:44:50.300   653 24762 E msm8974_platform: platform_set_swap_mixer: Could not set reverse cotrol 1
09-20 11:44:50.300   653 24762 W qc_adm  : margin check: adm_request_focus_v2(p) failed diff -240
09-20 11:44:50.301   653 24762 W qc_adm  : margin check: adm_abandon_focus(p) failed diff -240
09-20 11:44:50.311 20595 20617 D UE4     : [2020.09.20-03.44.50:311][  0]LogStreaming: Error: Couldn't find file for package /Game/BluePrint/GameInfoInstance requested by async loading code. NameToLoad: /Game/BluePrint/GameInfoInstance
09-20 11:44:50.311 20595 20617 D UE4     : [2020.09.20-03.44.50:311][  0]LogStreaming: Error: Found 0 dependent packages...
09-20 11:44:50.312 20595 20617 D UE4     : [2020.09.20-03.44.50:312][  0]LogEngine: Error: Unable to load GameInstance Class '/Game/BluePrint/GameInfoInstance.GameInfoInstance_C'. Falling back to generic UGameInstance.
09-20 11:44:50.323 20595 20617 D UE4     : [2020.09.20-03.44.50:323][  0]LogSlate: Updating window title bar state: overlay mode, drag disabled, window buttons hidden, title bar hidden
09-20 11:44:50.324 20595 20617 D UE4     : [2020.09.20-03.44.50:324][  0]LogInit: Display: Game Engine Initialized.
09-20 11:44:50.327 20595 20617 D UE4     : [2020.09.20-03.44.50:327][  0]LogInit: Display: Starting Game.
09-20 11:44:50.327 20595 20617 D UE4     : [2020.09.20-03.44.50:327][  0]LogNet: Browse: /Game/Map/Index?Name=Player
09-20 11:44:50.327 20595 20617 D UE4     : [2020.09.20-03.44.50:327][  0]LogLoad: LoadMap: /Game/Map/Index?Name=Player
09-20 11:44:50.327 20595 20617 D UE4     : [2020.09.20-03.44.50:327][  0]LogWorld: BeginTearingDown for /Temp/Untitled_3
09-20 11:44:50.333 20595 20617 D UE4     : [2020.09.20-03.44.50:333][  0]LogWorld: UWorld::CleanupWorld for Untitled, bSessionEnded=true, bCleanupResources=true
09-20 11:44:50.334 20595 20617 D UE4     : [2020.09.20-03.44.50:334][  0]LogSlate: InvalidateAllWidgets triggered.  All widgets were invalidated
09-20 11:44:50.334 20595 21186 D UE4     : [2020.09.20-03.44.50:334][  0]LogAudioMixer: Display: No commands were queued while flushing the source manager.
09-20 11:44:50.347  3004  3004 E NetworkController.WifiSignalController: showVowifiIcon=false
09-20 11:44:50.360 20595 20617 D UE4     : [2020.09.20-03.44.50:360][  0]LogUObjectHash: Compacting FUObjectHashTables data took   3.69ms
09-20 11:44:50.380 20595 20617 D UE4     : [2020.09.20-03.44.50:380][  0]LogAIModule: Creating AISystem for world Index
09-20 11:44:50.380 20595 20617 D UE4     : [2020.09.20-03.44.50:380][  0]LogLoad: Game class is 'GameModeBase'
09-20 11:44:50.381 20595 20617 D UE4     : [2020.09.20-03.44.50:381][  0]LogWorld: Bringing World /Game/Map/Index.Index up for play (max tick rate 0) at 2020.09.20-11.44.50
09-20 11:44:50.382 20595 20617 D UE4     : [2020.09.20-03.44.50:382][  0]LogWorld: Bringing up level for play took: 0.000737
09-20 11:44:50.382 20595 20617 D UE4     : [2020.09.20-03.44.50:382][  0]LogOnline: OSS: Creating online subsystem instance for: GOOGLEPLAY
09-20 11:44:50.382 20595 20617 D UE4     : [2020.09.20-03.44.50:382][  0]LogOnline: Warning: OSS: FOnlineSubsystemGooglePlayModule was disabled
09-20 11:44:50.383 20595 20617 D UE4     : [2020.09.20-03.44.50:383][  0]LogGameMode: FindPlayerStart: PATHS NOT DEFINED or NO PLAYERSTART with positive rating
09-20 11:44:50.385 20595 20617 D UE4     : [2020.09.20-03.44.50:385][  0]LogBlueprintUserMessages: [Index_C_5] GameInstance_2147482602
09-20 11:44:50.385 20595 20617 D UE4     : [2020.09.20-03.44.50:385][  0]LogLoad: Took 0.057681 seconds to LoadMap(/Game/Map/Index)
09-20 11:44:50.388 20595 21164 D UE4     : *** JavaEnvDestructor: 21164
09-20 11:44:50.389 20595 21162 D UE4     : AndroidEGL::  ReleaseContextOwnership,  thread releasing rendering context tid: 21162
09-20 11:44:50.389 20595 21162 D UE4     : AndroidEGL::ResetDisplay()
09-20 11:44:50.390 20595 21162 D UE4     : *** JavaEnvDestructor: 21162
09-20 11:44:50.396 20595 20617 D UE4     : [2020.09.20-03.44.50:396][  0]LogSlate: Took 0.000565 seconds to synchronously load lazily loaded font '../../../Engine/Content/Slate/Fonts/Roboto-Regular.ttf' (155K)
09-20 11:44:50.400 20595 20617 D UE4     : [2020.09.20-03.44.50:400][  0]LogAndroid: Passed GEngineLoop.Init()
09-20 11:44:50.401 20595 20617 D UE4     : [2020.09.20-03.44.50:401][  0]LogAndroidEvents: Display: LogAndroidEvents::DequeueAppEvent : 9, [width=-1, height=-1], APP_EVENT_STATE_ON_START
09-20 11:44:50.401 20595 20617 D UE4     : FAppEventManager::Tick processing, 9
09-20 11:44:50.401 20595 20617 D UE4     : [2020.09.20-03.44.50:401][  0]LogAndroidEvents: Display: LogAndroidEvents::DequeueAppEvent : 7, [width=-1, height=-1], APP_EVENT_STATE_ON_RESUME
09-20 11:44:50.401 20595 20617 D UE4     : FAppEventManager::Tick processing, 7
09-20 11:44:50.401 20595 20617 D UE4     : [2020.09.20-03.44.50:401][  0]LogAndroidEvents: Display: LogAndroidEvents::DequeueAppEvent : 6, [width=-1, height=-1], APP_EVENT_STATE_ON_PAUSE
09-20 11:44:50.401 20595 20617 D UE4     : FAppEventManager::Tick processing, 6
09-20 11:44:50.401 20595 20617 D UE4     : [2020.09.20-03.44.50:401][  0]LogAndroidEvents: Display: LogAndroidEvents::DequeueAppEvent : 8, [width=-1, height=-1], APP_EVENT_STATE_ON_STOP
09-20 11:44:50.401 20595 20617 D UE4     : FAppEventManager::Tick processing, 8
09-20 11:44:50.401 20595 20617 D UE4     : [2020.09.20-03.44.50:401][  0]LogTemp: Android release microphone
09-20 11:44:50.401 20595 20617 D UE4     : [2020.09.20-03.44.50:401][  0]LogAndroidEvents: Display: LogAndroidEvents::DequeueAppEvent : 12, [width=-1, height=-1], APP_EVENT_STATE_SAVE_STATE
09-20 11:44:50.402 20595 20617 D UE4     : FAppEventManager::Tick processing, 12
09-20 11:44:50.402 20595 20617 D UE4     : [2020.09.20-03.44.50:402][  0]LogAndroidEvents: Display: LogAndroidEvents::DequeueAppEvent : 2, [width=-1, height=-1], APP_EVENT_STATE_WINDOW_CHANGED
09-20 11:44:50.402 20595 20617 D UE4     : FAppEventManager::Tick processing, 2
09-20 11:44:50.402 20595 20617 D UE4     : AndroidEGL::ReInitWindow()
09-20 11:44:50.402 20595 20617 D UE4     : [2020.09.20-03.44.50:402][  0]LogAndroid: Mobile HDR: YES
09-20 11:44:50.402 20595 20617 D UE4     : [2020.09.20-03.44.50:402][  0]LogAndroidWindowUtils: Setting Width=1208 and Height=720 (requested scale = 1.000000)
09-20 11:44:50.402 20595 20617 D UE4     : [2020.09.20-03.44.50:402][  0]LogAndroid: AndroidEGL::RefreshWindowSize updating window size = 1208, 720, cached size : 0, 0 tid : 20617
09-20 11:44:50.402 20595 20617 D UE4     : [2020.09.20-03.44.50:402][  0]LogAndroidEvents: Display: LogAndroidEvents::DequeueAppEvent : 9, [width=-1, height=-1], APP_EVENT_STATE_ON_START
09-20 11:44:50.402 20595 20617 D UE4     : FAppEventManager::Tick processing, 9
09-20 11:44:50.402 20595 20617 D UE4     : [2020.09.20-03.44.50:402][  0]LogAndroidEvents: Display: LogAndroidEvents::DequeueAppEvent : 7, [width=-1, height=-1], APP_EVENT_STATE_ON_RESUME
09-20 11:44:50.402 20595 20617 D UE4     : FAppEventManager::Tick processing, 7
09-20 11:44:50.402 20595 20617 D UE4     : [2020.09.20-03.44.50:402][  0]LogAndroidEvents: Display: LogAndroidEvents::DequeueAppEvent : 0, [width=2416, height=1440], APP_EVENT_STATE_WINDOW_CREATED
09-20 11:44:50.402 20595 20617 D UE4     : FAppEventManager::Tick processing, 0
09-20 11:44:50.402 20595 20617 D UE4     : [2020.09.20-03.44.50:402][  0]LogAndroidEvents: Display: ExecWindowCreated
09-20 11:44:50.402 20595 20617 D UE4     : AndroidEGL::ReInitWindow()
09-20 11:44:50.402 20595 20617 D UE4     : [2020.09.20-03.44.50:402][  0]LogAndroid: AndroidEGL::RefreshWindowSize updating window size = 1208, 720, cached size : 1208, 720 tid : 20617
09-20 11:44:50.402 20595 20617 D UE4     : ExecWindowCreated, 0, 1, 1
09-20 11:44:50.402 20595 20617 D UE4     : [2020.09.20-03.44.50:402][  0]LogAndroidEvents: Display: LogAndroidEvents::DequeueAppEvent : 11, [width=-1, height=-1], APP_EVENT_STATE_WINDOW_GAINED_FOCUS
09-20 11:44:50.402 20595 20617 D UE4     : FAppEventManager::Tick processing, 11
09-20 11:44:50.402 20595 20617 D UE4     : [2020.09.20-03.44.50:402][  0]LogAndroidEvents: Display: LogAndroidEvents::DequeueAppEvent : 14, [width=-1, height=-1], APP_EVENT_STATE_APP_ACTIVATED
09-20 11:44:50.402 20595 20617 D UE4     : FAppEventManager::Tick processing, 14
09-20 11:44:50.402 20595 20617 D UE4     : Execution will be resumed!
09-20 11:44:50.402 20595 20617 D UE4     : [2020.09.20-03.44.50:402][  0]LogAndroidEvents: Display: LogAndroidEvents::DequeueAppEvent : 15, [width=-1, height=-1], APP_EVENT_RUN_CALLBACK
09-20 11:44:50.402 20595 20617 D UE4     : FAppEventManager::Tick processing, 15
09-20 11:44:50.402 20595 20617 D UE4     : [2020.09.20-03.44.50:402][  0]LogAndroidEvents: Display: Event thread callback running.
09-20 11:44:50.402 20595 20617 D UE4     : [2020.09.20-03.44.50:402][  0]LogAndroid: performing app foregrounding callback.
09-20 11:44:50.402 20595 20617 D UE4     : [GameActivity] Registering volume receiver
09-20 11:44:50.405 20595 21189 D UE4     : [2020.09.20-03.44.50:405][  0]LogRenderer: Reallocating scene render targets to support 1208x720 Format 10 NumSamples 1 (Frame:1).
09-20 11:44:50.406 20595 20617 D UE4     : [GameActivity] startVolumeReceiver: 0
09-20 11:44:50.406 20595 20617 D UE4     : nativeVolumeEvent(0)
09-20 11:44:50.406 20595 20617 D UE4     : [GameActivity] Registering battery receiver
09-20 11:44:50.408 20595 20617 D UE4     : [GameActivity] Registering headset receiver
09-20 11:44:50.409 20595 20617 D UE4     : [GameActivity] startHeadsetReceiver: 0
09-20 11:44:50.409 20595 20617 D UE4     : nativeHeadsetEvent(0)
09-20 11:44:50.409 20595 20617 D UE4     : [2020.09.20-03.44.50:409][  0]LogCore: Display: AppLifetime: Application has entered foreground
09-20 11:44:50.410 20595 20595 D UE4     : [GameActivity] Battery: status = 2, rawlevel = 51, scale = 100
09-20 11:44:50.410 20595 20595 D UE4     : nativeBatteryEvent(stat = 2, lvl = 51  temp = 33.00 °C)
09-20 11:44:50.415 20595 21176 D UE4     : *** JavaEnvDestructor: 21176
09-20 11:44:50.417 20595 21189 D UE4     : [2020.09.20-03.44.50:417][  0]LogRHI: Using OpenGL program LRU cache: 0
09-20 11:44:50.579  2565  2589 I system_server: Explicit concurrent copying GC freed 191185(14MB) AllocSpace objects, 69(3MB) LOS objects, 42% free, 28MB/49MB, paused 68us total 158.856ms
09-20 11:44:51.116 20595 21174 D UE4     : *** JavaEnvDestructor: 21174
09-20 11:44:51.117 20595 21175 D UE4     : *** JavaEnvDestructor: 21175
09-20 11:44:51.118 20595 21173 D UE4     : *** JavaEnvDestructor: 21173
09-20 11:44:51.221 20595 20617 D UE4     : [2020.09.20-03.44.51:221][  0]LogUdpMessaging: Initializing bridge on interface 0.0.0.0:0 to multicast group 230.0.0.1:6666.
09-20 11:44:51.453   674  3343 I WifiHAL : event received NL80211_CMD_VENDOR, vendor_id = 0x1374, subcmd = 0xd
09-20 11:44:51.516 20595 21172 D UE4     : *** JavaEnvDestructor: 21172
09-20 11:44:51.618 20595 20617 D UE4     : [2020.09.20-03.44.51:618][  0]LogTcpMessaging: Initializing TcpMessaging bridge, listening on 127.0.0.1:6666
09-20 11:44:51.621 20595 20617 D UE4     : [2020.09.20-03.44.51:621][  0]LogCore: Display: AppLifetime: Application has reactivated
09-20 11:44:51.621 20595 20617 D UE4     : [2020.09.20-03.44.51:621][  0]LogTemp: Android resume audio
09-20 11:44:51.640 20595 20617 D UE4     : [2020.09.20-03.44.51:640][  0]LogAndroid: Display: Low Power Mode Changed: 0
09-20 11:44:51.977 20595 21171 D UE4     : *** JavaEnvDestructor: 21171
09-20 11:44:52.385  3004  3134 E NetworkController.WifiSignalController: showVowifiIcon=false
09-20 11:44:52.392 20415 20468 I CarrierServices: [9285] cpo.onConnectivityChange: FiST: Wifi connectivity status true
09-20 11:44:52.399 20415 20515 I CarrierServices: [9312] cxn.c: (PEv2-SM): DisabledState: event Connectivity event [null]
09-20 11:44:52.399 20415 20468 I CarrierServices: [9285] cqh.d: Connected state: [1], networkType: [WIFI]
09-20 11:44:52.402 20415 20525 I CarrierServices: [9318] dda.d: RCS Configuration storage in Bugle is disabled by p/h flag, using ProvisioningEngineStateCacheUtil.getProvisioningConfigurationForGivenSim()
09-20 11:44:52.554 10704 10782 I BeaconBle: Client requested scan, settings=BleSettings [scanMode=ZERO_POWER, callbackType=ALL_MATCHES, reportDelayMillis=0, 5 filters, 1 clients, callingClientName=Nearby] [CONTEXT service_id=111 ]
09-20 11:44:52.557 10704 10782 I BeaconBle: Stopping scan on delegate scanner. BT state: 15 [CONTEXT service_id=111 ]
09-20 11:44:52.557 10704 10782 D BluetoothAdapter: isLeEnabled(): BLE_ON
09-20 11:44:52.559   656   656 D vendor.qti.bluetooth@1.0-ibs_handler: SerialClockVote: vote for UART CLK ON
09-20 11:44:52.559 10704 10782 I BeaconBle: Resetting - new scanner available: true [CONTEXT service_id=111 ]
09-20 11:44:52.560 10704 10782 I BeaconBle: 'L' hardware scan: 2 filters, scanMode=-1, reportdelay=0, callback type=1, #clients=1, workSource=WorkSource{10061 com.google.android.gms} [CONTEXT service_id=111 ]
09-20 11:44:52.560   656   656 D vendor.qti.bluetooth@1.0-wake_lock: Acquire wakelock is acquired 
09-20 11:44:52.560   656   656 I vendor.qti.bluetooth@1.0-ibs_handler: DeviceWakeUp: Writing IBS_WAKE_IND
09-20 11:44:52.560 10704 10782 I BeaconBle: Starting scan on OS scanner. BT state: 15 [CONTEXT service_id=111 ]
09-20 11:44:52.560   656 17367 I vendor.qti.bluetooth@1.0-ibs_handler: ProcessIbsCmd: Received IBS_WAKE_ACK: 0xFC
09-20 11:44:52.560 10704 10782 D BluetoothAdapter: isLeEnabled(): BLE_ON
09-20 11:44:52.561   656 17367 I vendor.qti.bluetooth@1.0-ibs_handler: ProcessIbsCmd: Received IBS_WAKE_IND: 0xFD
09-20 11:44:52.561   656 17367 I vendor.qti.bluetooth@1.0-ibs_handler: ProcessIbsCmd: Writing IBS_WAKE_ACK
09-20 11:44:52.561 17183 17369 I bt_stack: [INFO:gatt_api.cc(949)] GATT_Registerfab57bea-fbd2-7fdf-8a0e-76efce23f5b3
09-20 11:44:52.561 17183 17369 I bt_stack: [INFO:gatt_api.cc(969)] allocated gatt_if=4
09-20 11:44:52.562 10704 10884 D BluetoothLeScanner: onScannerRegistered() - status=0 scannerId=4 mScannerId=0
09-20 11:44:52.568 17183 17243 D BtGatt.ScanManager: isAptXLowLatencyModeEnabled: false
09-20 11:44:52.571 17183 17369 E bt_btm  : BTM_BleObserve Observe Already Active
09-20 11:44:52.571 17183 17369 W bt_btif :  bta_dm_ble_observe BTM_BleObserve  failed. status 6
09-20 11:44:52.595 10704 17149 I NearbyDiscovery: FastPairScanner2: Stopping scan [CONTEXT service_id=49 ]
09-20 11:44:52.596 10704 17149 D BluetoothAdapter: isLeEnabled(): BLE_ON
09-20 11:44:52.598 10704 17149 D BluetoothAdapter: isLeEnabled(): BLE_ON
09-20 11:44:52.600 17183 17369 I bt_stack: [INFO:gatt_api.cc(949)] GATT_Registerfb55d2d6-530b-182b-cca3-a439d36ae636
09-20 11:44:52.600 17183 17369 I bt_stack: [INFO:gatt_api.cc(969)] allocated gatt_if=5
09-20 11:44:52.600 10704 10884 D BluetoothLeScanner: onScannerRegistered() - status=0 scannerId=5 mScannerId=0
09-20 11:44:52.603 10704 17149 I NearbyDiscovery: FastPairScanner2: Starting LOW_POWER_SCANNING scanning [CONTEXT service_id=49 ]
09-20 11:44:52.604 17183 17243 D BtGatt.ScanManager: isAptXLowLatencyModeEnabled: false
09-20 11:44:52.663   656 17367 I vendor.qti.bluetooth@1.0-ibs_handler: ProcessIbsCmd: Received IBS_SLEEP_IND: 0xFE
09-20 11:44:52.999  2144  2162 D         : DpmQmiMgr areAllIfaceActive 
09-20 11:44:53.005  2144  2162 D         : DpmQmiMgr areAllIfaceActive 
09-20 11:44:53.460   674  3343 I WifiHAL : event received NL80211_CMD_VENDOR, vendor_id = 0x1374, subcmd = 0xd
09-20 11:44:53.622 20595 21211 D UE4     : [2020.09.20-03.44.53:622][ 76]LogTcpMessaging: Started Connection to '127.0.0.1:49629'
09-20 11:44:53.623   656 17372 I vendor.qti.bluetooth@1.0-ibs_handler: DeviceSleep: TX Awake, Sending SLEEP_IND
09-20 11:44:53.623   656 17372 D vendor.qti.bluetooth@1.0-ibs_handler: SerialClockVote: vote for UART CLK OFF
09-20 11:44:53.623 20595 21211 D UE4     : [2020.09.20-03.44.53:623][ 76]LogTcpMessaging: Discovered node '1693C1F14D7C2AB1E14BA5977161A8A3' on connection '127.0.0.1:49629'...
09-20 11:44:53.623 20595 21212 D UE4     : [2020.09.20-03.44.53:623][ 76]LogTcpMessaging: Started Connection to '127.0.0.1:42119'
09-20 11:44:53.624 20595 21212 D UE4     : [2020.09.20-03.44.53:624][ 76]LogTcpMessaging: Discovered node 'CCFD19D44BB2869A35352DB760229726' on connection '127.0.0.1:42119'...
09-20 11:44:53.773   656 17247 D vendor.qti.bluetooth@1.0-wake_lock: Release wakelock is released 
09-20 11:44:54.313 10704 10800 I NearbySharing: FastInitiation warming period has ended [CONTEXT service_id=194 ]
09-20 11:44:55.463   674  3343 I WifiHAL : event received NL80211_CMD_VENDOR, vendor_id = 0x1374, subcmd = 0xd
09-20 11:44:57.464   674  3343 I chatty  : uid=1010 wifi@1.0-servic identical 1 line
09-20 11:44:59.241  2565  2565 V SettingsProvider: Notifying for 0: content://settings/system/screen_brightness
09-20 11:44:59.470   674  3343 I WifiHAL : event received NL80211_CMD_VENDOR, vendor_id = 0x1374, subcmd = 0xd
09-20 11:44:59.478 20595 20620 D UE4     : [GameActivity] Used memory: 355107
09-20 11:45:00.101  5029  5029 I Periodic: Executing periodic callback for QUARTER_HOUR because the period ended
09-20 11:45:01.433  3004  3134 E NetworkController.WifiSignalController: showVowifiIcon=false
09-20 11:45:01.440 20415 20468 I CarrierServices: [9285] cpo.onConnectivityChange: FiST: Wifi connectivity status true
09-20 11:45:01.445 20415 20515 I CarrierServices: [9312] cxn.c: (PEv2-SM): DisabledState: event Connectivity event [null]
09-20 11:45:01.445 20415 20468 I CarrierServices: [9285] cqh.d: Connected state: [1], networkType: [WIFI]
09-20 11:45:01.449 20415 20525 I CarrierServices: [9318] dda.d: RCS Configuration storage in Bugle is disabled by p/h flag, using ProvisioningEngineStateCacheUtil.getProvisioningConfigurationForGivenSim()
09-20 11:45:01.471   674  3343 I WifiHAL : event received NL80211_CMD_VENDOR, vendor_id = 0x1374, subcmd = 0xd
09-20 11:45:01.649 10704 10718 W System  : A resource failed to call end. 
09-20 11:45:02.516 24047 24056 E System  : Uncaught exception thrown by finalizer
09-20 11:45:02.517 24047 24056 E System  : java.lang.NullPointerException: Null reference used for synchronization (monitor-enter)
09-20 11:45:02.517 24047 24056 E System  : 	at com.android.org.conscrypt.ConscryptFileDescriptorSocket.finalize(ConscryptFileDescriptorSocket.java:1053)
09-20 11:45:02.517 24047 24056 E System  : 	at java.lang.Daemons$FinalizerDaemon.doFinalize(Daemons.java:250)
09-20 11:45:02.517 24047 24056 E System  : 	at java.lang.Daemons$FinalizerDaemon.runInternal(Daemons.java:237)
09-20 11:45:02.517 24047 24056 E System  : 	at java.lang.Daemons$Daemon.run(Daemons.java:103)
09-20 11:45:02.517 24047 24056 E System  : 	at java.lang.Thread.run(Thread.java:764)
09-20 11:45:02.517 24047 24056 E System  : Uncaught exception thrown by finalizer
09-20 11:45:02.517 24047 24056 E System  : java.lang.NullPointerException: Null reference used for synchronization (monitor-enter)
09-20 11:45:02.517 24047 24056 E System  : 	at com.android.org.conscrypt.ConscryptFileDescriptorSocket.finalize(ConscryptFileDescriptorSocket.java:1053)
09-20 11:45:02.517 24047 24056 E System  : 	at java.lang.Daemons$FinalizerDaemon.doFinalize(Daemons.java:250)
09-20 11:45:02.517 24047 24056 E System  : 	at java.lang.Daemons$FinalizerDaemon.runInternal(Daemons.java:237)
09-20 11:45:02.517 24047 24056 E System  : 	at java.lang.Daemons$Daemon.run(Daemons.java:103)
09-20 11:45:02.517 24047 24056 E System  : 	at java.lang.Thread.run(Thread.java:764)
09-20 11:45:02.517 24047 24056 E System  : Uncaught exception thrown by finalizer
09-20 11:45:02.518 24047 24056 E System  : java.lang.NullPointerException: Null reference used for synchronization (monitor-enter)
09-20 11:45:02.518 24047 24056 E System  : 	at com.android.org.conscrypt.ConscryptFileDescriptorSocket.finalize(ConscryptFileDescriptorSocket.java:1053)
09-20 11:45:02.518 24047 24056 E System  : 	at java.lang.Daemons$FinalizerDaemon.doFinalize(Daemons.java:250)
09-20 11:45:02.518 24047 24056 E System  : 	at java.lang.Daemons$FinalizerDaemon.runInternal(Daemons.java:237)
09-20 11:45:02.518 24047 24056 E System  : 	at java.lang.Daemons$Daemon.run(Daemons.java:103)
09-20 11:45:02.518 24047 24056 E System  : 	at java.lang.Thread.run(Thread.java:764)
09-20 11:45:02.518 24047 24056 E System  : Uncaught exception thrown by finalizer
09-20 11:45:02.519 24047 24056 E System  : java.lang.NullPointerException: Null reference used for synchronization (monitor-enter)
09-20 11:45:02.519 24047 24056 E System  : 	at com.android.org.conscrypt.ConscryptFileDescriptorSocket.finalize(ConscryptFileDescriptorSocket.java:1053)
09-20 11:45:02.519 24047 24056 E System  : 	at java.lang.Daemons$FinalizerDaemon.doFinalize(Daemons.java:250)
09-20 11:45:02.519 24047 24056 E System  : 	at java.lang.Daemons$FinalizerDaemon.runInternal(Daemons.java:237)
09-20 11:45:02.519 24047 24056 E System  : 	at java.lang.Daemons$Daemon.run(Daemons.java:103)
09-20 11:45:02.519 24047 24056 E System  : 	at java.lang.Thread.run(Thread.java:764)
09-20 11:45:02.519 24047 24056 E System  : Uncaught exception thrown by finalizer
09-20 11:45:02.519 24047 24056 E System  : java.lang.NullPointerException: Null reference used for synchronization (monitor-enter)
09-20 11:45:02.519 24047 24056 E System  : 	at com.android.org.conscrypt.ConscryptFileDescriptorSocket.finalize(ConscryptFileDescriptorSocket.java:1053)
09-20 11:45:02.519 24047 24056 E System  : 	at java.lang.Daemons$FinalizerDaemon.doFinalize(Daemons.java:250)
09-20 11:45:02.519 24047 24056 E System  : 	at java.lang.Daemons$FinalizerDaemon.runInternal(Daemons.java:237)
09-20 11:45:02.519 24047 24056 E System  : 	at java.lang.Daemons$Daemon.run(Daemons.java:103)
09-20 11:45:02.519 24047 24056 E System  : 	at java.lang.Thread.run(Thread.java:764)
09-20 11:45:02.519 24047 24056 E System  : Uncaught exception thrown by finalizer
09-20 11:45:02.519 24047 24056 E System  : java.lang.NullPointerException: Null reference used for synchronization (monitor-enter)
09-20 11:45:02.519 24047 24056 E System  : 	at com.android.org.conscrypt.ConscryptFileDescriptorSocket.finalize(ConscryptFileDescriptorSocket.java:1053)
09-20 11:45:02.519 24047 24056 E System  : 	at java.lang.Daemons$FinalizerDaemon.doFinalize(Daemons.java:250)
09-20 11:45:02.519 24047 24056 E System  : 	at java.lang.Daemons$FinalizerDaemon.runInternal(Daemons.java:237)
09-20 11:45:02.519 24047 24056 E System  : 	at java.lang.Daemons$Daemon.run(Daemons.java:103)
09-20 11:45:02.519 24047 24056 E System  : 	at java.lang.Thread.run(Thread.java:764)
09-20 11:45:02.519 24047 24056 E System  : Uncaught exception thrown by finalizer
09-20 11:45:02.520 24047 24056 E System  : java.lang.NullPointerException: Null reference used for synchronization (monitor-enter)
09-20 11:45:02.520 24047 24056 E System  : 	at com.android.org.conscrypt.ConscryptFileDescriptorSocket.finalize(ConscryptFileDescriptorSocket.java:1053)
09-20 11:45:02.520 24047 24056 E System  : 	at java.lang.Daemons$FinalizerDaemon.doFinalize(Daemons.java:250)
09-20 11:45:02.520 24047 24056 E System  : 	at java.lang.Daemons$FinalizerDaemon.runInternal(Daemons.java:237)
09-20 11:45:02.520 24047 24056 E System  : 	at java.lang.Daemons$Daemon.run(Daemons.java:103)
09-20 11:45:02.520 24047 24056 E System  : 	at java.lang.Thread.run(Thread.java:764)
09-20 11:45:02.520 24047 24056 E System  : Uncaught exception thrown by finalizer
09-20 11:45:02.521 24047 24056 E System  : java.lang.NullPointerException: Null reference used for synchronization (monitor-enter)
09-20 11:45:02.521 24047 24056 E System  : 	at com.android.org.conscrypt.ConscryptFileDescriptorSocket.finalize(ConscryptFileDescriptorSocket.java:1053)
09-20 11:45:02.521 24047 24056 E System  : 	at java.lang.Daemons$FinalizerDaemon.doFinalize(Daemons.java:250)
09-20 11:45:02.521 24047 24056 E System  : 	at java.lang.Daemons$FinalizerDaemon.runInternal(Daemons.java:237)
09-20 11:45:02.521 24047 24056 E System  : 	at java.lang.Daemons$Daemon.run(Daemons.java:103)
09-20 11:45:02.521 24047 24056 E System  : 	at java.lang.Thread.run(Thread.java:764)
09-20 11:45:02.521 24047 24056 E System  : Uncaught exception thrown by finalizer
09-20 11:45:02.521 24047 24056 E System  : java.lang.NullPointerException: Null reference used for synchronization (monitor-enter)
09-20 11:45:02.521 24047 24056 E System  : 	at com.android.org.conscrypt.ConscryptFileDescriptorSocket.finalize(ConscryptFileDescriptorSocket.java:1053)
09-20 11:45:02.521 24047 24056 E System  : 	at java.lang.Daemons$FinalizerDaemon.doFinalize(Daemons.java:250)
09-20 11:45:02.521 24047 24056 E System  : 	at java.lang.Daemons$FinalizerDaemon.runInternal(Daemons.java:237)
09-20 11:45:02.521 24047 24056 E System  : 	at java.lang.Daemons$Daemon.run(Daemons.java:103)
09-20 11:45:02.521 24047 24056 E System  : 	at java.lang.Thread.run(Thread.java:764)
09-20 11:45:02.521 24047 24056 E System  : Uncaught exception thrown by finalizer
09-20 11:45:02.521 24047 24056 E System  : java.lang.NullPointerException: Null reference used for synchronization (monitor-enter)
09-20 11:45:02.521 24047 24056 E System  : 	at com.android.org.conscrypt.ConscryptFileDescriptorSocket.finalize(ConscryptFileDescriptorSocket.java:1053)
09-20 11:45:02.521 24047 24056 E System  : 	at java.lang.Daemons$FinalizerDaemon.doFinalize(Daemons.java:250)
09-20 11:45:02.521 24047 24056 E System  : 	at java.lang.Daemons$FinalizerDaemon.runInternal(Daemons.java:237)
09-20 11:45:02.521 24047 24056 E System  : 	at java.lang.Daemons$Daemon.run(Daemons.java:103)
09-20 11:45:02.521 24047 24056 E System  : 	at java.lang.Thread.run(Thread.java:764)
09-20 11:45:02.521 24047 24056 E System  : Uncaught exception thrown by finalizer
09-20 11:45:02.521 24047 24056 E System  : java.lang.NullPointerException: Null reference used for synchronization (monitor-enter)
09-20 11:45:02.521 24047 24056 E System  : 	at com.android.org.conscrypt.ConscryptFileDescriptorSocket.finalize(ConscryptFileDescriptorSocket.java:1053)
09-20 11:45:02.521 24047 24056 E System  : 	at java.lang.Daemons$FinalizerDaemon.doFinalize(Daemons.java:250)
09-20 11:45:02.521 24047 24056 E System  : 	at java.lang.Daemons$FinalizerDaemon.runInternal(Daemons.java:237)
09-20 11:45:02.521 24047 24056 E System  : 	at java.lang.Daemons$Daemon.run(Daemons.java:103)
09-20 11:45:02.521 24047 24056 E System  : 	at java.lang.Thread.run(Thread.java:764)
09-20 11:45:02.521 24047 24056 E System  : Uncaught exception thrown by finalizer
09-20 11:45:02.521 24047 24056 E System  : java.lang.NullPointerException: Null reference used for synchronization (monitor-enter)
09-20 11:45:02.521 24047 24056 E System  : 	at com.android.org.conscrypt.ConscryptFileDescriptorSocket.finalize(ConscryptFileDescriptorSocket.java:1053)
09-20 11:45:02.521 24047 24056 E System  : 	at java.lang.Daemons$FinalizerDaemon.doFinalize(Daemons.java:250)
09-20 11:45:02.521 24047 24056 E System  : 	at java.lang.Daemons$FinalizerDaemon.runInternal(Daemons.java:237)
09-20 11:45:02.521 24047 24056 E System  : 	at java.lang.Daemons$Daemon.run(Daemons.java:103)
09-20 11:45:02.521 24047 24056 E System  : 	at java.lang.Thread.run(Thread.java:764)
09-20 11:45:03.473   674  3343 I WifiHAL : event received NL80211_CMD_VENDOR, vendor_id = 0x1374, subcmd = 0xd
09-20 11:45:04.457  3004  3134 E NetworkController.WifiSignalController: showVowifiIcon=false
09-20 11:45:04.466 20415 20468 I CarrierServices: [9285] cpo.onConnectivityChange: FiST: Wifi connectivity status true
09-20 11:45:04.484 20415 20515 I CarrierServices: [9312] cxn.c: (PEv2-SM): DisabledState: event Connectivity event [null]
09-20 11:45:04.485 20415 20468 I CarrierServices: [9285] cqh.d: Connected state: [1], networkType: [WIFI]
09-20 11:45:04.489 20415 20525 I CarrierServices: [9318] dda.d: RCS Configuration storage in Bugle is disabled by p/h flag, using ProvisioningEngineStateCacheUtil.getProvisioningConfigurationForGivenSim()
09-20 11:45:04.700 16601 16639 I Finsky  : [1474] cxy.call(568): Patch apply task for com.google.android.googlequicksearchbox (com.google.android.googlequicksearchbox) (format 5) completed in 40455 ms
09-20 11:45:05.106 16601 16601 I Finsky  : [2] cxz.a(114): Successfully applied patch to update com.google.android.googlequicksearchbox (com.google.android.googlequicksearchbox)
09-20 11:45:05.107 16601 16601 I Finsky  : [2] kan.a(4): getDownloads()
09-20 11:45:05.108 16601 18317 W Finsky  : [1538] jqn.run(5): Exception while deleting file:///storage/emulated/0/Android/data/com.android.vending/files/installer/-1958346218/1600573453036: java.lang.IllegalArgumentException: Unknown URL file:///storage/emulated/0/Android/data/com.android.vending/files/installer/-1958346218/1600573453036
09-20 11:45:05.117 16321 16321 I Finsky:download_service: [2] qbe.onCreate(2): IPC-SERVER: Starting gRPC host service...
09-20 11:45:05.117 16601 16601 I Finsky  : [2] nto.run(14): IT: Removed com.google.android.googlequicksearchbox from ResourceManager for patching complete.
09-20 11:45:05.119 16601 16601 I Finsky  : [2] nui.b(9): IT: com.google.android.googlequicksearchbox to state 40
09-20 11:45:05.126 16601 16601 W ProxyAndroidLoggerBackend: Too many Flogger logs received before configuration. Dropping old logs.
09-20 11:45:05.127 16321 16332 W ProxyAndroidLoggerBackend: Too many Flogger logs received before configuration. Dropping old logs.
09-20 11:45:05.129 16601 19863 W ProxyAndroidLoggerBackend: Too many Flogger logs received before configuration. Dropping old logs.
09-20 11:45:05.129 16601 19863 I chatty  : uid=10057(com.android.vending) grpc-default-ex identical 2 lines
09-20 11:45:05.129 16601 19863 W ProxyAndroidLoggerBackend: Too many Flogger logs received before configuration. Dropping old logs.
09-20 11:45:05.130 16321 16332 W ProxyAndroidLoggerBackend: Too many Flogger logs received before configuration. Dropping old logs.
09-20 11:45:05.130 16321 16332 W ProxyAndroidLoggerBackend: Too many Flogger logs received before configuration. Dropping old logs.
09-20 11:45:05.130 16601 16647 I Finsky  : [1477] nte.accept(22): IT: starting next download: package=com.google.android.googlequicksearchbox
09-20 11:45:05.130 16321 16332 W ProxyAndroidLoggerBackend: Too many Flogger logs received before configuration. Dropping old logs.
09-20 11:45:05.131 16321 21235 W ProxyAndroidLoggerBackend: Too many Flogger logs received before configuration. Dropping old logs.
09-20 11:45:05.131 16321 21235 W ProxyAndroidLoggerBackend: Too many Flogger logs received before configuration. Dropping old logs.
09-20 11:45:05.132 16321 21235 I Finsky:download_service: [1499] jsu.a(53): getDownloads().
09-20 11:45:05.132 16601 16647 I Finsky  : [1477] nrl.a(3): Handling streamingComplete for com.google.android.googlequicksearchbox gid: 0
09-20 11:45:05.135 16321 21237 W ProxyAndroidLoggerBackend: Too many Flogger logs received before configuration. Dropping old logs.
09-20 11:45:05.135 16321 21237 W ProxyAndroidLoggerBackend: Too many Flogger logs received before configuration. Dropping old logs.
09-20 11:45:05.136 16601 20711 W ProxyAndroidLoggerBackend: Too many Flogger logs received before configuration. Dropping old logs.
09-20 11:45:05.136 16601 20711 W ProxyAndroidLoggerBackend: Too many Flogger logs received before configuration. Dropping old logs.
09-20 11:45:05.137 16601 19863 W ProxyAndroidLoggerBackend: Too many Flogger logs received before configuration. Dropping old logs.
09-20 11:45:05.137 16601 16601 I Finsky  : [2] kan.c(1): remove(881)
09-20 11:45:05.138 16601 16601 W ProxyAndroidLoggerBackend: Too many Flogger logs received before configuration. Dropping old logs.
09-20 11:45:05.138 16601 16601 W ProxyAndroidLoggerBackend: Too many Flogger logs received before configuration. Dropping old logs.
09-20 11:45:05.138 16321 16332 W ProxyAndroidLoggerBackend: Too many Flogger logs received before configuration. Dropping old logs.
09-20 11:45:05.138 16321 16332 W ProxyAndroidLoggerBackend: Too many Flogger logs received before configuration. Dropping old logs.
09-20 11:45:05.138 16321 21237 W ProxyAndroidLoggerBackend: Too many Flogger logs received before configuration. Dropping old logs.
09-20 11:45:05.139 16321 16332 W ProxyAndroidLoggerBackend: Too many Flogger logs received before configuration. Dropping old logs.
09-20 11:45:05.139 16321 21238 W ProxyAndroidLoggerBackend: Too many Flogger logs received before configuration. Dropping old logs.
09-20 11:45:05.139 16321 21238 W ProxyAndroidLoggerBackend: Too many Flogger logs received before configuration. Dropping old logs.
09-20 11:45:05.140 16321 21238 I Finsky:download_service: [1502] jsu.c(1): remove(request_id=881).
09-20 11:45:05.146 16601 16647 I Finsky  : [1477] nui.c(57): IT: Begin install of com.google.android.googlequicksearchbox (isid: _CETnV4DTgmx62CReOEwfw)
09-20 11:45:05.155  2565  3181 E NotificationService: Suppressing notification from package by user request.
09-20 11:45:05.156 16601 16647 I Finsky  : [1477] tah.a(13): Showing notification: [ID=package installing, Tag=null, Title=Google, Message=正在更新「Google」…, channelId=4.update-completion-notifications, targetType=1, returnCode=-1, uiElementType=929]
09-20 11:45:05.171 16601 16647 I Finsky  : [1477] nrm.a(211): Installer: Notifying status update. package=com.google.android.googlequicksearchbox, status=INSTALLING
09-20 11:45:05.177 16601 16698 I Finsky  : [1513] odt.b(67): IQ: Notifying installation update. package=com.google.android.googlequicksearchbox, status=INSTALLING
09-20 11:45:05.440  2565  2565 V SettingsProvider: Notifying for 0: content://settings/system/screen_brightness
09-20 11:45:05.469 16601 16601 I Finsky  : [2] agfd.a(4): Verification requested, id = 48
09-20 11:45:05.472   674  3343 I WifiHAL : event received NL80211_CMD_VENDOR, vendor_id = 0x1374, subcmd = 0xd
09-20 11:45:05.477 16601 18952 I Finsky  : [1552] VerifyAppsInstallTask.c(18): Skipping verification because own installation
09-20 11:45:05.477 16601 18952 I Finsky  : [1552] VerifyAppsInstallTask.c(28): Verify: Skipping anti malware verification due to pre-check failure. package=com.google.android.googlequicksearchbox
09-20 11:45:05.478 16601 18952 I Finsky  : [1552] VerifyAdvancedProtectionInstallTask.c(1): Verify AP install started
09-20 11:45:05.479 16601 18952 I Finsky  : [1552] VerifyAdvancedProtectionInstallTask.c(2): Allowing install because there are no Advanced Protection users
09-20 11:45:05.480 16601 16601 I Finsky  : [2] VerifyAdvancedProtectionInstallTask.iv(2): Reported verification result: ALLOW
09-20 11:45:05.480 16601 18952 I Finsky  : [1552] VerifyPerSourceInstallationConsentInstallTask.c(3): PSIC verification started with installer uid: 10057 package name: com.android.vending, originating uid: -1
09-20 11:45:05.482 16601 18952 I Finsky  : [1552] VerifyPerSourceInstallationConsentInstallTask.c(17): Skipping logging for attempted installation. Experiments for O+ installation logging are disabled.
09-20 11:45:05.483 16601 16601 I Finsky  : [2] VerifyInstallTask.c(14): Verifying id=48, result=1
09-20 11:45:05.493 16601 16601 I Finsky  : [2] VerifyInstallTask.iv(6): Verification complete: id=48, package_name=com.google.android.googlequicksearchbox
09-20 11:45:05.516  2565  2594 W PackageParser: No actions in intent filter at /data/app/vmdl1859810182.tmp/base.apk Binary XML file line #488
09-20 11:45:05.518  2565  2594 W PackageParser: No actions in intent filter at /data/app/vmdl1859810182.tmp/base.apk Binary XML file line #850
09-20 11:45:05.518  2565  2594 W PackageParser: No actions in intent filter at /data/app/vmdl1859810182.tmp/base.apk Binary XML file line #855
09-20 11:45:05.522 16321 21237 I Finsky:download_service: [1501] jsu.a(20): onRemove(request_id=881, files_to_download=1, group_id=com.google.android.googlequicksearchbox, display_data[invisible=false, title=Google], network_restrictions=1, status=succeeded, bytes_downloaded=18248471, retry[count=0, next_retry=n/a])
09-20 11:45:05.522 16321 21237 W ProxyAndroidLoggerBackend: Too many Flogger logs received before configuration. Dropping old logs.
09-20 11:45:05.522 16321 21237 W ProxyAndroidLoggerBackend: Too many Flogger logs received before configuration. Dropping old logs.
09-20 11:45:05.522 16601 16613 W ProxyAndroidLoggerBackend: Too many Flogger logs received before configuration. Dropping old logs.
09-20 11:45:05.522 16601 16613 I chatty  : uid=10057(com.android.vending) Binder:16601_2 identical 1 line
09-20 11:45:05.522 16601 16613 W ProxyAndroidLoggerBackend: Too many Flogger logs received before configuration. Dropping old logs.
09-20 11:45:05.523 16601 19863 W ProxyAndroidLoggerBackend: Too many Flogger logs received before configuration. Dropping old logs.
09-20 11:45:05.523 16321 21237 W ProxyAndroidLoggerBackend: Too many Flogger logs received before configuration. Dropping old logs.
09-20 11:45:05.523  2271  2271 E ANDR-IOP: IOP HAL: Received pkg_name = com.google.android.googlequicksearchbox pid = 0
09-20 11:45:05.524  2271  2399 E ANDR-IOP: UXEngine: Received pkg install - com.google.android.googlequicksearchbox
09-20 11:45:05.524  2565  2594 W PackageManager: Package com.google.android.googlequicksearchbox attempting to redeclare system permission com.android.launcher.permission.INSTALL_SHORTCUT; ignoring new declaration
09-20 11:45:05.530  2565  2580 I ActivityManager: Force stopping com.google.android.googlequicksearchbox appid=10052 user=-1: installPackageLI
09-20 11:45:05.531  2271  2271 E ANDR-IOP: IOP HAL: Received pkg_name = com.google.android.googlequicksearchbox pid = 0
09-20 11:45:05.531  2565  2580 I ActivityManager: Killing 19834:com.google.android.googlequicksearchbox/u0a52 (adj 904): stop com.google.android.googlequicksearchbox
09-20 11:45:05.531  2565  2583 W libprocessgroup: kill(-19834, 9) failed: No such process
09-20 11:45:05.532  2271  2271 E ANDR-IOP: IOP HAL: Received pkg_name = com.google.android.googlequicksearchbox pid = 0
09-20 11:45:05.534  2565  2580 I ActivityManager: Killing 10341:com.google.android.googlequicksearchbox:search/u0a52 (adj 900): stop com.google.android.googlequicksearchbox
09-20 11:45:05.536  2271  2271 E ANDR-IOP: IOP HAL: Received pkg_name = com.google.android.googlequicksearchbox:search pid = 0
09-20 11:45:05.536  2565  2580 W ActivityManager: Scheduling restart of crashed service com.google.android.googlequicksearchbox/com.google.android.apps.gsa.nowoverlayservice.DrawerOverlayService in 1000ms
09-20 11:45:05.538  2565  2580 I ActivityManager: Killing 29111:com.google.android.googlequicksearchbox:interactor/u0a52 (adj 0): stop com.google.android.googlequicksearchbox
09-20 11:45:05.539  2271  2271 E ANDR-IOP: IOP HAL: Received pkg_name = com.google.android.googlequicksearchbox:interactor pid = 0
09-20 11:45:05.539  2565  2580 W ActivityManager: Scheduling restart of crashed service com.google.android.googlequicksearchbox/com.google.android.voiceinteraction.GsaVoiceInteractionService in 10997ms
09-20 11:45:05.539  2565  2594 I PackageManager: Update system package com.google.android.googlequicksearchbox code path from /data/app/com.google.android.googlequicksearchbox-V7iblJ0VlAvOUDq6gss2VA== to /data/app/com.google.android.googlequicksearchbox-QeFP3fniJEYcIZbvs9YvOA==; Retain data and using new
09-20 11:45:05.539  2565  2594 I PackageManager: Update system package com.google.android.googlequicksearchbox resource path from /data/app/com.google.android.googlequicksearchbox-V7iblJ0VlAvOUDq6gss2VA== to /data/app/com.google.android.googlequicksearchbox-QeFP3fniJEYcIZbvs9YvOA==; Retain data and using new
09-20 11:45:05.541  2565  2580 I ActivityManager:   Force stopping service ServiceRecord{d78cc9 u0 com.google.android.googlequicksearchbox/com.google.android.voiceinteraction.GsaVoiceInteractionService}
09-20 11:45:05.541  2565  2580 I ActivityManager:   Force stopping service ServiceRecord{7f37aac u0 com.google.android.googlequicksearchbox/com.google.android.apps.gsa.nowoverlayservice.DrawerOverlayService}
09-20 11:45:05.545  2271  2271 E ANDR-IOP: IOP HAL: Received pkg_name = com.google.android.googlequicksearchbox pid = 0
09-20 11:45:05.545  2271  2399 E ANDR-IOP: UXEngine: Received pkg install - com.google.android.googlequicksearchbox
09-20 11:45:05.566  2154  2154 I Zygote  : Process 29111 exited due to signal (9)
09-20 11:45:05.570  2565  2583 W libprocessgroup: kill(-19834, 9) failed: No such process
09-20 11:45:05.571  2154  2154 I Zygote  : Process 19834 exited due to signal (9)
09-20 11:45:05.589  2565  2583 W libprocessgroup: kill(-19834, 9) failed: No such process
09-20 11:45:05.589  2565  2583 I libprocessgroup: Successfully killed process cgroup uid 10052 pid 19834 in 57ms
09-20 11:45:05.589  2565  2583 W libprocessgroup: kill(-10341, 9) failed: No such process
09-20 11:45:05.613  2565  2594 I PackageManager.DexOptimizer: Running dexopt (dexoptNeeded=1) on: /data/app/com.google.android.googlequicksearchbox-QeFP3fniJEYcIZbvs9YvOA==/base.apk pkg=com.google.android.googlequicksearchbox isa=arm dexoptFlags=boot_complete,profile_guided,public,enable_hidden_api_checks targetFilter=speed-profile oatDir=/data/app/com.google.android.googlequicksearchbox-QeFP3fniJEYcIZbvs9YvOA==/oat classLoaderContext=PCL[/system/framework/org.apache.http.legacy.boot.jar]
09-20 11:45:05.614  2161  2707 V installed: DexInv: --- BEGIN '/data/app/com.google.android.googlequicksearchbox-QeFP3fniJEYcIZbvs9YvOA==/base.apk' ---
09-20 11:45:05.628  2565  2583 W libprocessgroup: kill(-10341, 9) failed: No such process
09-20 11:45:05.632  2565  2928 W InputDispatcher: channel '3317197 com.teslacoilsw.launcher/com.teslacoilsw.launcher.NovaLauncher (server)' ~ Consumer closed input channel or an error occurred.  events=0x9
09-20 11:45:05.632  2565  2928 E InputDispatcher: channel '3317197 com.teslacoilsw.launcher/com.teslacoilsw.launcher.NovaLauncher (server)' ~ Channel is unrecoverably broken and will be disposed!
09-20 11:45:05.633  2565 16860 D ConnectivityService: ConnectivityService NetworkRequestInfo binderDied(NetworkRequest [ TRACK_DEFAULT id=1163, [ Capabilities: INTERNET&NOT_RESTRICTED&TRUSTED Unwanted:  Uid: 10052] ], android.os.BinderProxy@dd71d91)
09-20 11:45:05.633  2565  8657 D ConnectivityService: ConnectivityService NetworkRequestInfo binderDied(NetworkRequest [ LISTEN id=1164, [ Capabilities: INTERNET&NOT_RESTRICTED&TRUSTED Unwanted:  Uid: 10052] ], android.os.BinderProxy@ebff4f6)
09-20 11:45:05.633  2565  2944 D ConnectivityService: releasing NetworkRequest [ TRACK_DEFAULT id=1163, [ Capabilities: INTERNET&NOT_RESTRICTED&TRUSTED Unwanted:  Uid: 10052] ] (release request)
09-20 11:45:05.634  2565  8657 I WindowManager: WIN DEATH: Window{3317197 u0 com.teslacoilsw.launcher/com.teslacoilsw.launcher.NovaLauncher}
09-20 11:45:05.634  2565  8657 W InputDispatcher: Attempted to unregister already unregistered input channel '3317197 com.teslacoilsw.launcher/com.teslacoilsw.launcher.NovaLauncher (server)'
09-20 11:45:05.635  2565  2589 W ActivityManager: setHasOverlayUi called on unknown pid: 10341
09-20 11:45:05.635  3369  3369 D QcrilMsgTunnelIfaceManager: handleMessage what = 1
09-20 11:45:05.635  3369  3369 I QcrilOemhookMsgTunnel: [0]invokeOemRilRequestRaw: serial=2927 length=24
09-20 11:45:05.638  3369  3423 I QcrilOemhookMsgTunnel: [0]processOemHookResponse serial no: 2927 error: 0length=0
09-20 11:45:05.638  3369  3369 D QcrilMsgTunnelIfaceManager: handleMessage what = 2
09-20 11:45:05.639  3369  3423 I QcrilOemhookMsgTunnel: [0]processOemHookIndication length=28
09-20 11:45:05.639  3369  3369 D QcrilMsgTunnelIfaceManager: handleMessage what = 0
09-20 11:45:05.655 21247 21247 I dex2oat : /system/bin/dex2oat --input-vdex-fd=-1 --output-vdex-fd=20 --compiler-filter=speed-profile --profile-file-fd=23 --classpath-dir=/data/app/com.google.android.googlequicksearchbox-QeFP3fniJEYcIZbvs9YvOA== --class-loader-context=PCL[/system/framework/org.apache.http.legacy.boot.jar] --generate-mini-debug-info --compact-dex-level=none --compilation-reason=install
09-20 11:45:05.671  2565  2583 W libprocessgroup: kill(-10341, 9) failed: No such process
09-20 11:45:05.681  2154  2154 I Zygote  : Process 10341 exited due to signal (9)
09-20 11:45:05.687  2565  2928 I ActivityManager: START u0 {act=android.intent.action.MAIN cat=[android.intent.category.HOME] flg=0x10200000 cmp=com.teslacoilsw.launcher/.NovaLauncher (has extras)} from uid 1000
09-20 11:45:05.688  3004  3004 I vol.Events: writeEvent dismiss_dialog volume_controller
09-20 11:45:05.688  3004  3004 V StatusBar: mStatusBarWindow: com.android.systemui.statusbar.phone.StatusBarWindowView{df575a V.ED..... ........ 0,0-2560,72} canPanelBeCollapsed(): false
