09-20 11:44:46.396  3004  3004 D StatusBar: disable<e i a s b H R c s > disable2<q i n >
09-20 11:44:46.396  3004  3004 D StatusBar: disable<e i a s b H R c s > disable2<q i n >
09-20 11:44:46.396  3004  3004 E NetworkController.WifiSignalController: showVowifiIcon=false
09-20 11:44:46.405   669   669 I sensors-hal: batch:140, android.sensor.light/33, period=200000000, max_latency=0
09-20 11:44:46.405   669   669 I sensors-hal: batch:149, android.sensor.light/33, period=200000000, max_latency=0 request completed
09-20 11:44:46.427   669   669 I sensors-hal: batch:140, android.sensor.accelerometer/13, period=66667000, max_latency=100000000
09-20 11:44:46.427   669   669 I sensors-hal: batch:149, android.sensor.accelerometer/13, period=66667000, max_latency=100000000 request completed
09-20 11:44:46.428   669   669 I sensors-hal: activate:107, android.sensor.accelerometer/13 en=1
09-20 11:44:46.428   669   669 I sensors-hal: ssc_enable_rt_task:254, ssc_enable_rt_task : true
09-20 11:44:46.428  3931  3931 E NfcService: screen state android.intent.action.SCREEN_ON
09-20 11:44:46.429  3931  3931 E NfcService: screen state on
09-20 11:44:46.429  3931  3931 E libnfc_nci: [ERROR:NativeMposManager.cpp(76)] nativeNfcMposManager_doGetEtsiReaederState: ETSI_READER not available. Returning
09-20 11:44:46.429  3931  3931 E NfcService: screen state 4
09-20 11:44:46.429  3931  3931 E NfcService: screen state mScreenState 2
09-20 11:44:46.429  3931  3931 E libnfc_nci: [ERROR:NativeNfcManager.cpp(6108)] nfcManager_doSetScreenOrPowerState: Enter
09-20 11:44:46.432   676  4113 E NxpTml  : _i2c_write() errno : 5
09-20 11:44:46.433   676  4113 E NxpTml  : PN54X - Error in I2C Write.....
09-20 11:44:46.433   676  4115 E NxpHal  : write error status = 0x1ff
09-20 11:44:46.433   676   676 E NxpHal  : write_unlocked failed - PN54X Maybe in Standby Mode - Retry
09-20 11:44:46.434   669   669 I sensors-hal: activate:118, android.sensor.accelerometer/13 en=1 completed
09-20 11:44:46.434  2565  2591 I DisplayPowerController: Unblocked screen on after 126 ms
09-20 11:44:46.437  2565  5137 V LocSvc_HIDL_Subscription_jni: screen_status_update
09-20 11:44:46.437  2565  5137 V LocSvc_HIDL_Subscription_jni: [screen_status_update][528] [HC] =>> [HS]
09-20 11:44:46.437   678   678 V LocSvc_HIDL_IzatSubscription: [screenStatusUpdate][571] [HS] <<<<= [HC]
09-20 11:44:46.438  2565  5137 V LocSvc_HIDL_Subscription_jni: Exit Result 0
09-20 11:44:46.443  3192  3192 D DPMJ    : |SERVICE| DPM received action android.intent.action.SCREEN_ON
09-20 11:44:46.458  3931  3931 D NfcService: applyRouting - enter force = false mScreenState = 4
09-20 11:44:46.465  3931  4261 E libnfc_nci: [ERROR:NativeNfcManager.cpp(1492)] nfaConnectionCallback: unknown event ????
09-20 11:44:46.487 10704 10800 I NearbySharing: Screen is locked [CONTEXT service_id=194 ]
09-20 11:44:46.487 10704 10800 I NearbySharing: Failed to stop scanning because weren't scanning. [CONTEXT service_id=194 ]
09-20 11:44:46.487 10704 10800 I NearbySharing: Stopping discovery because the screen is locked. [CONTEXT service_id=194 ]
09-20 11:44:46.487 10704 10800 I NearbySharing: Can't stop advertising FastInitiation. Not advertising. [CONTEXT service_id=194 ]
09-20 11:44:46.487 10704 10800 I NearbySharing: Stopping Fast Init advertisement because Bluetooth is off. [CONTEXT service_id=194 ]
09-20 11:44:46.487 10704 10800 I NearbySharing: Failed to stop advertising because we weren't advertising. [CONTEXT service_id=194 ]
09-20 11:44:46.487 10704 10800 I NearbySharing: Stopping advertising because the screen is locked. [CONTEXT service_id=194 ]
09-20 11:44:46.487 10704 10800 I NearbySharing: Stopping Fast Init because the screen is locked. [CONTEXT service_id=194 ]
09-20 11:44:46.487 10704 10800 I NearbySharing: Can't stop scanning for FastInitiation. Not scanning. [CONTEXT service_id=194 ]
09-20 11:44:46.488 10704 10800 I NearbySharing: Fast Initiation Scanning has stopped [CONTEXT service_id=194 ]
09-20 11:44:46.491 11853 11853 I DeviceStatusMonitor: DeviceStatusMonitor$1.onReceive():51 onReceive() : Action = android.intent.action.SCREEN_ON
09-20 11:44:46.491 11853 11853 I DeviceStatusMonitor: DeviceStatusMonitor.updateCountryInfo():111 updateCountryInfo(), notifyAnyway = false
09-20 11:44:46.504   669 21069 I sensors-hal: handle_indication_realtime:352,  SCHED_FIFO(10) for qmi_cbk
09-20 11:44:46.504   669 21067 I sensors-hal: handle_indication_realtime:352,  SCHED_FIFO(10) for qmi_cbk
09-20 11:44:46.508  2565  2565 V SettingsProvider: Notifying for 0: content://settings/system/screen_brightness
09-20 11:44:46.526 24047 24047 W Ads     : #004 The webview is destroyed. Ignoring action.
09-20 11:44:46.532 24047 24047 I chatty  : uid=10151(com.goop.chat) identical 16 lines
09-20 11:44:46.532 24047 24047 W Ads     : #004 The webview is destroyed. Ignoring action.
09-20 11:44:46.542 10704 17149 I NearbyDiscovery: FastPairHandler: Received action android.intent.action.SCREEN_ON [CONTEXT service_id=49 ]
09-20 11:44:46.545 10704 17149 D BluetoothAdapter: isLeEnabled(): BLE_ON
09-20 11:44:46.548 10704 10782 I BeaconBle: Client requested scan, settings=BleSettings [scanMode=LOW_LATENCY, callbackType=ALL_MATCHES, reportDelayMillis=0, 5 filters, 1 clients, callingClientName=Nearby] [CONTEXT service_id=111 ]
09-20 11:44:46.550 17183 17369 I bt_stack: [INFO:gatt_api.cc(949)] GATT_Registerf993b98d-7d63-c9b1-db14-054ed6ab951f
09-20 11:44:46.550 17183 17369 I bt_stack: [INFO:gatt_api.cc(969)] allocated gatt_if=5
09-20 11:44:46.552 10704 10741 D BluetoothLeScanner: onScannerRegistered() - status=0 scannerId=5 mScannerId=0
09-20 11:44:46.561 17183 17243 D BtGatt.ScanManager: isAptXLowLatencyModeEnabled: false
09-20 11:44:46.562   656   656 D vendor.qti.bluetooth@1.0-ibs_handler: SerialClockVote: vote for UART CLK ON
09-20 11:44:46.563   656   656 D vendor.qti.bluetooth@1.0-wake_lock: Acquire wakelock is acquired 
09-20 11:44:46.563   656   656 I vendor.qti.bluetooth@1.0-ibs_handler: DeviceWakeUp: Writing IBS_WAKE_IND
09-20 11:44:46.563 10704 10782 I BeaconBle: Stopping scan on delegate scanner. BT state: 15 [CONTEXT service_id=111 ]
09-20 11:44:46.564 10704 10782 D BluetoothAdapter: isLeEnabled(): BLE_ON
09-20 11:44:46.566   656 17367 I vendor.qti.bluetooth@1.0-ibs_handler: ProcessIbsCmd: Received IBS_WAKE_ACK: 0xFC
09-20 11:44:46.566 10704 17149 I NearbyDiscovery: FastPairScanner2: Starting LOW_LATENCY_SCANNING scan for 6 seconds [CONTEXT service_id=49 ]
09-20 11:44:46.566   656 17367 I vendor.qti.bluetooth@1.0-ibs_handler: ProcessIbsCmd: Received IBS_WAKE_IND: 0xFD
09-20 11:44:46.566   656 17367 I vendor.qti.bluetooth@1.0-ibs_handler: ProcessIbsCmd: Writing IBS_WAKE_ACK
09-20 11:44:46.567 10704 17149 I NearbyDiscovery: FastPair: Baymax got intent android.intent.action.SCREEN_ON [CONTEXT service_id=49 ]
09-20 11:44:46.571 10704 10782 I BeaconBle: Resetting - new scanner available: true [CONTEXT service_id=111 ]
09-20 11:44:46.572 10704 10782 I BeaconBle: 'L' hardware scan: 2 filters, scanMode=2, reportdelay=0, callback type=1, #clients=1, workSource=WorkSource{10061 com.google.android.gms} [CONTEXT service_id=111 ]
09-20 11:44:46.573 10704 10782 I BeaconBle: Starting scan on OS scanner. BT state: 15 [CONTEXT service_id=111 ]
09-20 11:44:46.574 10704 10782 D BluetoothAdapter: isLeEnabled(): BLE_ON
09-20 11:44:46.575 17183 17369 I bt_stack: [INFO:gatt_api.cc(949)] GATT_Register9135e19f-a005-e226-08b1-33eaf83d0517
09-20 11:44:46.576 17183 17369 I bt_stack: [INFO:gatt_api.cc(969)] allocated gatt_if=4
09-20 11:44:46.576 10704 10741 D BluetoothLeScanner: onScannerRegistered() - status=0 scannerId=4 mScannerId=0
09-20 11:44:46.581 17183 17243 D BtGatt.ScanManager: isAptXLowLatencyModeEnabled: false
09-20 11:44:46.600   663  4437 I SDM     : HWCSession::HandleConcurrency: sec_builtin_active 0
09-20 11:44:46.601   696   696 D SurfaceFlinger: Finished set power mode=2, type=0
09-20 11:44:46.601  2565  2964 D SurfaceControl: Excessive delay in setPowerMode()
09-20 11:44:46.603  2565  2591 W PowerManagerService: Screen on took 298 ms
09-20 11:44:46.603  2565  2591 I DreamManagerService: Gently waking up from dream.
09-20 11:44:46.603  2565  2587 I DreamManagerService: Performing gentle wake from dream.
09-20 11:44:46.614   656 17367 I vendor.qti.bluetooth@1.0-ibs_handler: ProcessIbsCmd: Received IBS_SLEEP_IND: 0xFE
09-20 11:44:46.628  2565  9437 I DreamManagerService: Leaving dreamland.
09-20 11:44:46.629  2565  2587 I DreamManagerService: Performing gentle wake from dream.
09-20 11:44:46.629  2565  2587 I DreamController: Stopping dream: name=ComponentInfo{com.android.systemui/com.android.systemui.doze.DozeService}, isTest=false, canDoze=true, userId=0
09-20 11:44:46.630  2565  2565 W AlarmManager: Unrecognized alarm listener com.android.server.job.controllers.-$$Lambda$IdleController$IdlenessTracker$nTdS-lGBXcES5VWKcJFmQFgU7IU@eeb95f4
09-20 11:44:46.642   669   669 I sensors-hal: activate:107, android.sensor.pick_up_gesture/28 en=0
09-20 11:44:46.643   669   669 I sensors-hal: activate:118, android.sensor.pick_up_gesture/28 en=0 completed
09-20 11:44:46.801   656 17367 I vendor.qti.bluetooth@1.0-ibs_handler: ProcessIbsCmd: Received IBS_WAKE_IND: 0xFD
09-20 11:44:46.801   656 17367 I vendor.qti.bluetooth@1.0-ibs_handler: ProcessIbsCmd: Writing IBS_WAKE_ACK
09-20 11:44:46.851   656 17367 I vendor.qti.bluetooth@1.0-ibs_handler: ProcessIbsCmd: Received IBS_SLEEP_IND: 0xFE
09-20 11:44:47.439  2565  2577 W ActivityManager: Background start not allowed: service Intent { act=com.whatsapp.messaging.MessageService.START cmp=com.whatsapp/.messaging.MessageService } to com.whatsapp/.messaging.MessageService from pid=13292 uid=10126 pkg=com.whatsapp startFg?=false
09-20 11:44:47.449   674  3343 I WifiHAL : event received NL80211_CMD_VENDOR, vendor_id = 0x1374, subcmd = 0xd
09-20 11:44:47.506 23318 23318 E adbd    : failed to connect to socket 'tcp:6666': Connection refused
09-20 11:44:47.507 23318 23318 E adbd    : failed to connect to socket 'tcp:6666': Connection refused
09-20 11:44:47.810   656 17372 I vendor.qti.bluetooth@1.0-ibs_handler: DeviceSleep: TX Awake, Sending SLEEP_IND
09-20 11:44:47.810   656 17372 D vendor.qti.bluetooth@1.0-ibs_handler: SerialClockVote: vote for UART CLK OFF
09-20 11:44:47.876  2268  2562 D fpc_tac : fpc_tee_identify
09-20 11:44:47.901  2268  2562 D fpc_tac : fpc_tee_identify: coverage: 95, quality: 45
09-20 11:44:47.902  2268  2562 D android.hardware.biometrics.fingerprint@2.1-service: onAcquired(0)
09-20 11:44:47.902  2268  2562 D fpc_tac : fpc_tee_get_auth_result
09-20 11:44:47.904  2268  2562 D fpc_fingerprint_hal: hat->challenge 0
09-20 11:44:47.904  2268  2562 D fpc_fingerprint_hal: hat->authenticator_id 7243619509428339929
09-20 11:44:47.904  2268  2562 D fpc_fingerprint_hal: hat->authenticator_type 33554432
09-20 11:44:47.904  2268  2562 D fpc_fingerprint_hal: hat->timestamp 7203627815818756096
09-20 11:44:47.904  2268  2562 D fpc_fingerprint_hal: hat->user_id 7258921655276826665
09-20 11:44:47.904  2268  2562 D fpc_fingerprint_hal: hat->version 0
09-20 11:44:47.904  2268  2562 D android.hardware.biometrics.fingerprint@2.1-service: onAuthenticated(fid=1029073836, gid=0)
09-20 11:44:47.904  2268  2562 D fpc_tac : fpc_tee_update_template
09-20 11:44:47.906  2163  2163 D keystore: AddAuthenticationToken: timestamp = 1433270371, time_received = 170788
09-20 11:44:47.906  2268  2562 D fpc_tac : fpc_tee_store_template_db
09-20 11:44:47.906  2565  2565 V FingerprintService: onAuthenticated(owner=com.android.systemui, id=1029073836, gp=0)
09-20 11:44:47.910  2565  2565 V FingerprintService: Done with client: com.android.systemui
09-20 11:44:47.920  3004  3004 V FingerprintController: startWakeAndUnlock(5)
09-20 11:44:47.920  3004  3004 V StatusBar: mStatusBarWindow: com.android.systemui.statusbar.phone.StatusBarWindowView{df575a V.ED..... .......D 0,0-1440,2560} canPanelBeCollapsed(): true
09-20 11:44:47.960   656 17247 D vendor.qti.bluetooth@1.0-wake_lock: Release wakelock is released 
09-20 11:44:48.212   696   696 I ConfigStore: android::hardware::configstore::V1_0::ISurfaceFlingerConfigs::hasHDRDisplay retrieved: 1
09-20 11:44:48.224  2565  3888 I ActivityManager: Config changes=20000480 {1.0 454mcc6mnc [zh_HK] ldltr sw480dp w805dp h456dp 480dpi lrg long hdr widecg land finger -keyb/v/h -nav/h winConfig={ mBounds=Rect(0, 0 - 1440, 2560) mAppBounds=Rect(0, 0 - 2416, 1440) mWindowingMode=fullscreen mActivityType=undefined} s.13}
09-20 11:44:48.240  2565  3888 I ActivityManager: Override config changes=20000480 {1.0 454mcc6mnc [zh_HK] ldltr sw480dp w805dp h456dp 480dpi lrg long hdr widecg land finger -keyb/v/h -nav/h winConfig={ mBounds=Rect(0, 0 - 1440, 2560) mAppBounds=Rect(0, 0 - 2416, 1440) mWindowingMode=fullscreen mActivityType=undefined} s.13} for displayId=0
09-20 11:44:48.252  3004  3004 D StatusBar: disable<e i a s b H R c s > disable2<q i n >
09-20 11:44:48.258  2565  2952 V AudioService.RotationHelper: publishing device rotation =1 (x90deg)
09-20 11:44:48.258   653  4743 D audio_hw_primary: adev_set_parameters: enter: rotation=90
09-20 11:44:48.258   653  4743 D audio_hw_extn: audio_extn_set_anc_parameters: anc_enabled:0
09-20 11:44:48.258   653  4743 D audio_hw_spkr_prot: audio_extn_fbsp_set_parameters: Speaker protection disabled
09-20 11:44:48.260  2565  2929 I InputReader: Reconfiguring input devices.  changes=0x00000004
09-20 11:44:48.260  2565  2929 I InputReader: Device reconfigured: id=3, name='synaptics_dsx', size 1440x2560, orientation 1, mode 1, display id 0
09-20 11:44:48.266 20595 20619 I chatty  : uid=10162(com.EpicGames.AndroidQuickStart) MainThread-UE4 expire 7 lines
09-20 11:44:48.272  3004  3004 D StatusBar: disable<e i a s b H R c s > disable2<q i n >
09-20 11:44:48.273  2565 17162 W UsageStatsService: Event reported without a package name
09-20 11:44:48.273  3004  3004 D StatusBar: disable<e i a s b h!r!c s > disable2<q i n >
09-20 11:44:48.284  3962  3962 E LibSecureUISvc: svc_sock_send_message(suisvc): invalid remote socket suilst
09-20 11:44:48.284  3931  3931 E NfcService: screen state android.intent.action.USER_PRESENT
09-20 11:44:48.284 20595 20595 I chatty  : uid=10162(com.EpicGames.AndroidQuickStart) MainThread-UE4 expire 10 lines
09-20 11:44:48.284  3931  3931 E NfcService: screen state user present
09-20 11:44:48.284  3931  3931 E libnfc_nci: [ERROR:NativeMposManager.cpp(76)] nativeNfcMposManager_doGetEtsiReaederState: ETSI_READER not available. Returning
09-20 11:44:48.284  3931  3931 E NfcService: screen state 8
09-20 11:44:48.284  3931  3931 E NfcService: screen state mScreenState 4
09-20 11:44:48.284  3931  3931 E libnfc_nci: [ERROR:NativeNfcManager.cpp(6108)] nfcManager_doSetScreenOrPowerState: Enter
09-20 11:44:48.284  2565  2580 W BroadcastQueue: Background execution not allowed: receiving Intent { act=android.intent.action.USER_PRESENT flg=0x24200010 } to com.android.chrome/org.chromium.chrome.browser.sharing.click_to_call.ClickToCallMessageHandler$PhoneUnlockedReceiver
09-20 11:44:48.284  2565  2580 W BroadcastQueue: Background execution not allowed: receiving Intent { act=android.intent.action.USER_PRESENT flg=0x24200010 } to com.google.android.gms/.auth.setup.devicesignals.LockScreenReceiver
09-20 11:44:48.284  2565  2580 W BroadcastQueue: Background execution not allowed: receiving Intent { act=android.intent.action.USER_PRESENT flg=0x24200010 } to com.google.android.gms/.trustagent.UserPresentBroadcastReceiver
09-20 11:44:48.284  2565  2580 W BroadcastQueue: Background execution not allowed: receiving Intent { act=android.intent.action.USER_PRESENT flg=0x24200010 } to com.google.android.gms/.chimera.GmsIntentOperationService$PersistentTrustedReceiver
09-20 11:44:48.284  2565  2580 W BroadcastQueue: Background execution not allowed: receiving Intent { act=android.intent.action.USER_PRESENT flg=0x24200010 } to com.razerzone.gamebooster/.services.ZordonService$BoosterReceiver
09-20 11:44:48.284 29111 29111 I chatty  : uid=10052(com.google.android.googlequicksearchbox) expire 1 line
09-20 11:44:48.286   676  4113 E NxpTml  : _i2c_write() errno : 5
09-20 11:44:48.286   676  4113 E NxpTml  : PN54X - Error in I2C Write.....
09-20 11:44:48.286 20595 20618 I chatty  : uid=10162(com.EpicGames.AndroidQuickStart) MainThread-UE4 expire 8 lines
09-20 11:44:48.286   676  4115 E NxpHal  : write error status = 0x1ff
09-20 11:44:48.286   676   676 E NxpHal  : write_unlocked failed - PN54X Maybe in Standby Mode - Retry
09-20 11:44:48.287 10704 10704 I TrustAgent: TAG: TrustAgent. [PhonePositionTracker] 1 PhonePositionInfo added to playlog [CONTEXT service_id=84 ]
09-20 11:44:48.287 10704 10800 I NearbySharing: Screen is unlocked [CONTEXT service_id=194 ]
09-20 11:44:48.287 10704 10704 I TrustAgent: TAG: TrustAgent. [HomeAddressChangeTracker] User Present. Maybe fetch home. [CONTEXT service_id=84 ]
09-20 11:44:48.287 10704 10800 I NearbySharing: Failed to stop scanning because weren't scanning. [CONTEXT service_id=194 ]
09-20 11:44:48.287 10704 10800 I NearbySharing: Stopping discovery because Bluetooth is disabled. [CONTEXT service_id=194 ]
09-20 11:44:48.287 10704 10800 I NearbySharing: Can't stop advertising FastInitiation. Not advertising. [CONTEXT service_id=194 ]
09-20 11:44:48.287 10704 10800 I NearbySharing: Stopping Fast Init advertisement because Bluetooth is off. [CONTEXT service_id=194 ]
09-20 11:44:48.287 10704 10800 I NearbySharing: Failed to stop advertising because we weren't advertising. [CONTEXT service_id=194 ]
09-20 11:44:48.287 10704 10800 I NearbySharing: Stopping advertising because Bluetooth is disabled. [CONTEXT service_id=194 ]
09-20 11:44:48.288 10704 10704 I TrustAgent: TAG: TrustAgent. [HomeFetcher] return existing home address! [CONTEXT service_id=84 ]
09-20 11:44:48.288 10704 10704 I chatty  : uid=10061 com.google.android.gms.persistent identical 2 lines
09-20 11:44:48.288 10704 10704 I TrustAgent: TAG: TrustAgent. [HomeFetcher] return existing home address! [CONTEXT service_id=84 ]
09-20 11:44:48.291  3004  3004 D StatusBar: disable<e i a s b h r c s > disable2<q i n >
09-20 11:44:48.292   669  1188 I sensors-hal: batch:140, android.sensor.accelerometer/13, period=20000000, max_latency=0
09-20 11:44:48.295   669  1188 I sensors-hal: batch:149, android.sensor.accelerometer/13, period=20000000, max_latency=0 request completed
09-20 11:44:48.295   669  1188 I sensors-hal: flush:169, android.sensor.accelerometer/13
09-20 11:44:48.296 10704 10800 D BluetoothAdapter: isLeEnabled(): BLE_ON
09-20 11:44:48.298   669  1188 I sensors-hal: flush:175, android.sensor.accelerometer/13 completed
09-20 11:44:48.299   669  1188 I sensors-hal: batch:140, android.sensor.magnetic_field/27, period=20000000, max_latency=0
09-20 11:44:48.299   669  1188 I sensors-hal: batch:149, android.sensor.magnetic_field/27, period=20000000, max_latency=0 request completed
09-20 11:44:48.299   669  1188 I sensors-hal: activate:107, android.sensor.magnetic_field/27 en=1
09-20 11:44:48.300   669  1188 I sensors-hal: ssc_enable_rt_task:254, ssc_enable_rt_task : true
09-20 11:44:48.302 11853 11853 W GoogleInputMethodService: GoogleInputMethodService.onConfigurationChanged():1497 onConfigurationChanged() : NewConfig = {1.0 454mcc6mnc [zh_HK] ldltr sw480dp w805dp h456dp 480dpi lrg long hdr widecg land finger -keyb/v/h -nav/h winConfig={ mBounds=Rect(0, 0 - 1440, 2560) mAppBounds=Rect(0, 0 - 2416, 1440) mWindowingMode=fullscreen mActivityType=undefined} s.13}
09-20 11:44:48.302 17183 17369 I bt_stack: [INFO:gatt_api.cc(949)] GATT_Registere5066933-e29d-dcaf-cd8a-0f910c02c18e
09-20 11:44:48.302 11853 11853 W KeyboardModeManager: KeyboardModeManager.reloadOrientationAwareData():462 reloadOrientationAwareData() : orientation = 2
09-20 11:44:48.302 17183 17369 I bt_stack: [INFO:gatt_api.cc(969)] allocated gatt_if=6
09-20 11:44:48.303 11853 11853 I NormalModeController: NormalModeController.getKeyboardBodyViewHolderPaddingBottom():120 currentPrimeKeyboardType:SOFT systemPaddingBottom:-1
09-20 11:44:48.303 10704 11082 D BluetoothLeScanner: onScannerRegistered() - status=0 scannerId=6 mScannerId=0
09-20 11:44:48.304   669  1188 I sensors-hal: ssc_enable_rt_task:254, ssc_enable_rt_task : true
09-20 11:44:48.307 10704 10800 I NearbySharing: Started scanning for FastInitiation with mode: SCAN_MODE_OPPORTUNISTIC [CONTEXT service_id=194 ]
09-20 11:44:48.307 10704 10800 I NearbySharing: Fast Initiation Scanning has started [CONTEXT service_id=194 ]
09-20 11:44:48.309   669  1188 I sensors-hal: activate:255, mag_filter is disabled
09-20 11:44:48.309   669  1188 I sensors-hal: activate:118, android.sensor.magnetic_field/27 en=1 completed
09-20 11:44:48.309 17183 17243 D BtGatt.ScanManager: isAptXLowLatencyModeEnabled: false
09-20 11:44:48.310   669  1188 I sensors-hal: batch:140, android.sensor.gyroscope/31, period=20000000, max_latency=0
09-20 11:44:48.310   669  1188 I sensors-hal: batch:149, android.sensor.gyroscope/31, period=20000000, max_latency=0 request completed
09-20 11:44:48.310   669  1188 I sensors-hal: activate:107, android.sensor.gyroscope/31 en=1
09-20 11:44:48.310   669  1188 I sensors-hal: ssc_enable_rt_task:254, ssc_enable_rt_task : true
09-20 11:44:48.313   669  1188 I sensors-hal: ssc_enable_rt_task:254, ssc_enable_rt_task : true
09-20 11:44:48.313   669 21114 I sensors-hal: handle_indication_realtime:352,  SCHED_FIFO(10) for qmi_cbk
09-20 11:44:48.315   669  1188 I sensors-hal: activate:118, android.sensor.gyroscope/31 en=1 completed
09-20 11:44:48.315  3931  3931 D NfcService: applyRouting - enter force = false mScreenState = 8
09-20 11:44:48.322   669 21123 I sensors-hal: handle_indication_realtime:352,  SCHED_FIFO(10) for qmi_cbk
09-20 11:44:48.327  3931  4261 E libnfc_nci: [ERROR:NativeNfcManager.cpp(1492)] nfaConnectionCallback: unknown event ????
09-20 11:44:48.329   696  1651 D SurfaceFlinger: duplicate layer name: changing com.EpicGames.AndroidQuickStart/com.epicgames.ue4.GameActivity to com.EpicGames.AndroidQuickStart/com.epicgames.ue4.GameActivity#1
09-20 11:44:48.359 24047 24047 W Ads     : #004 The webview is destroyed. Ignoring action.
09-20 11:44:48.365 24047 24047 W Ads     : #004 The webview is destroyed. Ignoring action.
09-20 11:44:48.366  2271  2271 E ANDR-IOP: IOP HAL: Received pkg_name = com.EpicGames.AndroidQuickStart pid = 0
09-20 11:44:48.367  2565  2589 I ActivityManager: Displayed com.EpicGames.AndroidQuickStart/com.epicgames.ue4.GameActivity: +2m1s448ms (total +2m1s894ms)
09-20 11:44:48.368  2271  2271 E ANDR-IOP: IOP HAL: Received pkg_name = com.EpicGames.AndroidQuickStart pid = 0
09-20 11:44:48.368 11853 11853 W KeyboardModeManager: KeyboardModeManager.setInputView():302 setInputView() : inputView = null
09-20 11:44:48.369 11853 11853 I GoogleInputMethodService: GoogleInputMethodService.initializeKeyboardTheme():1268 Apply keyboard theme: theme_stylesheet_googleblue_materiallight_assets:theme_package_metadata_google_blue_light.binarypb_land
09-20 11:44:48.370  3004  3004 D StatusBar: disable<e i a s b h r c s > disable2<q i n >
09-20 11:44:48.372 24047 24047 W Ads     : #004 The webview is destroyed. Ignoring action.
09-20 11:44:48.372 24047 24047 W Ads     : #004 The webview is destroyed. Ignoring action.
09-20 11:44:48.375 11853 11853 I Environment: Environment.getDeviceMode():734 Get device mode by ui mode:1 and smallestScreenWidthDp:480
09-20 11:44:48.375 11853 11853 I chatty  : uid=10089(com.google.android.inputmethod.latin) identical 4 lines
09-20 11:44:48.375 11853 11853 I Environment: Environment.getDeviceMode():734 Get device mode by ui mode:1 and smallestScreenWidthDp:480
09-20 11:44:48.378 11853 21127 I KeyboardGroupDefParser: KeyboardGroupDefParser.parseKeyboardGroupDef():89 parseKeyboardGroupDef() 2132148478 -> extension_emoji_search_extension_view_m2 : WaitTime = 10 ms : RunTime = 1 ms
09-20 11:44:48.384 11853 11853 I KeyboardViewUtil: KeyboardViewUtil.getKeyboardHeightRatio():168 systemKeyboardHeightRatio:1.000000; userKeyboardHeightRatio:1.000000.
09-20 11:44:48.389   696  1651 W SurfaceFlinger: Attempting to destroy on removed layer: 889c9c0 AssistPreviewPanel#0
09-20 11:44:48.391   696  1651 W SurfaceFlinger: Attempting to destroy on removed layer: d21c1ec DockedStackDivider#0
09-20 11:44:48.391 11853 11853 I GoogleInputMethodService: GoogleInputMethodService.onStartInput():1829 
09-20 11:44:48.391 11853 11853 W SessionManager: SessionManager.beginSession():53 Try to begin an already begun session [INPUT_SESSION], end it first
09-20 11:44:48.395 11853 11853 I Environment: Environment.getDeviceMode():734 Get device mode by ui mode:1 and smallestScreenWidthDp:480
09-20 11:44:48.395 11853 11853 I Environment: Environment.getDeviceMode():734 Get device mode by ui mode:1 and smallestScreenWidthDp:480
09-20 11:44:48.397 11853 11853 I GoogleInputMethodService: GoogleInputMethodService.lambda$setDecorViewApplyWindowInsetsListener$9():990 update screenHeightWithoutNaviBar to: 1296
09-20 11:44:48.398 11853 11853 I GoogleInputMethodService: GoogleInputMethodService.lambda$setDecorViewApplyWindowInsetsListener$9():997 update max height when insets changes
09-20 11:44:48.399 11853 11853 I GoogleInputMethodService: GoogleInputMethodService.onFinishInput():3160 
09-20 11:44:48.399 11853 11853 I GoogleInputMethodService: GoogleInputMethodService.onStartInput():1829 
09-20 11:44:48.413   669 21111 I sensors-hal: handle_indication_realtime:352,  SCHED_FIFO(10) for qmi_cbk
09-20 11:44:48.416  2565  2690 I WindowManager: Screen frozen for +222ms due to Window{10c8a25 u0 NavigationBar}
09-20 11:44:48.417   696  1379 D SurfaceFlinger: duplicate layer name: changing BlackSurface to BlackSurface#1
09-20 11:44:48.418   696  1651 D SurfaceFlinger: duplicate layer name: changing BlackSurface to BlackSurface#2
09-20 11:44:48.418   696  1379 D SurfaceFlinger: duplicate layer name: changing BlackSurface to BlackSurface#3
09-20 11:44:48.419   669 21107 I sensors-hal: handle_indication_realtime:352,  SCHED_FIFO(10) for qmi_cbk
09-20 11:44:48.466   696   696 I ConfigStore: android::hardware::configstore::V1_0::ISurfaceFlingerConfigs::hasHDRDisplay retrieved: 1
09-20 11:44:48.849   696   696 I chatty  : uid=1000(system) /system/bin/surfaceflinger identical 153 lines
09-20 11:44:48.850   696   696 I ConfigStore: android::hardware::configstore::V1_0::ISurfaceFlingerConfigs::hasHDRDisplay retrieved: 1
09-20 11:44:49.288 20595 20617 I chatty  : uid=10162(com.EpicGames.AndroidQuickStart) MainThread-UE4 expire 80 lines
09-20 11:44:49.344  3004  3004 E NetworkController.WifiSignalController: showVowifiIcon=false
09-20 11:44:49.349 20595 20620 I chatty  : uid=10162(com.EpicGames.AndroidQuickStart) MainThread-UE4 expire 1 line
09-20 11:44:49.349 20595 20617 I chatty  : uid=10162(com.EpicGames.AndroidQuickStart) MainThread-UE4 expire 19 lines
09-20 11:44:49.350 20595 20617 D UE4     : [2020.09.20-03.44.49:350][  0]LogRHI:   GL_OES_shader_image_atomic
09-20 11:44:49.350 20595 20617 D UE4     : [2020.09.20-03.44.49:350][  0]LogRHI:   GL_OES_sample_variables
09-20 11:44:49.350 20595 20617 D UE4     : [2020.09.20-03.44.49:350][  0]LogRHI:   GL_EXT_texture_border_clamp
09-20 11:44:49.350 20595 20617 D UE4     : [2020.09.20-03.44.49:350][  0]LogRHI:   GL_EXT_EGL_image_external_wrap_modes
09-20 11:44:49.350 20595 20617 D UE4     : [2020.09.20-03.44.49:350][  0]LogRHI:   GL_EXT_multisampled_render_to_texture
09-20 11:44:49.350 20595 20617 D UE4     : [2020.09.20-03.44.49:350][  0]LogRHI:   GL_EXT_multisampled_render_to_texture2
09-20 11:44:49.350 20595 20617 D UE4     : [2020.09.20-03.44.49:350][  0]LogRHI:   GL_OES_shader_multisample_interpolation
09-20 11:44:49.350 20595 20617 D UE4     : [2020.09.20-03.44.49:350][  0]LogRHI:   GL_EXT_texture_cube_map_array
09-20 11:44:49.350 20595 20617 D UE4     : [2020.09.20-03.44.49:350][  0]LogRHI:   GL_EXT_draw_buffers_indexed
09-20 11:44:49.350 20595 20617 D UE4     : [2020.09.20-03.44.49:350][  0]LogRHI:   GL_EXT_gpu_shader5
09-20 11:44:49.350 20595 20617 D UE4     : [2020.09.20-03.44.49:350][  0]LogRHI:   GL_EXT_robustness
09-20 11:44:49.350 20595 20617 D UE4     : [2020.09.20-03.44.49:350][  0]LogRHI:   GL_EXT_texture_buffer
09-20 11:44:49.350 20595 20617 D UE4     : [2020.09.20-03.44.49:350][  0]LogRHI:   GL_EXT_shader_framebuffer_fetch
09-20 11:44:49.350 20595 20617 D UE4     : [2020.09.20-03.44.49:350][  0]LogRHI:   GL_ARM_shader_framebuffer_fetch_depth_stencil
09-20 11:44:49.350 20595 20617 D UE4     : [2020.09.20-03.44.49:350][  0]LogRHI:   GL_OES_texture_storage_multisample_2d_array
09-20 11:44:49.350 20595 20617 D UE4     : [2020.09.20-03.44.49:350][  0]LogRHI:   GL_OES_sample_shading
09-20 11:44:49.350 20595 20617 D UE4     : [2020.09.20-03.44.49:350][  0]LogRHI:   GL_OES_get_program_binary
09-20 11:44:49.350 20595 20617 D UE4     : [2020.09.20-03.44.49:350][  0]LogRHI:   GL_EXT_debug_label
09-20 11:44:49.350 20595 20617 D UE4     : [2020.09.20-03.44.49:350][  0]LogRHI:   GL_KHR_blend_equation_advanced
09-20 11:44:49.350 20595 20617 D UE4     : [2020.09.20-03.44.49:350][  0]LogRHI:   GL_KHR_blend_equation_advanced_coherent
09-20 11:44:49.350 20595 20617 D UE4     : [2020.09.20-03.44.49:350][  0]LogRHI:   GL_QCOM_tiled_rendering
09-20 11:44:49.350 20595 20617 D UE4     : [2020.09.20-03.44.49:350][  0]LogRHI:   GL_ANDROID_extension_pack_es31a
09-20 11:44:49.350 20595 20617 D UE4     : [2020.09.20-03.44.49:350][  0]LogRHI:   GL_EXT_primitive_bounding_box
09-20 11:44:49.350 20595 20617 D UE4     : [2020.09.20-03.44.49:350][  0]LogRHI:   GL_OES_standard_derivatives
09-20 11:44:49.350 20595 20617 D UE4     : [2020.09.20-03.44.49:350][  0]LogRHI:   GL_OES_vertex_array_object
09-20 11:44:49.350 20595 20617 D UE4     : [2020.09.20-03.44.49:350][  0]LogRHI:   GL_EXT_disjoint_timer_query
09-20 11:44:49.350 20595 20617 D UE4     : [2020.09.20-03.44.49:350][  0]LogRHI:   GL_KHR_debug
09-20 11:44:49.350 20595 20617 D UE4     : [2020.09.20-03.44.49:350][  0]LogRHI:   GL_EXT_YUV_target
09-20 11:44:49.350 20595 20617 D UE4     : [2020.09.20-03.44.49:350][  0]LogRHI:   GL_EXT_sRGB_write_control
09-20 11:44:49.350 20595 20617 D UE4     : [2020.09.20-03.44.49:350][  0]LogRHI:   GL_EXT_texture_norm16
09-20 11:44:49.351 20595 20617 D UE4     : [2020.09.20-03.44.49:351][  0]LogRHI:   GL_EXT_discard_framebuffer
09-20 11:44:49.351 20595 20617 D UE4     : [2020.09.20-03.44.49:351][  0]LogRHI:   GL_OES_surfaceless_context
09-20 11:44:49.351 20595 20617 D UE4     : [2020.09.20-03.44.49:351][  0]LogRHI:   GL_OVR_multiview
09-20 11:44:49.351 20595 20617 D UE4     : [2020.09.20-03.44.49:351][  0]LogRHI:   GL_OVR_multiview2
09-20 11:44:49.351 20595 20617 D UE4     : [2020.09.20-03.44.49:351][  0]LogRHI:   GL_EXT_texture_sRGB_R8
09-20 11:44:49.351 20595 20617 D UE4     : [2020.09.20-03.44.49:351][  0]LogRHI:   GL_KHR_no_error
09-20 11:44:49.351 20595 20617 D UE4     : [2020.09.20-03.44.49:351][  0]LogRHI:   GL_EXT_debug_marker
09-20 11:44:49.351 20595 20617 D UE4     : [2020.09.20-03.44.49:351][  0]LogRHI:   GL_OES_EGL_image_external_essl3
09-20 11:44:49.351 20595 20617 D UE4     : [2020.09.20-03.44.49:351][  0]LogRHI:   GL_OVR_multiview_multisampled_render_to_texture
09-20 11:44:49.351 20595 20617 D UE4     : [2020.09.20-03.44.49:351][  0]LogRHI:   GL_EXT_buffer_storage
09-20 11:44:49.351 20595 20617 D UE4     : [2020.09.20-03.44.49:351][  0]LogRHI:   GL_EXT_external_buffer
09-20 11:44:49.351 20595 20617 D UE4     : [2020.09.20-03.44.49:351][  0]LogRHI:   GL_EXT_blit_framebuffer_params
09-20 11:44:49.351 20595 20617 D UE4     : [2020.09.20-03.44.49:351][  0]LogRHI:   GL_EXT_clip_cull_distance
09-20 11:44:49.351 20595 20617 D UE4     : [2020.09.20-03.44.49:351][  0]LogRHI:   GL_EXT_protected_textures
09-20 11:44:49.351 20595 20617 D UE4     : [2020.09.20-03.44.49:351][  0]LogRHI:   GL_EXT_shader_non_constant_global_initializers
09-20 11:44:49.351 20595 20617 D UE4     : [2020.09.20-03.44.49:351][  0]LogRHI:   GL_QCOM_texture_foveated
09-20 11:44:49.351 20595 20617 D UE4     : [2020.09.20-03.44.49:351][  0]LogRHI:   GL_QCOM_shader_framebuffer_fetch_noncoherent
09-20 11:44:49.351 20595 20617 D UE4     : [2020.09.20-03.44.49:351][  0]LogRHI:   GL_EXT_memory_object
09-20 11:44:49.351 20595 20617 D UE4     : [2020.09.20-03.44.49:351][  0]LogRHI:   GL_EXT_memory_object_fd
09-20 11:44:49.351 20595 20617 D UE4     : [2020.09.20-03.44.49:351][  0]LogRHI:   GL_EXT_EGL_image_array
09-20 11:44:49.351 20595 20617 D UE4     : [2020.09.20-03.44.49:351][  0]LogRHI:   GL_NV_shader_noperspective_interpolation
09-20 11:44:49.351 20595 20617 D UE4     : [2020.09.20-03.44.49:351][  0]LogRHI:   GL_KHR_robust_buffer_access_behavior
09-20 11:44:49.351 20595 20617 D UE4     : [2020.09.20-03.44.49:351][  0]LogRHI:   GL_EXT_EGL_image_storage
09-20 11:44:49.351 20595 20617 D UE4     : [2020.09.20-03.44.49:351][  0]LogRHI:   GL_EXT_blend_func_extended
09-20 11:44:49.351 20595 20617 D UE4     : [2020.09.20-03.44.49:351][  0]LogRHI:   GL_EXT_clip_control
09-20 11:44:49.351 20595 20617 D UE4     : [2020.09.20-03.44.49:351][  0]LogRHI:   GL_MAX_VERTEX_ATTRIBS: 32
09-20 11:44:49.351 20595 20617 D UE4     : [2020.09.20-03.44.49:351][  0]LogRHI:   GL_MAX_VARYING_VECTORS: 31
09-20 11:44:49.351 20595 20617 D UE4     : [2020.09.20-03.44.49:351][  0]LogRHI:   GL_MAX_VERTEX_UNIFORM_VECTORS: 256
09-20 11:44:49.351 20595 20617 D UE4     : [2020.09.20-03.44.49:351][  0]LogRHI:   GL_MAX_FRAGMENT_UNIFORM_VECTORS: 256
09-20 11:44:49.352 20595 20617 D UE4     : [2020.09.20-03.44.49:352][  0]LogRHI: Fragment shader lowp precision: 10
09-20 11:44:49.352 20595 20617 D UE4     : [2020.09.20-03.44.49:352][  0]LogRHI: Fragment shader mediump precision: 10
09-20 11:44:49.352 20595 20617 D UE4     : [2020.09.20-03.44.49:352][  0]LogRHI: Fragment shader highp precision: 23
09-20 11:44:49.352 20595 20617 D UE4     : [2020.09.20-03.44.49:352][  0]LogRHI: Support for 4x MSAA detected
09-20 11:44:49.352 20595 20617 D UE4     : [2020.09.20-03.44.49:352][  0]LogRHI: Image external enabled: ImageExternalESSL300
09-20 11:44:49.353 20595 20617 D UE4     : [2020.09.20-03.44.49:353][  0]LogRHI: Device supports mobile multi-view.
09-20 11:44:49.353 20595 20617 D UE4     : [2020.09.20-03.44.49:353][  0]LogRHI: Using QCOM_shader_framebuffer_fetch_noncoherent
09-20 11:44:49.353 20595 20617 D UE4     : [2020.09.20-03.44.49:353][  0]LogRHI:   GL_MAX_TEXTURE_SIZE: 16384
09-20 11:44:49.353 20595 20617 D UE4     : [2020.09.20-03.44.49:353][  0]LogRHI:   GL_MAX_TEXTURE_BUFFER_SIZE: 134217728
09-20 11:44:49.353 20595 20617 D UE4     : [2020.09.20-03.44.49:353][  0]LogRHI:   GL_MAX_CUBE_MAP_TEXTURE_SIZE: 16384
09-20 11:44:49.353 20595 20617 D UE4     : [2020.09.20-03.44.49:353][  0]LogRHI:   GL_MAX_ARRAY_TEXTURE_LAYERS: 2048
09-20 11:44:49.353 20595 20617 D UE4     : [2020.09.20-03.44.49:353][  0]LogRHI:   GL_MAX_RENDERBUFFER_SIZE: 16384
09-20 11:44:49.353 20595 20617 D UE4     : [2020.09.20-03.44.49:353][  0]LogRHI:   GL_MAX_TEXTURE_IMAGE_UNITS: 16
09-20 11:44:49.353 20595 20617 D UE4     : [2020.09.20-03.44.49:353][  0]LogRHI:   GL_MAX_DRAW_BUFFERS: 8
09-20 11:44:49.353 20595 20617 D UE4     : [2020.09.20-03.44.49:353][  0]LogRHI:   GL_MAX_COLOR_ATTACHMENTS: 1
09-20 11:44:49.353 20595 20617 D UE4     : [2020.09.20-03.44.49:353][  0]LogRHI:   GL_MAX_SAMPLES: 1
09-20 11:44:49.354 20595 20617 D UE4     : [2020.09.20-03.44.49:353][  0]LogRHI:   GL_MAX_COLOR_TEXTURE_SAMPLES: 1
09-20 11:44:49.354 20595 20617 D UE4     : [2020.09.20-03.44.49:354][  0]LogRHI:   GL_MAX_DEPTH_TEXTURE_SAMPLES: 1
09-20 11:44:49.354 20595 20617 D UE4     : [2020.09.20-03.44.49:354][  0]LogRHI:   GL_MAX_INTEGER_SAMPLES: 1
09-20 11:44:49.354 20595 20617 D UE4     : [2020.09.20-03.44.49:354][  0]LogRHI:   GL_MAX_COMBINED_TEXTURE_IMAGE_UNITS: 96
09-20 11:44:49.354 20595 20617 D UE4     : [2020.09.20-03.44.49:354][  0]LogRHI:   GL_MAX_VERTEX_ATTRIBS: 32
09-20 11:44:49.354 20595 20617 D UE4     : [2020.09.20-03.44.49:354][  0]LogRHI:   GL_MAX_TEXTURE_MAX_ANISOTROPY_EXT: 16
09-20 11:44:49.354 20595 20617 D UE4     : [2020.09.20-03.44.49:354][  0]LogRHI: OpenGL MajorVersion = 2, MinorVersion = 0, ShaderPlatform = GLSL_ES3_1_ANDROID, FeatureLevel = ES3_1
09-20 11:44:49.354 20595 20617 D UE4     : [2020.09.20-03.44.49:354][  0]LogRHI: PLATFORM_ANDROID
09-20 11:44:49.354 20595 20617 D UE4     : [2020.09.20-03.44.49:354][  0]LogAndroid: Unlocking android HW window during preinit.
09-20 11:44:49.354 20595 20617 D UE4     : [2020.09.20-03.44.49:354][  0]LogRHI: Enabling program binary cache as /storage/emulated/0/Android/data/com.EpicGames.AndroidQuickStart/files/ProgramBinaryCache/GLSL_ES3_1_ANDROID_E330A6F2C6664C7B8B49660A11931669CF7D66AF
09-20 11:44:49.354 20595 20617 D UE4     : [2020.09.20-03.44.49:354][  0]LogRHI: FOpenGLProgramBinaryCache will be initialized when ShaderPipelineCache opens its file
09-20 11:44:49.354 20595 20617 D UE4     : [2020.09.20-03.44.49:354][  0]LogRHI: Texture pool is 1000 MB (of 0 MB total graphics mem)
09-20 11:44:49.367 20595 20617 D UE4     : [2020.09.20-03.44.49:367][  0]LogMaterial: Verifying Global Shaders for GLSL_ES3_1_ANDROID
09-20 11:44:49.372  3004  3134 E NetworkController.WifiSignalController: showVowifiIcon=false
09-20 11:44:49.375 20415 20468 I CarrierServices: [9285] cpo.onConnectivityChange: FiST: Wifi connectivity status true
09-20 11:44:49.382 20415 20515 I CarrierServices: [9312] cxn.c: (PEv2-SM): DisabledState: event Connectivity event [null]
09-20 11:44:49.383 20415 20468 I CarrierServices: [9285] cqh.d: Connected state: [1], networkType: [WIFI]
09-20 11:44:49.385 20415 20525 I CarrierServices: [9318] dda.d: RCS Configuration storage in Bugle is disabled by p/h flag, using ProvisioningEngineStateCacheUtil.getProvisioningConfigurationForGivenSim()
09-20 11:44:49.398 20595 20617 D UE4     : [2020.09.20-03.44.49:398][  0]LogSlate: Using FreeType 2.10.0
09-20 11:44:49.399 20595 20617 D UE4     : [2020.09.20-03.44.49:399][  0]LogSlate: SlateFontServices - WITH_FREETYPE: 1, WITH_HARFBUZZ: 1
09-20 11:44:49.454   674  3343 I WifiHAL : event received NL80211_CMD_VENDOR, vendor_id = 0x1374, subcmd = 0xd
09-20 11:44:49.467 20595 20617 D UE4     : [2020.09.20-03.44.49:466][  0]LogInit: Using OS detected language (zh-HK).
09-20 11:44:49.467 20595 20617 D UE4     : [2020.09.20-03.44.49:467][  0]LogInit: Using OS detected locale (zh-HK).
09-20 11:44:49.467 20595 20617 D UE4     : [2020.09.20-03.44.49:467][  0]LogTextLocalizationManager: No localization for 'zh-HK' exists, so 'en' will be used for the language.
09-20 11:44:49.467 20595 20617 D UE4     : [2020.09.20-03.44.49:467][  0]LogTextLocalizationManager: No localization for 'zh-HK' exists, so 'en' will be used for the locale.
09-20 11:44:49.467 20595 20617 D UE4     : [2020.09.20-03.44.49:467][  0]LogTextLocalizationManager: Compacting localization data took   0.03ms
09-20 11:44:49.473 20595 20617 D UE4     : [2020.09.20-03.44.49:473][  0]LogAssetRegistry: FAssetRegistry took 0.0052 seconds to start up
09-20 11:44:49.475 20595 21162 D UE4     : [2020.09.20-03.44.49:475][  0]LogRHI: AndroidEGL:SwapBuffers eglGetCompositorTimingANDROID EGL_COMPOSITE_DEADLINE_ANDROID=170790188831874, EGL_COMPOSITE_INTERVAL_ANDROID=11054750, EGL_COMPOSITE_TO_PRESENT_LATENCY_ANDROID=10054750
09-20 11:44:49.476 20595 21162 D UE4     : [2020.09.20-03.44.49:476][  0]LogRHI: JNI Display getPresentationDeadlineNanos=11111111 getAppVsyncOffsetNanos=3300000 getRefreshRate=90.000000
09-20 11:44:49.476 20595 21162 D UE4     : [2020.09.20-03.44.49:476][  0]LogRHI: Final display timing metrics: DriverRefreshRate=90.4589  DriverRefreshNanos=11054750  DriverDeadlineNanos=10111111  DriverAppVsyncOffsetNanos=3300000
09-20 11:44:49.477 20595 21162 D UE4     : [2020.09.20-03.44.49:477][  0]LogRHI: AndroidEGL:SwapBuffers Min=0, Max=1, Request=1, ClosestDriver=2, SetDriver=1
09-20 11:44:49.477 20595 21162 D UE4     : [2020.09.20-03.44.49:477][  0]LogRHI: Display: Using niave method for frame pacing (possible with timestamps method)
09-20 11:44:49.509 23318 23318 E adbd    : failed to connect to socket 'tcp:6666': Connection refused
09-20 11:44:49.510 23318 23318 E adbd    : failed to connect to socket 'tcp:6666': Connection refused
09-20 11:44:49.692 20595 20617 D UE4     : [2020.09.20-03.44.49:692][  0]LogStreaming: Display: Flushing async loaders.
09-20 11:44:49.693 20595 20617 D UE4     : [2020.09.20-03.44.49:693][  0]LogPackageLocalizationCache: Processed 8 localized package path(s) for 1 prioritized culture(s) in 0.000103 seconds
09-20 11:44:49.720 16601 16601 I Finsky  : [2] yok.a(22): SCH: Device state change from DeviceState{currentTime=1600573196698, isCharging=true, isIdle=true, netAny=true, netNotRoaming=true, netUnmetered=true, batteryPercent=51.0} to DeviceState{currentTime=1600573489715, isCharging=true, isIdle=false, netAny=true, netNotRoaming=true, netUnmetered=true, batteryPercent=51.0} for job: 3-2422
09-20 11:44:49.720 16601 16601 I Finsky  : [2] yol.a(24): SCH: jobStopped: 3-2422. TimeElapsed: 292954ms. EventType: 2535
09-20 11:44:49.721 16601 16601 I Finsky  : [2] gym.d(1): unbinding for 173451119
09-20 11:44:49.722 16601 16601 I Finsky  : [2] gym.d(1): unbinding for 73238789
09-20 11:44:49.722 16601 16601 I Finsky  : [2] yol.a(13): SCH: jobFinished: 3-2422. TimeElapsed: 292956ms.
09-20 11:44:49.723 16601 16601 I Finsky  : [2] yok.a(22): SCH: Device state change from DeviceState{currentTime=1600573196698, isCharging=true, isIdle=true, netAny=true, netNotRoaming=true, netUnmetered=true, batteryPercent=51.0} to DeviceState{currentTime=1600573489715, isCharging=true, isIdle=false, netAny=true, netNotRoaming=true, netUnmetered=true, batteryPercent=51.0} for job: 3-2424
09-20 11:44:49.725 16601 16698 I Finsky  : [1513] odt.b(64): IQ: Skipping as there are active installs running. Active installs=[com.google.android.googlequicksearchbox]
09-20 11:44:49.726 16601 21167 I Finsky  : [1627] gxu.b(5): Removing listener for user UserHandle{0} and listener 90589791
09-20 11:44:49.731 20595 20617 D UE4     : [2020.09.20-03.44.49:731][  0]LogNetVersion: FYP 1.0.0, NetCL: 10570792, EngineNetVer: 13, GameNetVer: 0 (Checksum: 3671261973)
09-20 11:44:49.738 16601 21168 I Finsky  : [1628] gxu.b(5): Removing listener for user UserHandle{0} and listener 28032373
09-20 11:44:49.789 16601 16601 I Finsky  : [2] ypm.a(5): SCH: Jobs in database: 1-1337 3-2422 3-2423 26-1414141414 
09-20 11:44:49.789 16601 16601 I Finsky  : [2] yny.a(77): SCH: ConstraintMapping: 1-1337,  -> L: 21644948ms, D: 64844948ms, C: false, I: false, N: 1
09-20 11:44:49.790 16601 16601 I Finsky  : [2] yny.a(77): SCH: ConstraintMapping: 3-2423,  -> L: 6602168ms, D: 85802168ms, C: false, I: true, N: 2
09-20 11:44:49.790 16601 16601 I Finsky  : [2] yny.a(77): SCH: ConstraintMapping: 3-2422,  -> L: 0ms, D: 85772646ms, C: true, I: true, N: 2
09-20 11:44:49.790 16601 16601 I Finsky  : [2] yny.a(77): SCH: ConstraintMapping: 26-1414141414,  -> L: 34408882ms, D: 35308882ms, C: false, I: false, N: 0
09-20 11:44:49.797 16601 16601 I Finsky  : [2] yny.a(36): SCH: Cancelling existing jobscheduler jobs: 9003 9000 
09-20 11:44:49.797 16601 16601 I Finsky  : [2] yny.a(29): SCH: Scheduling job Id: 9002, L: 21644948, D: 64844948, C: false, I: false, N: 1
09-20 11:44:49.798 16601 16601 I Finsky  : [2] yny.a(29): SCH: Scheduling job Id: 9004, L: 6602168, D: 85802168, C: false, I: true, N: 2
09-20 11:44:49.799 16601 16601 I Finsky  : [2] yny.a(12): SCH: Throttling wakeup for job 9005 (expected to run in 0 ms) due to recent wakeup
09-20 11:44:49.799 16601 16601 I Finsky  : [2] yny.a(29): SCH: Scheduling job Id: 9005, L: 30000, D: 85772646, C: true, I: true, N: 2
09-20 11:44:49.801 16601 16601 I Finsky  : [2] yny.a(29): SCH: Scheduling job Id: 9006, L: 34408882, D: 35308882, C: false, I: false, N: 0
09-20 11:44:49.856 20595 20617 D UE4     : [2020.09.20-03.44.49:856][  0]LogAudioCaptureCore: Display: No Audio Capture implementations found. Audio input will be silent.
09-20 11:44:49.856 20595 20617 D UE4     : [2020.09.20-03.44.49:856][  0]LogAudioCaptureCore: Display: No Audio Capture implementations found. Audio input will be silent.
09-20 11:44:49.975 20595 20617 D UE4     : [2020.09.20-03.44.49:974][  0]LogMoviePlayer: Initializing movie player
09-20 11:44:49.975 20595 20617 D UE4     : [2020.09.20-03.44.49:975][  0]LogTcpMessaging: Initializing TcpMessaging bridge, listening on 127.0.0.1:6666
09-20 11:44:50.108 20595 20617 D UE4     : [2020.09.20-03.44.50:108][  0]LogUdpMessaging: Initializing bridge on interface 0.0.0.0:0 to multicast group 230.0.0.1:6666.
09-20 11:44:50.116 20595 20617 D UE4     : [2020.09.20-03.44.50:116][  0]LogAndroidPermission: UAndroidPermissionCallbackProxy::GetInstance
09-20 11:44:50.117 20595 20617 D UE4     : [2020.09.20-03.44.50:117][  0]LogOcInput: OculusInput pre-init called
09-20 11:44:50.155 20595 20617 D UE4     : [2020.09.20-03.44.50:155][  0]LogUObjectArray: 41432 objects as part of root set at end of initial load.
09-20 11:44:50.155 20595 20617 D UE4     : [2020.09.20-03.44.50:155][  0]LogUObjectArray: 2 objects are not in the root set, but can never be destroyed because they are in the DisregardForGC set.
09-20 11:44:50.155 20595 20617 D UE4     : [2020.09.20-03.44.50:155][  0]LogUObjectAllocator: 4552996 out of 0 bytes used by permanent object pool.
09-20 11:44:50.155 20595 20617 D UE4     : [2020.09.20-03.44.50:155][  0]LogUObjectArray: CloseDisregardForGC: 41432/41432 objects in disregard for GC pool
09-20 11:44:50.171 20595 20617 D UE4     : [2020.09.20-03.44.50:171][  0]LogAndroid: Display: Passed PreInit()
09-20 11:44:50.172 20595 20617 D UE4     : [2020.09.20-03.44.50:172][  0]LogEngine: Initializing Engine...
09-20 11:44:50.176 20595 20617 D UE4     : [2020.09.20-03.44.50:176][  0]LogStats: UGameplayTagsManager::InitializeManager -  0.000 s
09-20 11:44:50.265 20595 20617 D UE4     : [2020.09.20-03.44.50:265][  0]LogInit: Initializing FReadOnlyCVARCache
09-20 11:44:50.266 20595 20617 D UE4     : [GameActivity] [JAVA] audiomanager.framesPerBuffer = 144
09-20 11:44:50.266 20595 20617 D UE4     : [2020.09.20-03.44.50:266][  0]LogAudioMixer: Display: Audio Mixer Platform Settings:
09-20 11:44:50.266 20595 20617 D UE4     : [2020.09.20-03.44.50:266][  0]LogAudioMixer: Display: 	Sample Rate:						  48000
09-20 11:44:50.266 20595 20617 D UE4     : [2020.09.20-03.44.50:266][  0]LogAudioMixer: Display: 	Callback Buffer Frame Size Requested: 1152
09-20 11:44:50.266 20595 20617 D UE4     : [2020.09.20-03.44.50:266][  0]LogAudioMixer: Display: 	Callback Buffer Frame Size To Use:	  1152
09-20 11:44:50.266 20595 20617 D UE4     : [2020.09.20-03.44.50:266][  0]LogAudioMixer: Display: 	Number of buffers to queue:			  2
09-20 11:44:50.266 20595 20617 D UE4     : [2020.09.20-03.44.50:266][  0]LogAudioMixer: Display: 	Max Channels (voices):				  32
09-20 11:44:50.266 20595 20617 D UE4     : [2020.09.20-03.44.50:266][  0]LogAudioMixer: Display: 	Number of Async Source Workers:		  0
09-20 11:44:50.266 20595 20617 D UE4     : [2020.09.20-03.44.50:266][  0]LogAudio: Display: AudioDevice MaxSources: 32
09-20 11:44:50.266 20595 20617 D UE4     : [2020.09.20-03.44.50:266][  0]LogAudio: Display: Using built-in audio occlusion.
09-20 11:44:50.266 20595 20617 D UE4     : [2020.09.20-03.44.50:266][  0]LogAudioMixer: Display: Initializing audio mixer.
09-20 11:44:50.268 20595 20617 D UE4     : [GameActivity] [JAVA] audiomanager.optimalSampleRate = 48000
09-20 11:44:50.268 20595 20617 D UE4     : [GameActivity] [JAVA] audiomanager.framesPerBuffer = 144
09-20 11:44:50.268 20595 20617 D         : PlayerBase::PlayerBase()
09-20 11:44:50.268 20595 20617 D         : TrackPlayerBase::TrackPlayerBase()
09-20 11:44:50.268 20595 20617 I libOpenSLES: Emulating old channel mask behavior (ignoring positional mask 0x3, using default mask 0x3 based on channel count of 2)
09-20 11:44:50.269   694 20173 D AudioFlinger: Client defaulted notificationFrames to 144 for frameCount 144
09-20 11:44:50.271 20595 20617 I AudioTrack: AUDIO_OUTPUT_FLAG_FAST successful; frameCount 0 -> 144
09-20 11:44:50.272 20595 20617 D UE4     : [2020.09.20-03.44.50:272][  0]LogAudioMixer: Display: Using Audio Device Android Audio Device
09-20 11:44:50.278   654   654 W AshmemAllocator: ashmem_create_region(6912) returning hidl_memory(0x760722c100, 6912)
09-20 11:44:50.279   654   654 W AshmemAllocator: ashmem_create_region(6912) returning hidl_memory(0x760722c100, 6912)
09-20 11:44:50.280   653  4743 D audio_hw_primary: out_set_parameters: enter: usecase(12: audio-ull-playback) kvpairs: routing=2
09-20 11:44:50.282 20595 20617 D UE4     : [2020.09.20-03.44.50:282][  0]LogInit: FAudioDevice initialized.
09-20 11:44:50.282   653 24762 D audio_hw_primary: start_output_stream: enter: stream(0xec686000)usecase(12: audio-ull-playback) devices(0x2)
09-20 11:44:50.283   653 24762 D audio_hw_primary: select_devices for use case (audio-ull-playback)
09-20 11:44:50.283   653 24762 D audio_hw_primary: select_devices: out_snd_device(2: speaker) in_snd_device(0: )
09-20 11:44:50.283   653 24762 I msm8974_platform: platform_check_and_set_codec_backend_cfg:becf: afe: bitwidth 16, samplerate 48000 channels 2, backend_idx 0 usecase = 12 device (speaker)
09-20 11:44:50.283   653 24762 D msm8974_platform: platform_split_snd_device: snd_device(2) num devices(1) new_snd_devices(0)
09-20 11:44:50.283   653 24762 I msm8974_platform: platform_check_and_set_codec_backend_cfg: new_snd_devices[0] is 2
09-20 11:44:50.283   653 24762 I msm8974_platform: platform_check_codec_backend_cfg:becf: afe: bitwidth 16, samplerate 48000 channels 2, backend_idx 0 usecase = 12 device (speaker)
09-20 11:44:50.283   653 24762 D msm8974_platform: platform_check_codec_backend_cfg:becf: afe: playback on codec device not supporting native playback set default Sample Rate(48k)
09-20 11:44:50.283   653 24762 I msm8974_platform: platform_check_codec_backend_cfg:becf: afe: Codec selected backend: 0 updated bit width: 16 and sample rate: 48000
09-20 11:44:50.283   653 24762 D audio_hw_primary: check_usecases_codec_backend:becf: force routing 0
